Component: Arm Compiler for Embedded 6.22 Tool: armlink [5ee90200]

==============================================================================

Section Cross References

    main.o(.text.main) refers to main.o(.text.SYSTICK_voidInit) for SYSTICK_voidInit
    main.o(.text.main) refers to main.o(.text.GPIO_voidInit) for GPIO_voidInit
    main.o(.text.main) refers to main.o(.text.I2C_voidInit) for I2C_voidInit
    main.o(.text.main) refers to ssd1306.o(.text.SSD1306_Init) for SSD1306_Init
    main.o(.text.main) refers to ssd1306.o(.text.SSD1306_Clear) for SSD1306_Clear
    main.o(.text.main) refers to ssd1306.o(.text.SSD1306_GotoXY) for SSD1306_GotoXY
    main.o(.text.main) refers to ssd1306.o(.text.SSD1306_Puts) for SSD1306_Puts
    main.o(.text.main) refers to ssd1306.o(.text.SSD1306_UpdateScreen) for SSD1306_UpdateScreen
    main.o(.text.main) refers to py32f0xx_hal_gpio.o(.text.HAL_GPIO_TogglePin) for HAL_GPIO_TogglePin
    main.o(.text.main) refers to py32f0xx_hal.o(.text.HAL_Delay) for HAL_Delay
    main.o(.text.main) refers to main.o(.rodata.str1.1) for [Anonymous Symbol]
    main.o(.text.main) refers to fonts.o(.data.Font_11x18) for Font_11x18
    main.o(.ARM.exidx.text.main) refers to main.o(.text.main) for [Anonymous Symbol]
    main.o(.text.SYSTICK_voidInit) refers to py32f0xx_hal.o(.text.HAL_InitTick) for HAL_InitTick
    main.o(.ARM.exidx.text.SYSTICK_voidInit) refers to main.o(.text.SYSTICK_voidInit) for [Anonymous Symbol]
    main.o(.text.GPIO_voidInit) refers to py32f0xx_hal_gpio.o(.text.HAL_GPIO_Init) for HAL_GPIO_Init
    main.o(.ARM.exidx.text.GPIO_voidInit) refers to main.o(.text.GPIO_voidInit) for [Anonymous Symbol]
    main.o(.text.I2C_voidInit) refers to py32f0xx_hal_i2c.o(.text.HAL_I2C_Init) for HAL_I2C_Init
    main.o(.text.I2C_voidInit) refers to main.o(.bss.screen) for screen
    main.o(.ARM.exidx.text.I2C_voidInit) refers to main.o(.text.I2C_voidInit) for [Anonymous Symbol]
    main.o(.text.ADC_voidInit) refers to py32f0xx_hal_adc.o(.text.HAL_ADC_Init) for HAL_ADC_Init
    main.o(.text.ADC_voidInit) refers to main.o(.bss.sensor) for sensor
    main.o(.ARM.exidx.text.ADC_voidInit) refers to main.o(.text.ADC_voidInit) for [Anonymous Symbol]
    py32f0xx_hal_msp.o(.ARM.exidx.text.HAL_MspInit) refers to py32f0xx_hal_msp.o(.text.HAL_MspInit) for [Anonymous Symbol]
    py32f0xx_hal_msp.o(.text.HAL_I2C_MspInit) refers to py32f0xx_hal_gpio.o(.text.HAL_GPIO_Init) for HAL_GPIO_Init
    py32f0xx_hal_msp.o(.ARM.exidx.text.HAL_I2C_MspInit) refers to py32f0xx_hal_msp.o(.text.HAL_I2C_MspInit) for [Anonymous Symbol]
    py32f0xx_it.o(.ARM.exidx.text.NMI_Handler) refers to py32f0xx_it.o(.text.NMI_Handler) for [Anonymous Symbol]
    py32f0xx_it.o(.ARM.exidx.text.HardFault_Handler) refers to py32f0xx_it.o(.text.HardFault_Handler) for [Anonymous Symbol]
    py32f0xx_it.o(.ARM.exidx.text.SVC_Handler) refers to py32f0xx_it.o(.text.SVC_Handler) for [Anonymous Symbol]
    py32f0xx_it.o(.ARM.exidx.text.PendSV_Handler) refers to py32f0xx_it.o(.text.PendSV_Handler) for [Anonymous Symbol]
    py32f0xx_it.o(.text.SysTick_Handler) refers to py32f0xx_hal.o(.text.HAL_IncTick) for HAL_IncTick
    py32f0xx_it.o(.ARM.exidx.text.SysTick_Handler) refers to py32f0xx_it.o(.text.SysTick_Handler) for [Anonymous Symbol]
    fonts.o(.text.FONTS_GetStringSize) refers to strlen.o(.text) for strlen
    fonts.o(.ARM.exidx.text.FONTS_GetStringSize) refers to fonts.o(.text.FONTS_GetStringSize) for [Anonymous Symbol]
    fonts.o(.data.Font_6x8) refers to fonts.o(.rodata.Font6x8) for [Anonymous Symbol]
    fonts.o(.data.Font_7x10) refers to fonts.o(.rodata.Font7x10) for Font7x10
    fonts.o(.data.Font_11x18) refers to fonts.o(.rodata.Font11x18) for Font11x18
    fonts.o(.data.Font_16x26) refers to fonts.o(.rodata.Font16x26) for Font16x26
    ssd1306.o(.text.SSD1306_ScrollRight) refers to ssd1306.o(.text.ssd1306_I2C_Write) for ssd1306_I2C_Write
    ssd1306.o(.ARM.exidx.text.SSD1306_ScrollRight) refers to ssd1306.o(.text.SSD1306_ScrollRight) for [Anonymous Symbol]
    ssd1306.o(.text.ssd1306_I2C_Write) refers to py32f0xx_hal_i2c.o(.text.HAL_I2C_Master_Transmit) for HAL_I2C_Master_Transmit
    ssd1306.o(.text.ssd1306_I2C_Write) refers to main.o(.bss.screen) for screen
    ssd1306.o(.ARM.exidx.text.ssd1306_I2C_Write) refers to ssd1306.o(.text.ssd1306_I2C_Write) for [Anonymous Symbol]
    ssd1306.o(.text.SSD1306_ScrollLeft) refers to ssd1306.o(.text.ssd1306_I2C_Write) for ssd1306_I2C_Write
    ssd1306.o(.ARM.exidx.text.SSD1306_ScrollLeft) refers to ssd1306.o(.text.SSD1306_ScrollLeft) for [Anonymous Symbol]
    ssd1306.o(.text.SSD1306_Scrolldiagright) refers to ssd1306.o(.text.ssd1306_I2C_Write) for ssd1306_I2C_Write
    ssd1306.o(.ARM.exidx.text.SSD1306_Scrolldiagright) refers to ssd1306.o(.text.SSD1306_Scrolldiagright) for [Anonymous Symbol]
    ssd1306.o(.text.SSD1306_Scrolldiagleft) refers to ssd1306.o(.text.ssd1306_I2C_Write) for ssd1306_I2C_Write
[...]
    Removing py32f0xx_hal_adc.o(.ARM.exidx.text.HAL_ADC_PollForEvent), (8 bytes).
    Removing py32f0xx_hal_adc.o(.text.HAL_ADC_Start_IT), (224 bytes).
    Removing py32f0xx_hal_adc.o(.ARM.exidx.text.HAL_ADC_Start_IT), (8 bytes).
    Removing py32f0xx_hal_adc.o(.text.HAL_ADC_Stop_IT), (146 bytes).
    Removing py32f0xx_hal_adc.o(.ARM.exidx.text.HAL_ADC_Stop_IT), (8 bytes).
    Removing py32f0xx_hal_adc.o(.text.HAL_ADC_GetValue), (14 bytes).
    Removing py32f0xx_hal_adc.o(.ARM.exidx.text.HAL_ADC_GetValue), (8 bytes).
    Removing py32f0xx_hal_adc.o(.text.HAL_ADC_IRQHandler), (354 bytes).
    Removing py32f0xx_hal_adc.o(.ARM.exidx.text.HAL_ADC_IRQHandler), (8 bytes).
    Removing py32f0xx_hal_adc.o(.text.HAL_ADC_ConvCpltCallback), (8 bytes).
    Removing py32f0xx_hal_adc.o(.ARM.exidx.text.HAL_ADC_ConvCpltCallback), (8 bytes).
    Removing py32f0xx_hal_adc.o(.text.HAL_ADC_LevelOutOfWindowCallback), (8 bytes).
    Removing py32f0xx_hal_adc.o(.ARM.exidx.text.HAL_ADC_LevelOutOfWindowCallback), (8 bytes).
    Removing py32f0xx_hal_adc.o(.text.HAL_ADC_ErrorCallback), (8 bytes).
    Removing py32f0xx_hal_adc.o(.ARM.exidx.text.HAL_ADC_ErrorCallback), (8 bytes).
    Removing py32f0xx_hal_adc.o(.text.HAL_ADC_ConvHalfCpltCallback), (8 bytes).
    Removing py32f0xx_hal_adc.o(.ARM.exidx.text.HAL_ADC_ConvHalfCpltCallback), (8 bytes).
    Removing py32f0xx_hal_adc.o(.text.HAL_ADC_ConfigChannel), (560 bytes).
    Removing py32f0xx_hal_adc.o(.ARM.exidx.text.HAL_ADC_ConfigChannel), (8 bytes).
    Removing py32f0xx_hal_adc.o(.text.HAL_ADC_AnalogWDGConfig), (280 bytes).
    Removing py32f0xx_hal_adc.o(.ARM.exidx.text.HAL_ADC_AnalogWDGConfig), (8 bytes).
    Removing py32f0xx_hal_adc.o(.text.HAL_ADC_GetState), (12 bytes).
    Removing py32f0xx_hal_adc.o(.ARM.exidx.text.HAL_ADC_GetState), (8 bytes).
    Removing py32f0xx_hal_adc.o(.text.HAL_ADC_GetError), (12 bytes).
    Removing py32f0xx_hal_adc.o(.ARM.exidx.text.HAL_ADC_GetError), (8 bytes).
    Removing py32f0xx_hal_adc.o(.text.HAL_ADC_SetCalibration), (140 bytes).
    Removing py32f0xx_hal_adc.o(.ARM.exidx.text.HAL_ADC_SetCalibration), (8 bytes).
    Removing py32f0xx_hal_adc.o(.text.HAL_ADC_GetCalibStatus), (78 bytes).
    Removing py32f0xx_hal_adc.o(.ARM.exidx.text.HAL_ADC_GetCalibStatus), (8 bytes).
    Removing py32f0xx_hal_adc.o(.text.HAL_ADC_Calibration_Start), (226 bytes).
    Removing py32f0xx_hal_adc.o(.ARM.exidx.text.HAL_ADC_Calibration_Start), (8 bytes).
    Removing py32f0xx_hal_adc_ex.o(.text), (0 bytes).
    Removing py32f0xx_hal_comp.o(.text), (0 bytes).
    Removing py32f0xx_hal_cortex.o(.text), (0 bytes).
    Removing py32f0xx_hal_cortex.o(.ARM.exidx.text.HAL_NVIC_SetPriority), (8 bytes).
    Removing py32f0xx_hal_cortex.o(.ARM.exidx.text.__NVIC_SetPriority), (8 bytes).
    Removing py32f0xx_hal_cortex.o(.text.HAL_NVIC_EnableIRQ), (22 bytes).
    Removing py32f0xx_hal_cortex.o(.ARM.exidx.text.HAL_NVIC_EnableIRQ), (8 bytes).
    Removing py32f0xx_hal_cortex.o(.text.__NVIC_EnableIRQ), (44 bytes).
    Removing py32f0xx_hal_cortex.o(.ARM.exidx.text.__NVIC_EnableIRQ), (8 bytes).
    Removing py32f0xx_hal_cortex.o(.text.HAL_NVIC_DisableIRQ), (22 bytes).
    Removing py32f0xx_hal_cortex.o(.ARM.exidx.text.HAL_NVIC_DisableIRQ), (8 bytes).
    Removing py32f0xx_hal_cortex.o(.text.__NVIC_DisableIRQ), (52 bytes).
    Removing py32f0xx_hal_cortex.o(.ARM.exidx.text.__NVIC_DisableIRQ), (8 bytes).
    Removing py32f0xx_hal_cortex.o(.text.HAL_NVIC_SystemReset), (4 bytes).
    Removing py32f0xx_hal_cortex.o(.ARM.exidx.text.HAL_NVIC_SystemReset), (8 bytes).
    Removing py32f0xx_hal_cortex.o(.text.__NVIC_SystemReset), (28 bytes).
    Removing py32f0xx_hal_cortex.o(.ARM.exidx.text.__NVIC_SystemReset), (8 bytes).
    Removing py32f0xx_hal_cortex.o(.ARM.exidx.text.HAL_SYSTICK_Config), (8 bytes).
    Removing py32f0xx_hal_cortex.o(.ARM.exidx.text.SysTick_Config), (8 bytes).
    Removing py32f0xx_hal_cortex.o(.text.HAL_NVIC_GetPriority), (22 bytes).
    Removing py32f0xx_hal_cortex.o(.ARM.exidx.text.HAL_NVIC_GetPriority), (8 bytes).
    Removing py32f0xx_hal_cortex.o(.text.__NVIC_GetPriority), (96 bytes).
    Removing py32f0xx_hal_cortex.o(.ARM.exidx.text.__NVIC_GetPriority), (8 bytes).
    Removing py32f0xx_hal_cortex.o(.text.HAL_NVIC_SetPendingIRQ), (22 bytes).
    Removing py32f0xx_hal_cortex.o(.ARM.exidx.text.HAL_NVIC_SetPendingIRQ), (8 bytes).
    Removing py32f0xx_hal_cortex.o(.text.__NVIC_SetPendingIRQ), (44 bytes).
    Removing py32f0xx_hal_cortex.o(.ARM.exidx.text.__NVIC_SetPendingIRQ), (8 bytes).
    Removing py32f0xx_hal_cortex.o(.text.HAL_NVIC_GetPendingIRQ), (22 bytes).
    Removing py32f0xx_hal_cortex.o(.ARM.exidx.text.HAL_NVIC_GetPendingIRQ), (8 bytes).
    Removing py32f0xx_hal_cortex.o(.text.__NVIC_GetPendingIRQ), (56 bytes).
    Removing py32f0xx_hal_cortex.o(.ARM.exidx.text.__NVIC_GetPendingIRQ), (8 bytes).
    Removing py32f0xx_hal_cortex.o(.text.HAL_NVIC_ClearPendingIRQ), (22 bytes).
    Removing py32f0xx_hal_cortex.o(.ARM.exidx.text.HAL_NVIC_ClearPendingIRQ), (8 bytes).
    Removing py32f0xx_hal_cortex.o(.text.__NVIC_ClearPendingIRQ), (44 bytes).
    Removing py32f0xx_hal_cortex.o(.ARM.exidx.text.__NVIC_ClearPendingIRQ), (8 bytes).
    Removing py32f0xx_hal_cortex.o(.text.HAL_SYSTICK_CLKSourceConfig), (44 bytes).
    Removing py32f0xx_hal_cortex.o(.ARM.exidx.text.HAL_SYSTICK_CLKSourceConfig), (8 bytes).
    Removing py32f0xx_hal_cortex.o(.text.HAL_SYSTICK_IRQHandler), (8 bytes).
    Removing py32f0xx_hal_cortex.o(.ARM.exidx.text.HAL_SYSTICK_IRQHandler), (8 bytes).
    Removing py32f0xx_hal_cortex.o(.text.HAL_SYSTICK_Callback), (2 bytes).
    Removing py32f0xx_hal_cortex.o(.ARM.exidx.text.HAL_SYSTICK_Callback), (8 bytes).
    Removing py32f0xx_hal_crc.o(.text), (0 bytes).
    Removing py32f0xx_hal_exti.o(.text), (0 bytes).
    Removing py32f0xx_hal_gpio.o(.text), (0 bytes).
    Removing py32f0xx_hal_gpio.o(.ARM.exidx.text.HAL_GPIO_Init), (8 bytes).
    Removing py32f0xx_hal_gpio.o(.text.HAL_GPIO_DeInit), (332 bytes).
    Removing py32f0xx_hal_gpio.o(.ARM.exidx.text.HAL_GPIO_DeInit), (8 bytes).
    Removing py32f0xx_hal_gpio.o(.text.HAL_GPIO_ReadPin), (50 bytes).
    Removing py32f0xx_hal_gpio.o(.ARM.exidx.text.HAL_GPIO_ReadPin), (8 bytes).
    Removing py32f0xx_hal_gpio.o(.text.HAL_GPIO_WritePin), (44 bytes).
    Removing py32f0xx_hal_gpio.o(.ARM.exidx.text.HAL_GPIO_WritePin), (8 bytes).
    Removing py32f0xx_hal_gpio.o(.ARM.exidx.text.HAL_GPIO_TogglePin), (8 bytes).
    Removing py32f0xx_hal_gpio.o(.text.HAL_GPIO_LockPin), (84 bytes).
    Removing py32f0xx_hal_gpio.o(.ARM.exidx.text.HAL_GPIO_LockPin), (8 bytes).
    Removing py32f0xx_hal_gpio.o(.text.HAL_GPIO_EXTI_Callback), (10 bytes).
    Removing py32f0xx_hal_gpio.o(.ARM.exidx.text.HAL_GPIO_EXTI_Callback), (8 bytes).
    Removing py32f0xx_hal_gpio.o(.text.HAL_GPIO_EXTI_IRQHandler), (44 bytes).
    Removing py32f0xx_hal_gpio.o(.ARM.exidx.text.HAL_GPIO_EXTI_IRQHandler), (8 bytes).
    Removing py32f0xx_hal_i2c.o(.text), (0 bytes).
    Removing py32f0xx_hal_i2c.o(.ARM.exidx.text.HAL_I2C_Init), (8 bytes).
    Removing py32f0xx_hal_i2c.o(.text.HAL_I2C_MspInit), (8 bytes).
    Removing py32f0xx_hal_i2c.o(.ARM.exidx.text.HAL_I2C_MspInit), (8 bytes).
    Removing py32f0xx_hal_i2c.o(.text.HAL_I2C_DeInit), (100 bytes).
    Removing py32f0xx_hal_i2c.o(.ARM.exidx.text.HAL_I2C_DeInit), (8 bytes).
    Removing py32f0xx_hal_i2c.o(.text.HAL_I2C_MspDeInit), (8 bytes).
    Removing py32f0xx_hal_i2c.o(.ARM.exidx.text.HAL_I2C_MspDeInit), (8 bytes).
    Removing py32f0xx_hal_i2c.o(.ARM.exidx.text.HAL_I2C_Master_Transmit), (8 bytes).
    Removing py32f0xx_hal_i2c.o(.ARM.exidx.text.I2C_WaitOnFlagUntilTimeout), (8 bytes).
    Removing py32f0xx_hal_i2c.o(.ARM.exidx.text.I2C_MasterRequestWrite), (8 bytes).
    Removing py32f0xx_hal_i2c.o(.ARM.exidx.text.I2C_WaitOnTXEFlagUntilTimeout), (8 bytes).
    Removing py32f0xx_hal_i2c.o(.ARM.exidx.text.I2C_WaitOnBTFFlagUntilTimeout), (8 bytes).
    Removing py32f0xx_hal_i2c.o(.text.HAL_I2C_Master_Receive), (1076 bytes).
    Removing py32f0xx_hal_i2c.o(.ARM.exidx.text.HAL_I2C_Master_Receive), (8 bytes).
    Removing py32f0xx_hal_i2c.o(.text.I2C_MasterRequestRead), (204 bytes).
    Removing py32f0xx_hal_i2c.o(.ARM.exidx.text.I2C_MasterRequestRead), (8 bytes).
    Removing py32f0xx_hal_i2c.o(.text.I2C_WaitOnRXNEFlagUntilTimeout), (194 bytes).
    Removing py32f0xx_hal_i2c.o(.ARM.exidx.text.I2C_WaitOnRXNEFlagUntilTimeout), (8 bytes).
    Removing py32f0xx_hal_i2c.o(.text.HAL_I2C_Slave_Transmit), (512 bytes).
    Removing py32f0xx_hal_i2c.o(.ARM.exidx.text.HAL_I2C_Slave_Transmit), (8 bytes).
    Removing py32f0xx_hal_i2c.o(.text.HAL_I2C_Slave_Receive), (544 bytes).
    Removing py32f0xx_hal_i2c.o(.ARM.exidx.text.HAL_I2C_Slave_Receive), (8 bytes).
    Removing py32f0xx_hal_i2c.o(.text.I2C_WaitOnSTOPFlagUntilTimeout), (140 bytes).
    Removing py32f0xx_hal_i2c.o(.ARM.exidx.text.I2C_WaitOnSTOPFlagUntilTimeout), (8 bytes).
    Removing py32f0xx_hal_i2c.o(.text.HAL_I2C_Master_Transmit_IT), (348 bytes).
    Removing py32f0xx_hal_i2c.o(.ARM.exidx.text.HAL_I2C_Master_Transmit_IT), (8 bytes).
    Removing py32f0xx_hal_i2c.o(.text.HAL_I2C_Master_Receive_IT), (360 bytes).
    Removing py32f0xx_hal_i2c.o(.ARM.exidx.text.HAL_I2C_Master_Receive_IT), (8 bytes).
    Removing py32f0xx_hal_i2c.o(.text.HAL_I2C_Slave_Transmit_IT), (240 bytes).
    Removing py32f0xx_hal_i2c.o(.ARM.exidx.text.HAL_I2C_Slave_Transmit_IT), (8 bytes).
    Removing py32f0xx_hal_i2c.o(.text.HAL_I2C_Slave_Receive_IT), (240 bytes).
    Removing py32f0xx_hal_i2c.o(.ARM.exidx.text.HAL_I2C_Slave_Receive_IT), (8 bytes).
    Removing py32f0xx_hal_i2c.o(.text.HAL_I2C_Mem_Write), (532 bytes).
    Removing py32f0xx_hal_i2c.o(.ARM.exidx.text.HAL_I2C_Mem_Write), (8 bytes).
    Removing py32f0xx_hal_i2c.o(.text.I2C_RequestMemoryWrite), (332 bytes).
    Removing py32f0xx_hal_i2c.o(.ARM.exidx.text.I2C_RequestMemoryWrite), (8 bytes).
    Removing py32f0xx_hal_i2c.o(.text.HAL_I2C_Mem_Read), (1100 bytes).
    Removing py32f0xx_hal_i2c.o(.ARM.exidx.text.HAL_I2C_Mem_Read), (8 bytes).
    Removing py32f0xx_hal_i2c.o(.text.I2C_RequestMemoryRead), (448 bytes).
    Removing py32f0xx_hal_i2c.o(.ARM.exidx.text.I2C_RequestMemoryRead), (8 bytes).
    Removing py32f0xx_hal_i2c.o(.text.HAL_I2C_Mem_Write_IT), (380 bytes).
    Removing py32f0xx_hal_i2c.o(.ARM.exidx.text.HAL_I2C_Mem_Write_IT), (8 bytes).
    Removing py32f0xx_hal_i2c.o(.text.HAL_I2C_Mem_Read_IT), (404 bytes).
    Removing py32f0xx_hal_i2c.o(.ARM.exidx.text.HAL_I2C_Mem_Read_IT), (8 bytes).
    Removing py32f0xx_hal_i2c.o(.ARM.exidx.text.HAL_I2C_IsDeviceReady), (8 bytes).
    Removing py32f0xx_hal_i2c.o(.text.HAL_I2C_Master_Seq_Transmit_IT), (428 bytes).
    Removing py32f0xx_hal_i2c.o(.ARM.exidx.text.HAL_I2C_Master_Seq_Transmit_IT), (8 bytes).
    Removing py32f0xx_hal_i2c.o(.text.HAL_I2C_Master_Seq_Receive_IT), (536 bytes).
    Removing py32f0xx_hal_i2c.o(.ARM.exidx.text.HAL_I2C_Master_Seq_Receive_IT), (8 bytes).
    Removing py32f0xx_hal_i2c.o(.text.HAL_I2C_Slave_Seq_Transmit_IT), (256 bytes).
    Removing py32f0xx_hal_i2c.o(.ARM.exidx.text.HAL_I2C_Slave_Seq_Transmit_IT), (8 bytes).
    Removing py32f0xx_hal_i2c.o(.text.HAL_I2C_Slave_Seq_Receive_IT), (256 bytes).
    Removing py32f0xx_hal_i2c.o(.ARM.exidx.text.HAL_I2C_Slave_Seq_Receive_IT), (8 bytes).
    Removing py32f0xx_hal_i2c.o(.text.HAL_I2C_EnableListen_IT), (106 bytes).
    Removing py32f0xx_hal_i2c.o(.ARM.exidx.text.HAL_I2C_EnableListen_IT), (8 bytes).
    Removing py32f0xx_hal_i2c.o(.text.HAL_I2C_DisableListen_IT), (104 bytes).
    Removing py32f0xx_hal_i2c.o(.ARM.exidx.text.HAL_I2C_DisableListen_IT), (8 bytes).
    Removing py32f0xx_hal_i2c.o(.text.HAL_I2C_Master_Abort_IT), (156 bytes).
    Removing py32f0xx_hal_i2c.o(.ARM.exidx.text.HAL_I2C_Master_Abort_IT), (8 bytes).
    Removing py32f0xx_hal_i2c.o(.text.I2C_ITError), (340 bytes).
    Removing py32f0xx_hal_i2c.o(.ARM.exidx.text.I2C_ITError), (8 bytes).
    Removing py32f0xx_hal_i2c.o(.text.HAL_I2C_EV_IRQHandler), (830 bytes).
    Removing py32f0xx_hal_i2c.o(.ARM.exidx.text.HAL_I2C_EV_IRQHandler), (8 bytes).
    Removing py32f0xx_hal_i2c.o(.text.I2C_ConvertOtherXferOptions), (56 bytes).
    Removing py32f0xx_hal_i2c.o(.ARM.exidx.text.I2C_ConvertOtherXferOptions), (8 bytes).
    Removing py32f0xx_hal_i2c.o(.text.I2C_Master_SB), (114 bytes).
    Removing py32f0xx_hal_i2c.o(.ARM.exidx.text.I2C_Master_SB), (8 bytes).
    Removing py32f0xx_hal_i2c.o(.text.I2C_Master_ADD10), (20 bytes).
    Removing py32f0xx_hal_i2c.o(.ARM.exidx.text.I2C_Master_ADD10), (8 bytes).
    Removing py32f0xx_hal_i2c.o(.text.I2C_Master_ADDR), (616 bytes).
    Removing py32f0xx_hal_i2c.o(.ARM.exidx.text.I2C_Master_ADDR), (8 bytes).
    Removing py32f0xx_hal_i2c.o(.text.I2C_MasterTransmit_TXE), (516 bytes).
    Removing py32f0xx_hal_i2c.o(.ARM.exidx.text.I2C_MasterTransmit_TXE), (8 bytes).
    Removing py32f0xx_hal_i2c.o(.text.I2C_MasterTransmit_BTF), (232 bytes).
    Removing py32f0xx_hal_i2c.o(.ARM.exidx.text.I2C_MasterTransmit_BTF), (8 bytes).
    Removing py32f0xx_hal_i2c.o(.text.I2C_MasterReceive_RXNE), (244 bytes).
    Removing py32f0xx_hal_i2c.o(.ARM.exidx.text.I2C_MasterReceive_RXNE), (8 bytes).
    Removing py32f0xx_hal_i2c.o(.text.I2C_MasterReceive_BTF), (428 bytes).
    Removing py32f0xx_hal_i2c.o(.ARM.exidx.text.I2C_MasterReceive_BTF), (8 bytes).
    Removing py32f0xx_hal_i2c.o(.text.I2C_Slave_ADDR), (128 bytes).
    Removing py32f0xx_hal_i2c.o(.ARM.exidx.text.I2C_Slave_ADDR), (8 bytes).
    Removing py32f0xx_hal_i2c.o(.text.I2C_Slave_STOPF), (360 bytes).
    Removing py32f0xx_hal_i2c.o(.ARM.exidx.text.I2C_Slave_STOPF), (8 bytes).
    Removing py32f0xx_hal_i2c.o(.text.I2C_SlaveTransmit_TXE), (114 bytes).
    Removing py32f0xx_hal_i2c.o(.ARM.exidx.text.I2C_SlaveTransmit_TXE), (8 bytes).
    Removing py32f0xx_hal_i2c.o(.text.I2C_SlaveTransmit_BTF), (46 bytes).
    Removing py32f0xx_hal_i2c.o(.ARM.exidx.text.I2C_SlaveTransmit_BTF), (8 bytes).
    Removing py32f0xx_hal_i2c.o(.text.I2C_SlaveReceive_RXNE), (116 bytes).
    Removing py32f0xx_hal_i2c.o(.ARM.exidx.text.I2C_SlaveReceive_RXNE), (8 bytes).
    Removing py32f0xx_hal_i2c.o(.text.I2C_SlaveReceive_BTF), (48 bytes).
    Removing py32f0xx_hal_i2c.o(.ARM.exidx.text.I2C_SlaveReceive_BTF), (8 bytes).
    Removing py32f0xx_hal_i2c.o(.text.HAL_I2C_ER_IRQHandler), (388 bytes).
    Removing py32f0xx_hal_i2c.o(.ARM.exidx.text.HAL_I2C_ER_IRQHandler), (8 bytes).
    Removing py32f0xx_hal_i2c.o(.text.I2C_Slave_AF), (216 bytes).
    Removing py32f0xx_hal_i2c.o(.ARM.exidx.text.I2C_Slave_AF), (8 bytes).
    Removing py32f0xx_hal_i2c.o(.text.HAL_I2C_MasterTxCpltCallback), (8 bytes).
    Removing py32f0xx_hal_i2c.o(.ARM.exidx.text.HAL_I2C_MasterTxCpltCallback), (8 bytes).
    Removing py32f0xx_hal_i2c.o(.text.HAL_I2C_MasterRxCpltCallback), (8 bytes).
    Removing py32f0xx_hal_i2c.o(.ARM.exidx.text.HAL_I2C_MasterRxCpltCallback), (8 bytes).
    Removing py32f0xx_hal_i2c.o(.text.HAL_I2C_SlaveTxCpltCallback), (8 bytes).
    Removing py32f0xx_hal_i2c.o(.ARM.exidx.text.HAL_I2C_SlaveTxCpltCallback), (8 bytes).
    Removing py32f0xx_hal_i2c.o(.text.HAL_I2C_SlaveRxCpltCallback), (8 bytes).
    Removing py32f0xx_hal_i2c.o(.ARM.exidx.text.HAL_I2C_SlaveRxCpltCallback), (8 bytes).
    Removing py32f0xx_hal_i2c.o(.text.HAL_I2C_AddrCallback), (16 bytes).
    Removing py32f0xx_hal_i2c.o(.ARM.exidx.text.HAL_I2C_AddrCallback), (8 bytes).
    Removing py32f0xx_hal_i2c.o(.text.HAL_I2C_ListenCpltCallback), (8 bytes).
    Removing py32f0xx_hal_i2c.o(.ARM.exidx.text.HAL_I2C_ListenCpltCallback), (8 bytes).
    Removing py32f0xx_hal_i2c.o(.text.HAL_I2C_MemTxCpltCallback), (8 bytes).
    Removing py32f0xx_hal_i2c.o(.ARM.exidx.text.HAL_I2C_MemTxCpltCallback), (8 bytes).
    Removing py32f0xx_hal_i2c.o(.text.HAL_I2C_MemRxCpltCallback), (8 bytes).
    Removing py32f0xx_hal_i2c.o(.ARM.exidx.text.HAL_I2C_MemRxCpltCallback), (8 bytes).
    Removing py32f0xx_hal_i2c.o(.text.HAL_I2C_ErrorCallback), (8 bytes).
    Removing py32f0xx_hal_i2c.o(.ARM.exidx.text.HAL_I2C_ErrorCallback), (8 bytes).
    Removing py32f0xx_hal_i2c.o(.text.HAL_I2C_AbortCpltCallback), (8 bytes).
    Removing py32f0xx_hal_i2c.o(.ARM.exidx.text.HAL_I2C_AbortCpltCallback), (8 bytes).
    Removing py32f0xx_hal_i2c.o(.text.HAL_I2C_GetState), (14 bytes).
    Removing py32f0xx_hal_i2c.o(.ARM.exidx.text.HAL_I2C_GetState), (8 bytes).
    Removing py32f0xx_hal_i2c.o(.text.HAL_I2C_GetMode), (14 bytes).
    Removing py32f0xx_hal_i2c.o(.ARM.exidx.text.HAL_I2C_GetMode), (8 bytes).
    Removing py32f0xx_hal_i2c.o(.text.HAL_I2C_GetError), (12 bytes).
    Removing py32f0xx_hal_i2c.o(.ARM.exidx.text.HAL_I2C_GetError), (8 bytes).
    Removing py32f0xx_hal_i2c.o(.ARM.exidx.text.I2C_WaitOnMasterAddressFlagUntilTimeout), (8 bytes).
    Removing py32f0xx_hal_i2c.o(.ARM.exidx.text.I2C_IsAcknowledgeFailed), (8 bytes).
    Removing py32f0xx_hal_led.o(.text), (0 bytes).
    Removing py32f0xx_hal_pwr.o(.text), (0 bytes).
    Removing py32f0xx_hal_pwr.o(.text.HAL_PWR_DeInit), (24 bytes).
    Removing py32f0xx_hal_pwr.o(.ARM.exidx.text.HAL_PWR_DeInit), (8 bytes).
    Removing py32f0xx_hal_pwr.o(.text.HAL_PWR_EnableBkUpAccess), (20 bytes).
    Removing py32f0xx_hal_pwr.o(.ARM.exidx.text.HAL_PWR_EnableBkUpAccess), (8 bytes).
    Removing py32f0xx_hal_pwr.o(.text.HAL_PWR_DisableBkUpAccess), (20 bytes).
    Removing py32f0xx_hal_pwr.o(.ARM.exidx.text.HAL_PWR_DisableBkUpAccess), (8 bytes).
    Removing py32f0xx_hal_pwr.o(.text.HAL_PWR_ConfigStopMode), (48 bytes).
    Removing py32f0xx_hal_pwr.o(.ARM.exidx.text.HAL_PWR_ConfigStopMode), (8 bytes).
    Removing py32f0xx_hal_pwr.o(.text.HAL_PWR_ConfigBIAS), (68 bytes).
    Removing py32f0xx_hal_pwr.o(.ARM.exidx.text.HAL_PWR_ConfigBIAS), (8 bytes).
    Removing py32f0xx_hal_pwr.o(.text.HAL_PWR_EnterSLEEPMode), (48 bytes).
    Removing py32f0xx_hal_pwr.o(.ARM.exidx.text.HAL_PWR_EnterSLEEPMode), (8 bytes).
    Removing py32f0xx_hal_pwr.o(.text.HAL_PWR_EnterSTOPMode), (100 bytes).
    Removing py32f0xx_hal_pwr.o(.ARM.exidx.text.HAL_PWR_EnterSTOPMode), (8 bytes).
    Removing py32f0xx_hal_pwr.o(.text.HAL_PWR_EnableSleepOnExit), (16 bytes).
    Removing py32f0xx_hal_pwr.o(.ARM.exidx.text.HAL_PWR_EnableSleepOnExit), (8 bytes).
    Removing py32f0xx_hal_pwr.o(.text.HAL_PWR_DisableSleepOnExit), (16 bytes).
    Removing py32f0xx_hal_pwr.o(.ARM.exidx.text.HAL_PWR_DisableSleepOnExit), (8 bytes).
    Removing py32f0xx_hal_pwr.o(.text.HAL_PWR_EnableSEVOnPend), (16 bytes).
    Removing py32f0xx_hal_pwr.o(.ARM.exidx.text.HAL_PWR_EnableSEVOnPend), (8 bytes).
    Removing py32f0xx_hal_pwr.o(.text.HAL_PWR_DisableSEVOnPend), (16 bytes).
    Removing py32f0xx_hal_pwr.o(.ARM.exidx.text.HAL_PWR_DisableSEVOnPend), (8 bytes).
    Removing py32f0xx_hal_rcc.o(.text), (0 bytes).
    Removing py32f0xx_hal_rcc.o(.text.HAL_RCC_DeInit), (228 bytes).
    Removing py32f0xx_hal_rcc.o(.ARM.exidx.text.HAL_RCC_DeInit), (8 bytes).
    Removing py32f0xx_hal_rcc.o(.text.HAL_RCC_OscConfig), (932 bytes).
    Removing py32f0xx_hal_rcc.o(.ARM.exidx.text.HAL_RCC_OscConfig), (8 bytes).
    Removing py32f0xx_hal_rcc.o(.text.HAL_RCC_GetSysClockFreq), (168 bytes).
    Removing py32f0xx_hal_rcc.o(.ARM.exidx.text.HAL_RCC_GetSysClockFreq), (8 bytes).
    Removing py32f0xx_hal_rcc.o(.text.HAL_RCC_ClockConfig), (536 bytes).
    Removing py32f0xx_hal_rcc.o(.ARM.exidx.text.HAL_RCC_ClockConfig), (8 bytes).
    Removing py32f0xx_hal_rcc.o(.text.HAL_RCC_MCOConfig), (408 bytes).
    Removing py32f0xx_hal_rcc.o(.ARM.exidx.text.HAL_RCC_MCOConfig), (8 bytes).
    Removing py32f0xx_hal_rcc.o(.ARM.exidx.text.HAL_RCC_GetHCLKFreq), (8 bytes).
    Removing py32f0xx_hal_rcc.o(.ARM.exidx.text.HAL_RCC_GetPCLK1Freq), (8 bytes).
    Removing py32f0xx_hal_rcc.o(.text.HAL_RCC_GetOscConfig), (180 bytes).
    Removing py32f0xx_hal_rcc.o(.ARM.exidx.text.HAL_RCC_GetOscConfig), (8 bytes).
    Removing py32f0xx_hal_rcc.o(.text.HAL_RCC_GetClockConfig), (68 bytes).
    Removing py32f0xx_hal_rcc.o(.ARM.exidx.text.HAL_RCC_GetClockConfig), (8 bytes).
    Removing py32f0xx_hal_rcc.o(.text.HAL_RCC_EnableCSS), (20 bytes).
    Removing py32f0xx_hal_rcc.o(.ARM.exidx.text.HAL_RCC_EnableCSS), (8 bytes).
    Removing py32f0xx_hal_rcc.o(.text.HAL_RCC_NMI_IRQHandler), (52 bytes).
    Removing py32f0xx_hal_rcc.o(.ARM.exidx.text.HAL_RCC_NMI_IRQHandler), (8 bytes).
    Removing py32f0xx_hal_rcc.o(.text.HAL_RCC_CSSCallback), (2 bytes).
    Removing py32f0xx_hal_rcc.o(.ARM.exidx.text.HAL_RCC_CSSCallback), (8 bytes).
    Removing py32f0xx_hal_rcc.o(.rodata..L__const.HAL_RCC_GetSysClockFreq.hsiValue), (20 bytes).
    Removing py32f0xx_hal_tim.o(.text), (0 bytes).
    Removing py32f0xx_hal_uart.o(.text), (0 bytes).
    Removing py32f0xx_hal_usart.o(.text), (0 bytes).
    Removing py32f0xx_hal_usart.o(.text.HAL_USART_Init), (106 bytes).
    Removing py32f0xx_hal_usart.o(.ARM.exidx.text.HAL_USART_Init), (8 bytes).
    Removing py32f0xx_hal_usart.o(.text.HAL_USART_MspInit), (8 bytes).
    Removing py32f0xx_hal_usart.o(.ARM.exidx.text.HAL_USART_MspInit), (8 bytes).
    Removing py32f0xx_hal_usart.o(.text.USART_SetConfig), (224 bytes).
    Removing py32f0xx_hal_usart.o(.ARM.exidx.text.USART_SetConfig), (8 bytes).
    Removing py32f0xx_hal_usart.o(.text.HAL_USART_DeInit), (92 bytes).
    Removing py32f0xx_hal_usart.o(.ARM.exidx.text.HAL_USART_DeInit), (8 bytes).
    Removing py32f0xx_hal_usart.o(.text.HAL_USART_MspDeInit), (8 bytes).
    Removing py32f0xx_hal_usart.o(.ARM.exidx.text.HAL_USART_MspDeInit), (8 bytes).
    Removing py32f0xx_hal_usart.o(.text.HAL_USART_Transmit), (360 bytes).
    Removing py32f0xx_hal_usart.o(.ARM.exidx.text.HAL_USART_Transmit), (8 bytes).
    Removing py32f0xx_hal_usart.o(.text.USART_WaitOnFlagUntilTimeout), (172 bytes).
    Removing py32f0xx_hal_usart.o(.ARM.exidx.text.USART_WaitOnFlagUntilTimeout), (8 bytes).
    Removing py32f0xx_hal_usart.o(.text.HAL_USART_Receive), (448 bytes).
    Removing py32f0xx_hal_usart.o(.ARM.exidx.text.HAL_USART_Receive), (8 bytes).
    Removing py32f0xx_hal_usart.o(.text.HAL_USART_TransmitReceive), (520 bytes).
    Removing py32f0xx_hal_usart.o(.ARM.exidx.text.HAL_USART_TransmitReceive), (8 bytes).
    Removing py32f0xx_hal_usart.o(.text.HAL_USART_Transmit_IT), (162 bytes).
    Removing py32f0xx_hal_usart.o(.ARM.exidx.text.HAL_USART_Transmit_IT), (8 bytes).
    Removing py32f0xx_hal_usart.o(.text.HAL_USART_Receive_IT), (188 bytes).
    Removing py32f0xx_hal_usart.o(.ARM.exidx.text.HAL_USART_Receive_IT), (8 bytes).
    Removing py32f0xx_hal_usart.o(.text.HAL_USART_TransmitReceive_IT), (228 bytes).
    Removing py32f0xx_hal_usart.o(.ARM.exidx.text.HAL_USART_TransmitReceive_IT), (8 bytes).
    Removing py32f0xx_hal_usart.o(.text.HAL_USART_Abort), (54 bytes).
    Removing py32f0xx_hal_usart.o(.ARM.exidx.text.HAL_USART_Abort), (8 bytes).
    Removing py32f0xx_hal_usart.o(.text.HAL_USART_Abort_IT), (78 bytes).
    Removing py32f0xx_hal_usart.o(.ARM.exidx.text.HAL_USART_Abort_IT), (8 bytes).
    Removing py32f0xx_hal_usart.o(.text.HAL_USART_AbortCpltCallback), (8 bytes).
    Removing py32f0xx_hal_usart.o(.ARM.exidx.text.HAL_USART_AbortCpltCallback), (8 bytes).
    Removing py32f0xx_hal_usart.o(.text.HAL_USART_IRQHandler), (482 bytes).
    Removing py32f0xx_hal_usart.o(.ARM.exidx.text.HAL_USART_IRQHandler), (8 bytes).
    Removing py32f0xx_hal_usart.o(.text.USART_Receive_IT), (296 bytes).
    Removing py32f0xx_hal_usart.o(.ARM.exidx.text.USART_Receive_IT), (8 bytes).
    Removing py32f0xx_hal_usart.o(.text.USART_TransmitReceive_IT), (428 bytes).
    Removing py32f0xx_hal_usart.o(.ARM.exidx.text.USART_TransmitReceive_IT), (8 bytes).
    Removing py32f0xx_hal_usart.o(.text.USART_EndRxTransfer), (40 bytes).
    Removing py32f0xx_hal_usart.o(.ARM.exidx.text.USART_EndRxTransfer), (8 bytes).
    Removing py32f0xx_hal_usart.o(.text.HAL_USART_ErrorCallback), (8 bytes).
    Removing py32f0xx_hal_usart.o(.ARM.exidx.text.HAL_USART_ErrorCallback), (8 bytes).
    Removing py32f0xx_hal_usart.o(.text.USART_Transmit_IT), (172 bytes).
    Removing py32f0xx_hal_usart.o(.ARM.exidx.text.USART_Transmit_IT), (8 bytes).
    Removing py32f0xx_hal_usart.o(.text.USART_EndTransmit_IT), (48 bytes).
    Removing py32f0xx_hal_usart.o(.ARM.exidx.text.USART_EndTransmit_IT), (8 bytes).
    Removing py32f0xx_hal_usart.o(.text.HAL_USART_TxCpltCallback), (8 bytes).
    Removing py32f0xx_hal_usart.o(.ARM.exidx.text.HAL_USART_TxCpltCallback), (8 bytes).
    Removing py32f0xx_hal_usart.o(.text.HAL_USART_TxHalfCpltCallback), (8 bytes).
    Removing py32f0xx_hal_usart.o(.ARM.exidx.text.HAL_USART_TxHalfCpltCallback), (8 bytes).
    Removing py32f0xx_hal_usart.o(.text.HAL_USART_RxCpltCallback), (8 bytes).
    Removing py32f0xx_hal_usart.o(.ARM.exidx.text.HAL_USART_RxCpltCallback), (8 bytes).
    Removing py32f0xx_hal_usart.o(.text.HAL_USART_RxHalfCpltCallback), (8 bytes).
    Removing py32f0xx_hal_usart.o(.ARM.exidx.text.HAL_USART_RxHalfCpltCallback), (8 bytes).
    Removing py32f0xx_hal_usart.o(.text.HAL_USART_TxRxCpltCallback), (8 bytes).
    Removing py32f0xx_hal_usart.o(.ARM.exidx.text.HAL_USART_TxRxCpltCallback), (8 bytes).
    Removing py32f0xx_hal_usart.o(.text.HAL_USART_GetState), (14 bytes).
    Removing py32f0xx_hal_usart.o(.ARM.exidx.text.HAL_USART_GetState), (8 bytes).
    Removing py32f0xx_hal_usart.o(.text.HAL_USART_GetError), (12 bytes).
    Removing py32f0xx_hal_usart.o(.ARM.exidx.text.HAL_USART_GetError), (8 bytes).
    Removing py32f0xx_ll_adc.o(.text), (0 bytes).
    Removing py32f0xx_ll_comp.o(.text), (0 bytes).
    Removing py32f0xx_ll_crc.o(.text), (0 bytes).
    Removing py32f0xx_ll_dma.o(.text), (0 bytes).
    Removing py32f0xx_ll_exti.o(.text), (0 bytes).
    Removing py32f0xx_ll_gpio.o(.text), (0 bytes).
    Removing py32f0xx_ll_i2c.o(.text), (0 bytes).
    Removing py32f0xx_ll_led.o(.text), (0 bytes).
    Removing py32f0xx_ll_lptim.o(.text), (0 bytes).
    Removing py32f0xx_ll_pwr.o(.text), (0 bytes).
    Removing py32f0xx_ll_rcc.o(.text), (0 bytes).
    Removing py32f0xx_ll_rtc.o(.text), (0 bytes).
    Removing py32f0xx_ll_spi.o(.text), (0 bytes).
    Removing py32f0xx_ll_tim.o(.text), (0 bytes).
    Removing py32f0xx_ll_usart.o(.text), (0 bytes).
    Removing system_py32f0xx.o(.text), (0 bytes).
    Removing system_py32f0xx.o(.text.SystemCoreClockUpdate), (164 bytes).
    Removing system_py32f0xx.o(.ARM.exidx.text.SystemCoreClockUpdate), (8 bytes).
    Removing system_py32f0xx.o(.ARM.exidx.text.SystemInit), (8 bytes).
    Removing system_py32f0xx.o(.ARM.exidx.text.$Sub$$main), (8 bytes).
    Removing system_py32f0xx.o(.rodata.AHBPrescTable), (64 bytes).
    Removing system_py32f0xx.o(.rodata.HSIFreqTable), (32 bytes).

495 unused section(s) (total 43436 bytes) removed from the image.

==============================================================================

Image Symbol Table

    Local Symbols

    Symbol Name                              Value     Ov Type        Size  Object(Section)

    ../clib/angel/boardlib.s                 0x00000000   Number         0  boardinit1.o ABSOLUTE
    ../clib/angel/boardlib.s                 0x00000000   Number         0  boardinit2.o ABSOLUTE
    ../clib/angel/boardlib.s                 0x00000000   Number         0  boardinit3.o ABSOLUTE
    ../clib/angel/boardlib.s                 0x00000000   Number         0  boardshut.o ABSOLUTE
    ../clib/angel/handlers.s                 0x00000000   Number         0  __scatter_copy.o ABSOLUTE
    ../clib/angel/handlers.s                 0x00000000   Number         0  __scatter_zi.o ABSOLUTE
    ../clib/angel/kernel.s                   0x00000000   Number         0  __rtentry.o ABSOLUTE
    ../clib/angel/kernel.s                   0x00000000   Number         0  __rtentry2.o ABSOLUTE
    ../clib/angel/kernel.s                   0x00000000   Number         0  __rtentry4.o ABSOLUTE
    ../clib/angel/kernel.s                   0x00000000   Number         0  rtexit.o ABSOLUTE
    ../clib/angel/kernel.s                   0x00000000   Number         0  rtexit2.o ABSOLUTE
    ../clib/angel/rt.s                       0x00000000   Number         0  aeabi_idiv0.o ABSOLUTE
    ../clib/angel/rt.s                       0x00000000   Number         0  aeabi_idiv0_sigfpe.o ABSOLUTE
    ../clib/angel/rt.s                       0x00000000   Number         0  rt_div0.o ABSOLUTE
    ../clib/angel/rt.s                       0x00000000   Number         0  rt_raise.o ABSOLUTE
    ../clib/angel/scatterp.s                 0x00000000   Number         0  __scatter.o ABSOLUTE
    ../clib/angel/startup.s                  0x00000000   Number         0  __main.o ABSOLUTE
    ../clib/angel/sys.s                      0x00000000   Number         0  sys_stackheap_outer.o ABSOLUTE
    ../clib/angel/sys.s                      0x00000000   Number         0  libspace.o ABSOLUTE
    ../clib/angel/sys.s                      0x00000000   Number         0  tempstk.o ABSOLUTE
    ../clib/angel/sys.s                      0x00000000   Number         0  use_no_semi.o ABSOLUTE
    ../clib/angel/sys.s                      0x00000000   Number         0  indicate_semi.o ABSOLUTE
    ../clib/angel/sysapp.c                   0x00000000   Number         0  sys_exit.o ABSOLUTE
    ../clib/angel/sysapp.c                   0x00000000   Number         0  sys_exit_hlt.o ABSOLUTE
    ../clib/angel/sysapp.c                   0x00000000   Number         0  sys_wrch.o ABSOLUTE
    ../clib/angel/sysapp.c                   0x00000000   Number         0  sys_wrch_hlt.o ABSOLUTE
    ../clib/angel/sysapp.c                   0x00000000   Number         0  sys_command.o ABSOLUTE
    ../clib/angel/sysapp.c                   0x00000000   Number         0  sys_command_hlt.o ABSOLUTE
    ../clib/armsys.c                         0x00000000   Number         0  argv_veneer.o ABSOLUTE
    ../clib/armsys.c                         0x00000000   Number         0  _get_argv_nomalloc.o ABSOLUTE
    ../clib/armsys.c                         0x00000000   Number         0  no_argv.o ABSOLUTE
    ../clib/division.s                       0x00000000   Number         0  aeabi_sdiv.o ABSOLUTE
    ../clib/division.s                       0x00000000   Number         0  aeabi_sdiv_div0.o ABSOLUTE
    ../clib/heapalloc.c                      0x00000000   Number         0  hrguard.o ABSOLUTE
    ../clib/heapaux.c                        0x00000000   Number         0  heapauxi.o ABSOLUTE
    ../clib/libinit.s                        0x00000000   Number         0  libinit.o ABSOLUTE
    ../clib/libinit.s                        0x00000000   Number         0  libinit2.o ABSOLUTE
    ../clib/libinit.s                        0x00000000   Number         0  libshutdown.o ABSOLUTE
    ../clib/libinit.s                        0x00000000   Number         0  libshutdown2.o ABSOLUTE
    ../clib/memcpset.c                       0x00000000   Number         0  aeabi_memset.o ABSOLUTE
    ../clib/memcpset.c                       0x00000000   Number         0  rt_memclr.o ABSOLUTE
    ../clib/signal.c                         0x00000000   Number         0  defsig_fpe_outer.o ABSOLUTE
    ../clib/signal.c                         0x00000000   Number         0  defsig_fpe_formal.o ABSOLUTE
    ../clib/signal.c                         0x00000000   Number         0  defsig_exit.o ABSOLUTE
    ../clib/signal.c                         0x00000000   Number         0  defsig_fpe_inner.o ABSOLUTE
    ../clib/signal.c                         0x00000000   Number         0  __raise.o ABSOLUTE
    ../clib/signal.c                         0x00000000   Number         0  defsig_general.o ABSOLUTE
    ../clib/signal.c                         0x00000000   Number         0  defsig_abrt_inner.o ABSOLUTE
    ../clib/signal.c                         0x00000000   Number         0  defsig_rtred_inner.o ABSOLUTE
    ../clib/signal.c                         0x00000000   Number         0  defsig_rtmem_inner.o ABSOLUTE
    ../clib/signal.c                         0x00000000   Number         0  defsig_rtmem_outer.o ABSOLUTE
    ../clib/signal.c                         0x00000000   Number         0  defsig_rtmem_formal.o ABSOLUTE
    ../clib/signal.c                         0x00000000   Number         0  defsig_stak_inner.o ABSOLUTE
    ../clib/signal.c                         0x00000000   Number         0  defsig_pvfn_inner.o ABSOLUTE
    ../clib/signal.c                         0x00000000   Number         0  defsig_cppl_inner.o ABSOLUTE
    ../clib/signal.c                         0x00000000   Number         0  defsig_segv_inner.o ABSOLUTE
    ../clib/signal.c                         0x00000000   Number         0  defsig_other.o ABSOLUTE
    ../clib/signal.s                         0x00000000   Number         0  defsig.o ABSOLUTE
    ../clib/stdlib.c                         0x00000000   Number         0  exit.o ABSOLUTE
    ../clib/string.c                         0x00000000   Number         0  strlen.o ABSOLUTE
    ../fplib/cfplib/fpinit.c                 0x00000000   Number         0  fpinit.o ABSOLUTE
    RTE/Device/PY32F002Ax5/startup_py32f002ax5.s 0x00000000   Number         0  startup_py32f002ax5.o ABSOLUTE
    dc.s                                     0x00000000   Number         0  dc.o ABSOLUTE
    fonts.c                                  0x00000000   Number         0  fonts.o ABSOLUTE
    main.c                                   0x00000000   Number         0  main.o ABSOLUTE
    py32f0xx_hal.c                           0x00000000   Number         0  py32f0xx_hal.o ABSOLUTE
    py32f0xx_hal_adc.c                       0x00000000   Number         0  py32f0xx_hal_adc.o ABSOLUTE
    py32f0xx_hal_adc_ex.c                    0x00000000   Number         0  py32f0xx_hal_adc_ex.o ABSOLUTE
    py32f0xx_hal_comp.c                      0x00000000   Number         0  py32f0xx_hal_comp.o ABSOLUTE
    py32f0xx_hal_cortex.c                    0x00000000   Number         0  py32f0xx_hal_cortex.o ABSOLUTE
    py32f0xx_hal_crc.c                       0x00000000   Number         0  py32f0xx_hal_crc.o ABSOLUTE
    py32f0xx_hal_exti.c                      0x00000000   Number         0  py32f0xx_hal_exti.o ABSOLUTE
    py32f0xx_hal_gpio.c                      0x00000000   Number         0  py32f0xx_hal_gpio.o ABSOLUTE
    py32f0xx_hal_i2c.c                       0x00000000   Number         0  py32f0xx_hal_i2c.o ABSOLUTE
    py32f0xx_hal_led.c                       0x00000000   Number         0  py32f0xx_hal_led.o ABSOLUTE
    py32f0xx_hal_msp.c                       0x00000000   Number         0  py32f0xx_hal_msp.o ABSOLUTE
    py32f0xx_hal_pwr.c                       0x00000000   Number         0  py32f0xx_hal_pwr.o ABSOLUTE
    py32f0xx_hal_rcc.c                       0x00000000   Number         0  py32f0xx_hal_rcc.o ABSOLUTE
    py32f0xx_hal_tim.c                       0x00000000   Number         0  py32f0xx_hal_tim.o ABSOLUTE
    py32f0xx_hal_uart.c                      0x00000000   Number         0  py32f0xx_hal_uart.o ABSOLUTE
    py32f0xx_hal_usart.c                     0x00000000   Number         0  py32f0xx_hal_usart.o ABSOLUTE
    py32f0xx_it.c                            0x00000000   Number         0  py32f0xx_it.o ABSOLUTE
    py32f0xx_ll_adc.c                        0x00000000   Number         0  py32f0xx_ll_adc.o ABSOLUTE
    py32f0xx_ll_comp.c                       0x00000000   Number         0  py32f0xx_ll_comp.o ABSOLUTE
    py32f0xx_ll_crc.c                        0x00000000   Number         0  py32f0xx_ll_crc.o ABSOLUTE
    py32f0xx_ll_dma.c                        0x00000000   Number         0  py32f0xx_ll_dma.o ABSOLUTE
    py32f0xx_ll_exti.c                       0x00000000   Number         0  py32f0xx_ll_exti.o ABSOLUTE
    py32f0xx_ll_gpio.c                       0x00000000   Number         0  py32f0xx_ll_gpio.o ABSOLUTE
    py32f0xx_ll_i2c.c                        0x00000000   Number         0  py32f0xx_ll_i2c.o ABSOLUTE
    py32f0xx_ll_led.c                        0x00000000   Number         0  py32f0xx_ll_led.o ABSOLUTE
    py32f0xx_ll_lptim.c                      0x00000000   Number         0  py32f0xx_ll_lptim.o ABSOLUTE
    py32f0xx_ll_pwr.c                        0x00000000   Number         0  py32f0xx_ll_pwr.o ABSOLUTE
    py32f0xx_ll_rcc.c                        0x00000000   Number         0  py32f0xx_ll_rcc.o ABSOLUTE
    py32f0xx_ll_rtc.c                        0x00000000   Number         0  py32f0xx_ll_rtc.o ABSOLUTE
    py32f0xx_ll_spi.c                        0x00000000   Number         0  py32f0xx_ll_spi.o ABSOLUTE
    py32f0xx_ll_tim.c                        0x00000000   Number         0  py32f0xx_ll_tim.o ABSOLUTE
    py32f0xx_ll_usart.c                      0x00000000   Number         0  py32f0xx_ll_usart.o ABSOLUTE
    ssd1306.c                                0x00000000   Number         0  ssd1306.o ABSOLUTE
    system_py32f0xx.c                        0x00000000   Number         0  system_py32f0xx.o ABSOLUTE
    RESET                                    0x08000000   Section      192  startup_py32f002ax5.o(RESET)
    !!!main                                  0x080000c0   Section        8  __main.o(!!!main)
    !!!scatter                               0x080000c8   Section       84  __scatter.o(!!!scatter)
    !!handler_copy                           0x0800011c   Section       26  __scatter_copy.o(!!handler_copy)
    !!handler_null                           0x08000138   Section        2  __scatter.o(!!handler_null)
    !!handler_zi                             0x0800013c   Section       28  __scatter_zi.o(!!handler_zi)
    .ARM.Collect$$libinit$$00000000          0x08000158   Section        2  libinit.o(.ARM.Collect$$libinit$$00000000)
    .ARM.Collect$$libinit$$00000002          0x0800015a   Section        0  libinit2.o(.ARM.Collect$$libinit$$00000002)
    .ARM.Collect$$libinit$$00000004          0x0800015a   Section        0  libinit2.o(.ARM.Collect$$libinit$$00000004)
    .ARM.Collect$$libinit$$00000006          0x0800015a   Section        0  libinit2.o(.ARM.Collect$$libinit$$00000006)
    .ARM.Collect$$libinit$$0000000C          0x0800015a   Section        0  libinit2.o(.ARM.Collect$$libinit$$0000000C)
    .ARM.Collect$$libinit$$0000000E          0x0800015a   Section        0  libinit2.o(.ARM.Collect$$libinit$$0000000E)
    .ARM.Collect$$libinit$$00000010          0x0800015a   Section        0  libinit2.o(.ARM.Collect$$libinit$$00000010)
    .ARM.Collect$$libinit$$00000013          0x0800015a   Section        0  libinit2.o(.ARM.Collect$$libinit$$00000013)
    .ARM.Collect$$libinit$$00000015          0x0800015a   Section        0  libinit2.o(.ARM.Collect$$libinit$$00000015)
    .ARM.Collect$$libinit$$00000017          0x0800015a   Section        0  libinit2.o(.ARM.Collect$$libinit$$00000017)
    .ARM.Collect$$libinit$$00000019          0x0800015a   Section        0  libinit2.o(.ARM.Collect$$libinit$$00000019)
    .ARM.Collect$$libinit$$0000001B          0x0800015a   Section        0  libinit2.o(.ARM.Collect$$libinit$$0000001B)
    .ARM.Collect$$libinit$$0000001D          0x0800015a   Section        0  libinit2.o(.ARM.Collect$$libinit$$0000001D)
    .ARM.Collect$$libinit$$0000001F          0x0800015a   Section        0  libinit2.o(.ARM.Collect$$libinit$$0000001F)
    .ARM.Collect$$libinit$$00000021          0x0800015a   Section        0  libinit2.o(.ARM.Collect$$libinit$$00000021)
    .ARM.Collect$$libinit$$00000023          0x0800015a   Section        0  libinit2.o(.ARM.Collect$$libinit$$00000023)
    .ARM.Collect$$libinit$$00000025          0x0800015a   Section        0  libinit2.o(.ARM.Collect$$libinit$$00000025)
    .ARM.Collect$$libinit$$00000027          0x0800015a   Section        0  libinit2.o(.ARM.Collect$$libinit$$00000027)
    .ARM.Collect$$libinit$$0000002E          0x0800015a   Section        0  libinit2.o(.ARM.Collect$$libinit$$0000002E)
    .ARM.Collect$$libinit$$00000030          0x0800015a   Section        0  libinit2.o(.ARM.Collect$$libinit$$00000030)
    .ARM.Collect$$libinit$$00000032          0x0800015a   Section        0  libinit2.o(.ARM.Collect$$libinit$$00000032)
    .ARM.Collect$$libinit$$00000034          0x0800015a   Section        0  libinit2.o(.ARM.Collect$$libinit$$00000034)
    .ARM.Collect$$libinit$$00000035          0x0800015a   Section        2  libinit2.o(.ARM.Collect$$libinit$$00000035)
    .ARM.Collect$$libshutdown$$00000000      0x0800015c   Section        2  libshutdown.o(.ARM.Collect$$libshutdown$$00000000)
    .ARM.Collect$$libshutdown$$00000002      0x0800015e   Section        0  libshutdown2.o(.ARM.Collect$$libshutdown$$00000002)
    .ARM.Collect$$libshutdown$$00000004      0x0800015e   Section        0  libshutdown2.o(.ARM.Collect$$libshutdown$$00000004)
    .ARM.Collect$$libshutdown$$00000007      0x0800015e   Section        0  libshutdown2.o(.ARM.Collect$$libshutdown$$00000007)
    .ARM.Collect$$libshutdown$$0000000A      0x0800015e   Section        0  libshutdown2.o(.ARM.Collect$$libshutdown$$0000000A)
    .ARM.Collect$$libshutdown$$0000000C      0x0800015e   Section        0  libshutdown2.o(.ARM.Collect$$libshutdown$$0000000C)
    .ARM.Collect$$libshutdown$$0000000F      0x0800015e   Section        0  libshutdown2.o(.ARM.Collect$$libshutdown$$0000000F)
    .ARM.Collect$$libshutdown$$00000010      0x0800015e   Section        2  libshutdown2.o(.ARM.Collect$$libshutdown$$00000010)
    .ARM.Collect$$rtentry$$00000000          0x08000160   Section        0  __rtentry.o(.ARM.Collect$$rtentry$$00000000)
    .ARM.Collect$$rtentry$$00000002          0x08000160   Section        0  __rtentry2.o(.ARM.Collect$$rtentry$$00000002)
    .ARM.Collect$$rtentry$$00000004          0x08000160   Section        6  __rtentry4.o(.ARM.Collect$$rtentry$$00000004)
    .ARM.Collect$$rtentry$$00000009          0x08000166   Section        0  __rtentry2.o(.ARM.Collect$$rtentry$$00000009)
    .ARM.Collect$$rtentry$$0000000A          0x08000166   Section        4  __rtentry2.o(.ARM.Collect$$rtentry$$0000000A)
    .ARM.Collect$$rtentry$$0000000C          0x0800016a   Section        0  __rtentry2.o(.ARM.Collect$$rtentry$$0000000C)
    .ARM.Collect$$rtentry$$0000000D          0x0800016a   Section        8  __rtentry2.o(.ARM.Collect$$rtentry$$0000000D)
    .ARM.Collect$$rtexit$$00000000           0x08000172   Section        2  rtexit.o(.ARM.Collect$$rtexit$$00000000)
    .ARM.Collect$$rtexit$$00000002           0x08000174   Section        0  rtexit2.o(.ARM.Collect$$rtexit$$00000002)
    .ARM.Collect$$rtexit$$00000003           0x08000174   Section        4  rtexit2.o(.ARM.Collect$$rtexit$$00000003)
    .ARM.Collect$$rtexit$$00000004           0x08000178   Section        6  rtexit2.o(.ARM.Collect$$rtexit$$00000004)
    .text                                    0x08000180   Section       52  startup_py32f002ax5.o(.text)
    .text                                    0x080001b4   Section        0  aeabi_memset.o(.text)
    .text                                    0x080001c8   Section      364  aeabi_sdiv.o(.text)
    .text                                    0x08000334   Section        0  heapauxi.o(.text)
    .text                                    0x0800033a   Section        0  rt_memclr.o(.text)
    .text                                    0x0800037a   Section       62  sys_stackheap_outer.o(.text)
    .text                                    0x080003b8   Section        0  exit.o(.text)
    .text                                    0x080003c8   Section        8  libspace.o(.text)
    .text                                    0x080003d0   Section        0  sys_exit.o(.text)
    .text                                    0x080003dc   Section        2  use_no_semi.o(.text)
    .text                                    0x080003de   Section        0  indicate_semi.o(.text)
    [Anonymous Symbol]                       0x080003e0   Section        0  system_py32f0xx.o(.text.$Sub$$main)
    __arm_cp.2_0                             0x08000428   Number         4  system_py32f0xx.o(.text.$Sub$$main)
    __arm_cp.2_1                             0x0800042c   Number         4  system_py32f0xx.o(.text.$Sub$$main)
    [Anonymous Symbol]                       0x08000430   Section        0  main.o(.text.GPIO_voidInit)
    __arm_cp.2_0                             0x08000480   Number         4  main.o(.text.GPIO_voidInit)
    [Anonymous Symbol]                       0x08000484   Section        0  py32f0xx_hal.o(.text.HAL_Delay)
    __arm_cp.10_0                            0x080004c4   Number         4  py32f0xx_hal.o(.text.HAL_Delay)
    [Anonymous Symbol]                       0x080004c8   Section        0  py32f0xx_hal_gpio.o(.text.HAL_GPIO_Init)
    __arm_cp.0_0                             0x0800074c   Number         4  py32f0xx_hal_gpio.o(.text.HAL_GPIO_Init)
    __arm_cp.0_1                             0x08000750   Number         4  py32f0xx_hal_gpio.o(.text.HAL_GPIO_Init)
    __arm_cp.0_2                             0x08000754   Number         4  py32f0xx_hal_gpio.o(.text.HAL_GPIO_Init)
    __arm_cp.0_3                             0x08000758   Number         4  py32f0xx_hal_gpio.o(.text.HAL_GPIO_Init)
    __arm_cp.0_4                             0x0800075c   Number         4  py32f0xx_hal_gpio.o(.text.HAL_GPIO_Init)
    __arm_cp.0_5                             0x08000760   Number         4  py32f0xx_hal_gpio.o(.text.HAL_GPIO_Init)
    [Anonymous Symbol]                       0x08000764   Section        0  py32f0xx_hal_gpio.o(.text.HAL_GPIO_TogglePin)
    [Anonymous Symbol]                       0x08000798   Section        0  py32f0xx_hal.o(.text.HAL_GetTick)
    __arm_cp.6_0                             0x080007a0   Number         4  py32f0xx_hal.o(.text.HAL_GetTick)
    [Anonymous Symbol]                       0x080007a4   Section        0  py32f0xx_hal_i2c.o(.text.HAL_I2C_Init)
    __arm_cp.0_0                             0x08000a0c   Number         4  py32f0xx_hal_i2c.o(.text.HAL_I2C_Init)
    __arm_cp.0_1                             0x08000a10   Number         4  py32f0xx_hal_i2c.o(.text.HAL_I2C_Init)
    __arm_cp.0_2                             0x08000a14   Number         4  py32f0xx_hal_i2c.o(.text.HAL_I2C_Init)
    __arm_cp.0_3                             0x08000a18   Number         4  py32f0xx_hal_i2c.o(.text.HAL_I2C_Init)
    __arm_cp.0_4                             0x08000a1c   Number         4  py32f0xx_hal_i2c.o(.text.HAL_I2C_Init)
    __arm_cp.0_5                             0x08000a20   Number         4  py32f0xx_hal_i2c.o(.text.HAL_I2C_Init)
    [Anonymous Symbol]                       0x08000a24   Section        0  py32f0xx_hal_i2c.o(.text.HAL_I2C_IsDeviceReady)
    __arm_cp.25_0                            0x08000c98   Number         4  py32f0xx_hal_i2c.o(.text.HAL_I2C_IsDeviceReady)
    __arm_cp.25_2                            0x08000c9c   Number         4  py32f0xx_hal_i2c.o(.text.HAL_I2C_IsDeviceReady)
    __arm_cp.25_3                            0x08000ca0   Number         4  py32f0xx_hal_i2c.o(.text.HAL_I2C_IsDeviceReady)
    [Anonymous Symbol]                       0x08000ca4   Section        0  py32f0xx_hal_i2c.o(.text.HAL_I2C_Master_Transmit)
    __arm_cp.4_0                             0x08000eb0   Number         4  py32f0xx_hal_i2c.o(.text.HAL_I2C_Master_Transmit)
    __arm_cp.4_1                             0x08000eb4   Number         4  py32f0xx_hal_i2c.o(.text.HAL_I2C_Master_Transmit)
    [Anonymous Symbol]                       0x08000eb8   Section        0  py32f0xx_hal_msp.o(.text.HAL_I2C_MspInit)
    __arm_cp.1_0                             0x08000f18   Number         4  py32f0xx_hal_msp.o(.text.HAL_I2C_MspInit)
    __arm_cp.1_1                             0x08000f1c   Number         4  py32f0xx_hal_msp.o(.text.HAL_I2C_MspInit)
    __arm_cp.1_2                             0x08000f20   Number         4  py32f0xx_hal_msp.o(.text.HAL_I2C_MspInit)
    [Anonymous Symbol]                       0x08000f24   Section        0  py32f0xx_hal.o(.text.HAL_IncTick)
    __arm_cp.5_1                             0x08000f34   Number         4  py32f0xx_hal.o(.text.HAL_IncTick)
    [Anonymous Symbol]                       0x08000f38   Section        0  py32f0xx_hal.o(.text.HAL_InitTick)
    __arm_cp.1_0                             0x08000fb0   Number         4  py32f0xx_hal.o(.text.HAL_InitTick)
    __arm_cp.1_2                             0x08000fb4   Number         4  py32f0xx_hal.o(.text.HAL_InitTick)
    [Anonymous Symbol]                       0x08000fb8   Section        0  py32f0xx_hal_cortex.o(.text.HAL_NVIC_SetPriority)
    [Anonymous Symbol]                       0x08000fd4   Section        0  py32f0xx_hal_rcc.o(.text.HAL_RCC_GetHCLKFreq)
    __arm_cp.5_0                             0x08000fdc   Number         4  py32f0xx_hal_rcc.o(.text.HAL_RCC_GetHCLKFreq)
    [Anonymous Symbol]                       0x08000fe0   Section        0  py32f0xx_hal_rcc.o(.text.HAL_RCC_GetPCLK1Freq)
    __arm_cp.6_0                             0x08001000   Number         4  py32f0xx_hal_rcc.o(.text.HAL_RCC_GetPCLK1Freq)
    __arm_cp.6_1                             0x08001004   Number         4  py32f0xx_hal_rcc.o(.text.HAL_RCC_GetPCLK1Freq)
    [Anonymous Symbol]                       0x08001008   Section        0  py32f0xx_hal_cortex.o(.text.HAL_SYSTICK_Config)
    [Anonymous Symbol]                       0x08001018   Section        0  py32f0xx_it.o(.text.HardFault_Handler)
    I2C_IsAcknowledgeFailed                  0x0800101d   Thumb Code   100  py32f0xx_hal_i2c.o(.text.I2C_IsAcknowledgeFailed)
    [Anonymous Symbol]                       0x0800101c   Section        0  py32f0xx_hal_i2c.o(.text.I2C_IsAcknowledgeFailed)
    I2C_MasterRequestWrite                   0x08001081   Thumb Code   180  py32f0xx_hal_i2c.o(.text.I2C_MasterRequestWrite)
    [Anonymous Symbol]                       0x08001080   Section        0  py32f0xx_hal_i2c.o(.text.I2C_MasterRequestWrite)
    __arm_cp.6_0                             0x08001134   Number         4  py32f0xx_hal_i2c.o(.text.I2C_MasterRequestWrite)
    __arm_cp.6_1                             0x08001138   Number         4  py32f0xx_hal_i2c.o(.text.I2C_MasterRequestWrite)
    __arm_cp.6_2                             0x0800113c   Number         4  py32f0xx_hal_i2c.o(.text.I2C_MasterRequestWrite)
    I2C_WaitOnBTFFlagUntilTimeout            0x08001141   Thumb Code   152  py32f0xx_hal_i2c.o(.text.I2C_WaitOnBTFFlagUntilTimeout)
    [Anonymous Symbol]                       0x08001140   Section        0  py32f0xx_hal_i2c.o(.text.I2C_WaitOnBTFFlagUntilTimeout)
    I2C_WaitOnFlagUntilTimeout               0x080011d9   Thumb Code   186  py32f0xx_hal_i2c.o(.text.I2C_WaitOnFlagUntilTimeout)
    [Anonymous Symbol]                       0x080011d8   Section        0  py32f0xx_hal_i2c.o(.text.I2C_WaitOnFlagUntilTimeout)
    I2C_WaitOnMasterAddressFlagUntilTimeout  0x08001295   Thumb Code   272  py32f0xx_hal_i2c.o(.text.I2C_WaitOnMasterAddressFlagUntilTimeout)
    [Anonymous Symbol]                       0x08001294   Section        0  py32f0xx_hal_i2c.o(.text.I2C_WaitOnMasterAddressFlagUntilTimeout)
    __arm_cp.64_0                            0x080013a4   Number         4  py32f0xx_hal_i2c.o(.text.I2C_WaitOnMasterAddressFlagUntilTimeout)
    I2C_WaitOnTXEFlagUntilTimeout            0x080013a9   Thumb Code   150  py32f0xx_hal_i2c.o(.text.I2C_WaitOnTXEFlagUntilTimeout)
    [Anonymous Symbol]                       0x080013a8   Section        0  py32f0xx_hal_i2c.o(.text.I2C_WaitOnTXEFlagUntilTimeout)
    [Anonymous Symbol]                       0x08001440   Section        0  main.o(.text.I2C_voidInit)
    __arm_cp.3_1                             0x0800145c   Number         4  main.o(.text.I2C_voidInit)
    __arm_cp.3_2                             0x08001460   Number         4  main.o(.text.I2C_voidInit)
    [Anonymous Symbol]                       0x08001464   Section        0  py32f0xx_it.o(.text.NMI_Handler)
    [Anonymous Symbol]                       0x08001466   Section        0  py32f0xx_it.o(.text.PendSV_Handler)
    [Anonymous Symbol]                       0x08001468   Section        0  ssd1306.o(.text.SSD1306_Clear)
    [Anonymous Symbol]                       0x08001478   Section        0  ssd1306.o(.text.SSD1306_DrawPixel)
    [Anonymous Symbol]                       0x08001504   Section        0  ssd1306.o(.text.SSD1306_Fill)
    [Anonymous Symbol]                       0x08001530   Section        0  ssd1306.o(.text.SSD1306_GotoXY)
    [Anonymous Symbol]                       0x08001548   Section        0  ssd1306.o(.text.SSD1306_Init)
    __arm_cp.10_0                            0x080016d0   Number         4  ssd1306.o(.text.SSD1306_Init)
    __arm_cp.10_1                            0x080016d4   Number         4  ssd1306.o(.text.SSD1306_Init)
    __arm_cp.10_2                            0x080016d8   Number         4  ssd1306.o(.text.SSD1306_Init)
    [Anonymous Symbol]                       0x080016dc   Section        0  ssd1306.o(.text.SSD1306_Putc)
    __arm_cp.17_0                            0x080017c8   Number         4  ssd1306.o(.text.SSD1306_Putc)
    [Anonymous Symbol]                       0x080017cc   Section        0  ssd1306.o(.text.SSD1306_Puts)
    [Anonymous Symbol]                       0x08001820   Section        0  ssd1306.o(.text.SSD1306_UpdateScreen)
    __arm_cp.12_0                            0x08001880   Number         4  ssd1306.o(.text.SSD1306_UpdateScreen)
    [Anonymous Symbol]                       0x08001884   Section        0  py32f0xx_it.o(.text.SVC_Handler)
    [Anonymous Symbol]                       0x08001886   Section        0  main.o(.text.SYSTICK_voidInit)
    SysTick_Config                           0x08001891   Thumb Code    68  py32f0xx_hal_cortex.o(.text.SysTick_Config)
    [Anonymous Symbol]                       0x08001890   Section        0  py32f0xx_hal_cortex.o(.text.SysTick_Config)
    __arm_cp.9_0                             0x080018d4   Number         4  py32f0xx_hal_cortex.o(.text.SysTick_Config)
    __arm_cp.9_1                             0x080018d8   Number         4  py32f0xx_hal_cortex.o(.text.SysTick_Config)
    __arm_cp.9_2                             0x080018dc   Number         4  py32f0xx_hal_cortex.o(.text.SysTick_Config)
    [Anonymous Symbol]                       0x080018e0   Section        0  py32f0xx_it.o(.text.SysTick_Handler)
    [Anonymous Symbol]                       0x080018e8   Section        0  system_py32f0xx.o(.text.SystemInit)
    __arm_cp.1_0                             0x08001908   Number         4  system_py32f0xx.o(.text.SystemInit)
    __arm_cp.1_1                             0x0800190c   Number         4  system_py32f0xx.o(.text.SystemInit)
    __arm_cp.1_2                             0x08001910   Number         4  system_py32f0xx.o(.text.SystemInit)
    __arm_cp.1_3                             0x08001914   Number         4  system_py32f0xx.o(.text.SystemInit)
    __NVIC_SetPriority                       0x08001919   Thumb Code   124  py32f0xx_hal_cortex.o(.text.__NVIC_SetPriority)
    [Anonymous Symbol]                       0x08001918   Section        0  py32f0xx_hal_cortex.o(.text.__NVIC_SetPriority)
    __arm_cp.1_0                             0x08001994   Number         4  py32f0xx_hal_cortex.o(.text.__NVIC_SetPriority)
    __arm_cp.1_1                             0x08001998   Number         4  py32f0xx_hal_cortex.o(.text.__NVIC_SetPriority)
    [Anonymous Symbol]                       0x0800199c   Section        0  main.o(.text.main)
    __arm_cp.0_0                             0x080019e4   Number         4  main.o(.text.main)
    __arm_cp.0_1                             0x080019e8   Number         4  main.o(.text.main)
    [Anonymous Symbol]                       0x080019ec   Section        0  ssd1306.o(.text.ssd1306_I2C_Init)
    __arm_cp.35_0                            0x08001a08   Number         4  ssd1306.o(.text.ssd1306_I2C_Init)
    [Anonymous Symbol]                       0x08001a0c   Section        0  ssd1306.o(.text.ssd1306_I2C_Write)
    [Anonymous Symbol]                       0x08001a3c   Section        0  ssd1306.o(.text.ssd1306_I2C_WriteMulti)
    __arm_cp.13_0                            0x08001aa0   Number         4  ssd1306.o(.text.ssd1306_I2C_WriteMulti)
    [Anonymous Symbol]                       0x08002820   Section        0  main.o(.rodata.str1.1)
    .bss                                     0x200000d8   Section       96  libspace.o(.bss)
    SSD1306                                  0x20000138   Data           6  ssd1306.o(.bss.SSD1306)
    [Anonymous Symbol]                       0x20000138   Section        0  ssd1306.o(.bss.SSD1306)
    SSD1306_Buffer                           0x2000013e   Data        1024  ssd1306.o(.bss.SSD1306_Buffer)
    [Anonymous Symbol]                       0x2000013e   Section        0  ssd1306.o(.bss.SSD1306_Buffer)
    Heap_Mem                                 0x20000588   Data           0  startup_py32f002ax5.o(HEAP)
    Stack_Mem                                0x20000588   Data        1024  startup_py32f002ax5.o(STACK)
    HEAP                                     0x20000588   Section        0  startup_py32f002ax5.o(HEAP)
    STACK                                    0x20000588   Section     1024  startup_py32f002ax5.o(STACK)
    __initial_sp                             0x20000988   Data           0  startup_py32f002ax5.o(STACK)

    Global Symbols

    Symbol Name                              Value     Ov Type        Size  Object(Section)

    BuildAttributes$$THM_ISAv3M$S$PE$A:L22$X:L11$S22$IEEE1$IW$~IW$USESV6$~STKCKD$USESV7$~SHL$OSPACE$ROPI$EBA8$UX$STANDARDLIB$REQ8$PRES8$EABIv2 0x00000000   Number         0  anon$$obj.o ABSOLUTE
    __ARM_exceptions_init                     - Undefined Weak Reference
    __alloca_initialize                       - Undefined Weak Reference
    __arm_preinit_                            - Undefined Weak Reference
    __arm_relocate_pie_                       - Undefined Weak Reference
    __cpp_initialize__aeabi_                  - Undefined Weak Reference
    __cxa_finalize                            - Undefined Weak Reference
    __rt_locale                               - Undefined Weak Reference
    __sigvec_lookup                           - Undefined Weak Reference
    _atexit_init                              - Undefined Weak Reference
    _call_atexit_fns                          - Undefined Weak Reference
    _clock_init                               - Undefined Weak Reference
    _fp_trap_init                             - Undefined Weak Reference
    _fp_trap_shutdown                         - Undefined Weak Reference
    _get_lc_collate                           - Undefined Weak Reference
    _get_lc_ctype                             - Undefined Weak Reference
    _get_lc_monetary                          - Undefined Weak Reference
    _get_lc_numeric                           - Undefined Weak Reference
    _get_lc_time                              - Undefined Weak Reference
    _getenv_init                              - Undefined Weak Reference
    _handle_redirection                       - Undefined Weak Reference
    _init_alloc                               - Undefined Weak Reference
    _init_user_alloc                          - Undefined Weak Reference
    _initio                                   - Undefined Weak Reference
    _rand_init                                - Undefined Weak Reference
    _signal_finish                            - Undefined Weak Reference
    _signal_init                              - Undefined Weak Reference
    _terminate_alloc                          - Undefined Weak Reference
    _terminate_user_alloc                     - Undefined Weak Reference
    _terminateio                              - Undefined Weak Reference
    __Vectors_Size                           0x000000c0   Number         0  startup_py32f002ax5.o ABSOLUTE
    __Vectors                                0x08000000   Data           4  startup_py32f002ax5.o(RESET)
    __Vectors_End                            0x080000c0   Data           0  startup_py32f002ax5.o(RESET)
    __main                                   0x080000c1   Thumb Code     8  __main.o(!!!main)
    __scatterload                            0x080000c9   Thumb Code     0  __scatter.o(!!!scatter)
    __scatterload_rt2                        0x080000c9   Thumb Code    74  __scatter.o(!!!scatter)
    __scatterload_rt2_thumb_only             0x080000c9   Thumb Code     0  __scatter.o(!!!scatter)
    __scatterload_loop                       0x080000d3   Thumb Code     0  __scatter.o(!!!scatter)
    __scatterload_copy                       0x0800011d   Thumb Code    26  __scatter_copy.o(!!handler_copy)
    __scatterload_null                       0x08000139   Thumb Code     2  __scatter.o(!!handler_null)
    __scatterload_zeroinit                   0x0800013d   Thumb Code    28  __scatter_zi.o(!!handler_zi)
    __rt_lib_init                            0x08000159   Thumb Code     0  libinit.o(.ARM.Collect$$libinit$$00000000)
    __rt_lib_init_alloca_1                   0x0800015b   Thumb Code     0  libinit2.o(.ARM.Collect$$libinit$$00000030)
    __rt_lib_init_argv_1                     0x0800015b   Thumb Code     0  libinit2.o(.ARM.Collect$$libinit$$0000002E)
    __rt_lib_init_atexit_1                   0x0800015b   Thumb Code     0  libinit2.o(.ARM.Collect$$libinit$$0000001D)
    __rt_lib_init_clock_1                    0x0800015b   Thumb Code     0  libinit2.o(.ARM.Collect$$libinit$$00000023)
    __rt_lib_init_cpp_1                      0x0800015b   Thumb Code     0  libinit2.o(.ARM.Collect$$libinit$$00000034)
    __rt_lib_init_exceptions_1               0x0800015b   Thumb Code     0  libinit2.o(.ARM.Collect$$libinit$$00000032)
    __rt_lib_init_fp_1                       0x0800015b   Thumb Code     0  libinit2.o(.ARM.Collect$$libinit$$00000002)
    __rt_lib_init_fp_trap_1                  0x0800015b   Thumb Code     0  libinit2.o(.ARM.Collect$$libinit$$00000021)
    __rt_lib_init_getenv_1                   0x0800015b   Thumb Code     0  libinit2.o(.ARM.Collect$$libinit$$00000025)
    __rt_lib_init_heap_1                     0x0800015b   Thumb Code     0  libinit2.o(.ARM.Collect$$libinit$$0000000C)
    __rt_lib_init_lc_collate_1               0x0800015b   Thumb Code     0  libinit2.o(.ARM.Collect$$libinit$$00000013)
    __rt_lib_init_lc_ctype_1                 0x0800015b   Thumb Code     0  libinit2.o(.ARM.Collect$$libinit$$00000015)
    __rt_lib_init_lc_monetary_1              0x0800015b   Thumb Code     0  libinit2.o(.ARM.Collect$$libinit$$00000017)
    __rt_lib_init_lc_numeric_1               0x0800015b   Thumb Code     0  libinit2.o(.ARM.Collect$$libinit$$00000019)
    __rt_lib_init_lc_time_1                  0x0800015b   Thumb Code     0  libinit2.o(.ARM.Collect$$libinit$$0000001B)
    __rt_lib_init_preinit_1                  0x0800015b   Thumb Code     0  libinit2.o(.ARM.Collect$$libinit$$00000006)
    __rt_lib_init_rand_1                     0x0800015b   Thumb Code     0  libinit2.o(.ARM.Collect$$libinit$$00000010)
    __rt_lib_init_relocate_pie_1             0x0800015b   Thumb Code     0  libinit2.o(.ARM.Collect$$libinit$$00000004)
    __rt_lib_init_return                     0x0800015b   Thumb Code     0  libinit2.o(.ARM.Collect$$libinit$$00000035)
    __rt_lib_init_signal_1                   0x0800015b   Thumb Code     0  libinit2.o(.ARM.Collect$$libinit$$0000001F)
    __rt_lib_init_stdio_1                    0x0800015b   Thumb Code     0  libinit2.o(.ARM.Collect$$libinit$$00000027)
    __rt_lib_init_user_alloc_1               0x0800015b   Thumb Code     0  libinit2.o(.ARM.Collect$$libinit$$0000000E)
    __rt_lib_shutdown                        0x0800015d   Thumb Code     0  libshutdown.o(.ARM.Collect$$libshutdown$$00000000)
    __rt_lib_shutdown_cpp_1                  0x0800015f   Thumb Code     0  libshutdown2.o(.ARM.Collect$$libshutdown$$00000002)
    __rt_lib_shutdown_fp_trap_1              0x0800015f   Thumb Code     0  libshutdown2.o(.ARM.Collect$$libshutdown$$00000007)
    __rt_lib_shutdown_heap_1                 0x0800015f   Thumb Code     0  libshutdown2.o(.ARM.Collect$$libshutdown$$0000000F)
    __rt_lib_shutdown_return                 0x0800015f   Thumb Code     0  libshutdown2.o(.ARM.Collect$$libshutdown$$00000010)
    __rt_lib_shutdown_signal_1               0x0800015f   Thumb Code     0  libshutdown2.o(.ARM.Collect$$libshutdown$$0000000A)
    __rt_lib_shutdown_stdio_1                0x0800015f   Thumb Code     0  libshutdown2.o(.ARM.Collect$$libshutdown$$00000004)
    __rt_lib_shutdown_user_alloc_1           0x0800015f   Thumb Code     0  libshutdown2.o(.ARM.Collect$$libshutdown$$0000000C)
    __rt_entry                               0x08000161   Thumb Code     0  __rtentry.o(.ARM.Collect$$rtentry$$00000000)
    __rt_entry_presh_1                       0x08000161   Thumb Code     0  __rtentry2.o(.ARM.Collect$$rtentry$$00000002)
    __rt_entry_sh                            0x08000161   Thumb Code     0  __rtentry4.o(.ARM.Collect$$rtentry$$00000004)
    __rt_entry_li                            0x08000167   Thumb Code     0  __rtentry2.o(.ARM.Collect$$rtentry$$0000000A)
    __rt_entry_postsh_1                      0x08000167   Thumb Code     0  __rtentry2.o(.ARM.Collect$$rtentry$$00000009)
    __rt_entry_main                          0x0800016b   Thumb Code     0  __rtentry2.o(.ARM.Collect$$rtentry$$0000000D)
    __rt_entry_postli_1                      0x0800016b   Thumb Code     0  __rtentry2.o(.ARM.Collect$$rtentry$$0000000C)
    __rt_exit                                0x08000173   Thumb Code     0  rtexit.o(.ARM.Collect$$rtexit$$00000000)
    __rt_exit_ls                             0x08000175   Thumb Code     0  rtexit2.o(.ARM.Collect$$rtexit$$00000003)
    __rt_exit_prels_1                        0x08000175   Thumb Code     0  rtexit2.o(.ARM.Collect$$rtexit$$00000002)
    __rt_exit_exit                           0x08000179   Thumb Code     0  rtexit2.o(.ARM.Collect$$rtexit$$00000004)
    Reset_Handler                            0x08000181   Thumb Code     8  startup_py32f002ax5.o(.text)
    ADC_COMP_IRQHandler                      0x08000193   Thumb Code     0  startup_py32f002ax5.o(.text)
    EXTI0_1_IRQHandler                       0x08000193   Thumb Code     0  startup_py32f002ax5.o(.text)
    EXTI2_3_IRQHandler                       0x08000193   Thumb Code     0  startup_py32f002ax5.o(.text)
    EXTI4_15_IRQHandler                      0x08000193   Thumb Code     0  startup_py32f002ax5.o(.text)
    FLASH_IRQHandler                         0x08000193   Thumb Code     0  startup_py32f002ax5.o(.text)
    I2C1_IRQHandler                          0x08000193   Thumb Code     0  startup_py32f002ax5.o(.text)
    LPTIM1_IRQHandler                        0x08000193   Thumb Code     0  startup_py32f002ax5.o(.text)
    RCC_IRQHandler                           0x08000193   Thumb Code     0  startup_py32f002ax5.o(.text)
    SPI1_IRQHandler                          0x08000193   Thumb Code     0  startup_py32f002ax5.o(.text)
    TIM16_IRQHandler                         0x08000193   Thumb Code     0  startup_py32f002ax5.o(.text)
    TIM1_BRK_UP_TRG_COM_IRQHandler           0x08000193   Thumb Code     0  startup_py32f002ax5.o(.text)
    TIM1_CC_IRQHandler                       0x08000193   Thumb Code     0  startup_py32f002ax5.o(.text)
    USART1_IRQHandler                        0x08000193   Thumb Code     0  startup_py32f002ax5.o(.text)
    __user_initial_stackheap                 0x08000195   Thumb Code     0  startup_py32f002ax5.o(.text)
    __aeabi_memset                           0x080001b5   Thumb Code    18  aeabi_memset.o(.text)
    __aeabi_uidiv                            0x080001c9   Thumb Code     0  aeabi_sdiv.o(.text)
    __aeabi_uidivmod                         0x080001c9   Thumb Code    20  aeabi_sdiv.o(.text)
    __aeabi_idiv                             0x080001dd   Thumb Code     0  aeabi_sdiv.o(.text)
    __aeabi_idivmod                          0x080001dd   Thumb Code   338  aeabi_sdiv.o(.text)
    __use_two_region_memory                  0x08000335   Thumb Code     2  heapauxi.o(.text)
    __rt_heap_escrow$2region                 0x08000337   Thumb Code     2  heapauxi.o(.text)
    __rt_heap_expand$2region                 0x08000339   Thumb Code     2  heapauxi.o(.text)
    _memset_w                                0x0800033b   Thumb Code    26  rt_memclr.o(.text)
    _memset                                  0x08000355   Thumb Code    30  rt_memclr.o(.text)
    __aeabi_memclr                           0x08000373   Thumb Code     4  rt_memclr.o(.text)
    __rt_memclr                              0x08000373   Thumb Code     0  rt_memclr.o(.text)
    __aeabi_memclr4                          0x08000377   Thumb Code     0  rt_memclr.o(.text)
    __aeabi_memclr8                          0x08000377   Thumb Code     0  rt_memclr.o(.text)
    __rt_memclr_w                            0x08000377   Thumb Code     4  rt_memclr.o(.text)
    __user_setup_stackheap                   0x0800037b   Thumb Code    62  sys_stackheap_outer.o(.text)
    exit                                     0x080003b9   Thumb Code    16  exit.o(.text)
    __user_libspace                          0x080003c9   Thumb Code     8  libspace.o(.text)
    __user_perproc_libspace                  0x080003c9   Thumb Code     0  libspace.o(.text)
    __user_perthread_libspace                0x080003c9   Thumb Code     0  libspace.o(.text)
    _sys_exit                                0x080003d1   Thumb Code     8  sys_exit.o(.text)
    __I$use$semihosting                      0x080003dd   Thumb Code     0  use_no_semi.o(.text)
    __use_no_semihosting_swi                 0x080003dd   Thumb Code     2  use_no_semi.o(.text)
    __semihosting_library_function           0x080003df   Thumb Code     0  indicate_semi.o(.text)
    main                                     0x080003e1   Thumb Code    72  system_py32f0xx.o(.text.$Sub$$main)
    GPIO_voidInit                            0x08000431   Thumb Code    80  main.o(.text.GPIO_voidInit)
    HAL_Delay                                0x08000485   Thumb Code    64  py32f0xx_hal.o(.text.HAL_Delay)
    HAL_GPIO_Init                            0x080004c9   Thumb Code   644  py32f0xx_hal_gpio.o(.text.HAL_GPIO_Init)
    HAL_GPIO_TogglePin                       0x08000765   Thumb Code    50  py32f0xx_hal_gpio.o(.text.HAL_GPIO_TogglePin)
    HAL_GetTick                              0x08000799   Thumb Code     8  py32f0xx_hal.o(.text.HAL_GetTick)
    HAL_I2C_Init                             0x080007a5   Thumb Code   616  py32f0xx_hal_i2c.o(.text.HAL_I2C_Init)
    HAL_I2C_IsDeviceReady                    0x08000a25   Thumb Code   628  py32f0xx_hal_i2c.o(.text.HAL_I2C_IsDeviceReady)
    HAL_I2C_Master_Transmit                  0x08000ca5   Thumb Code   524  py32f0xx_hal_i2c.o(.text.HAL_I2C_Master_Transmit)
    HAL_I2C_MspInit                          0x08000eb9   Thumb Code    96  py32f0xx_hal_msp.o(.text.HAL_I2C_MspInit)
    HAL_IncTick                              0x08000f25   Thumb Code    16  py32f0xx_hal.o(.text.HAL_IncTick)
    HAL_InitTick                             0x08000f39   Thumb Code   120  py32f0xx_hal.o(.text.HAL_InitTick)
    HAL_NVIC_SetPriority                     0x08000fb9   Thumb Code    28  py32f0xx_hal_cortex.o(.text.HAL_NVIC_SetPriority)
    HAL_RCC_GetHCLKFreq                      0x08000fd5   Thumb Code     8  py32f0xx_hal_rcc.o(.text.HAL_RCC_GetHCLKFreq)
    HAL_RCC_GetPCLK1Freq                     0x08000fe1   Thumb Code    32  py32f0xx_hal_rcc.o(.text.HAL_RCC_GetPCLK1Freq)
    HAL_SYSTICK_Config                       0x08001009   Thumb Code    16  py32f0xx_hal_cortex.o(.text.HAL_SYSTICK_Config)
    HardFault_Handler                        0x08001019   Thumb Code     4  py32f0xx_it.o(.text.HardFault_Handler)
    I2C_voidInit                             0x08001441   Thumb Code    28  main.o(.text.I2C_voidInit)
    NMI_Handler                              0x08001465   Thumb Code     2  py32f0xx_it.o(.text.NMI_Handler)
    PendSV_Handler                           0x08001467   Thumb Code     2  py32f0xx_it.o(.text.PendSV_Handler)
    SSD1306_Clear                            0x08001469   Thumb Code    14  ssd1306.o(.text.SSD1306_Clear)
    SSD1306_DrawPixel                        0x08001479   Thumb Code   140  ssd1306.o(.text.SSD1306_DrawPixel)
    SSD1306_Fill                             0x08001505   Thumb Code    44  ssd1306.o(.text.SSD1306_Fill)
    SSD1306_GotoXY                           0x08001531   Thumb Code    24  ssd1306.o(.text.SSD1306_GotoXY)
    SSD1306_Init                             0x08001549   Thumb Code   392  ssd1306.o(.text.SSD1306_Init)
    SSD1306_Putc                             0x080016dd   Thumb Code   236  ssd1306.o(.text.SSD1306_Putc)
    SSD1306_Puts                             0x080017cd   Thumb Code    84  ssd1306.o(.text.SSD1306_Puts)
    SSD1306_UpdateScreen                     0x08001821   Thumb Code    96  ssd1306.o(.text.SSD1306_UpdateScreen)
    SVC_Handler                              0x08001885   Thumb Code     2  py32f0xx_it.o(.text.SVC_Handler)
    SYSTICK_voidInit                         0x08001887   Thumb Code    10  main.o(.text.SYSTICK_voidInit)
    SysTick_Handler                          0x080018e1   Thumb Code     8  py32f0xx_it.o(.text.SysTick_Handler)
    SystemInit                               0x080018e9   Thumb Code    32  system_py32f0xx.o(.text.SystemInit)
    $Super$$main                             0x0800199d   Thumb Code    72  main.o(.text.main)
    ssd1306_I2C_Init                         0x080019ed   Thumb Code    28  ssd1306.o(.text.ssd1306_I2C_Init)
    ssd1306_I2C_Write                        0x08001a0d   Thumb Code    48  ssd1306.o(.text.ssd1306_I2C_Write)
    ssd1306_I2C_WriteMulti                   0x08001a3d   Thumb Code   100  ssd1306.o(.text.ssd1306_I2C_WriteMulti)
    APBPrescTable                            0x08001aa4   Data          32  system_py32f0xx.o(.rodata.APBPrescTable)
    Font11x18                                0x08001ac4   Data        3420  fonts.o(.rodata.Font11x18)
    Region$$Table$$Base                      0x08002828   Number         0  anon$$obj.o(Region$$Table)
    Region$$Table$$Limit                     0x08002848   Number         0  anon$$obj.o(Region$$Table)
    VECT_SRAM_TAB                            0x20000000   Data         192  system_py32f0xx.o(.ARM.__at_0x20000000)
    Font_11x18                               0x200000c0   Data           8  fonts.o(.data.Font_11x18)
    SystemCoreClock                          0x200000c8   Data           4  system_py32f0xx.o(.data.SystemCoreClock)
    uwTickFreq                               0x200000cc   Data           4  py32f0xx_hal.o(.data.uwTickFreq)
    uwTickPrio                               0x200000d0   Data           4  py32f0xx_hal.o(.data.uwTickPrio)
    __libspace_start                         0x200000d8   Data          96  libspace.o(.bss)
    __temporary_stack_top$libspace           0x20000138   Data           0  libspace.o(.bss)
    screen                                   0x20000540   Data          64  main.o(.bss.screen)
    uwTick                                   0x20000580   Data           4  py32f0xx_hal.o(.bss.uwTick)



==============================================================================

Memory Map of the image

  Image Entry point : 0x08000181

  Load Region LR_1 (Base: 0x08000000, Size: 0x0000291c, Max: 0xffffffff, ABSOLUTE)

    Execution Region ER_RO (Exec base: 0x08000000, Load base: 0x08000000, Size: 0x00002848, Max: 0xffffffff, ABSOLUTE)

    Exec Addr    Load Addr    Size         Type   Attr      Idx    E Section Name        Object

    0x08000000   0x08000000   0x000000c0   Data   RO          619    RESET               startup_py32f002ax5.o
    0x080000c0   0x080000c0   0x00000008   Code   RO          656  * !!!main             c_p.l(__main.o)
    0x080000c8   0x080000c8   0x00000054   Code   RO          835    !!!scatter          c_p.l(__scatter.o)
    0x0800011c   0x0800011c   0x0000001a   Code   RO          839    !!handler_copy      c_p.l(__scatter_copy.o)
    0x08000136   0x08000136   0x00000002   PAD
    0x08000138   0x08000138   0x00000002   Code   RO          836    !!handler_null      c_p.l(__scatter.o)
    0x0800013a   0x0800013a   0x00000002   PAD
    0x0800013c   0x0800013c   0x0000001c   Code   RO          841    !!handler_zi        c_p.l(__scatter_zi.o)
    0x08000158   0x08000158   0x00000002   Code   RO          696    .ARM.Collect$$libinit$$00000000  c_p.l(libinit.o)
    0x0800015a   0x0800015a   0x00000000   Code   RO          710    .ARM.Collect$$libinit$$00000002  c_p.l(libinit2.o)
    0x0800015a   0x0800015a   0x00000000   Code   RO          712    .ARM.Collect$$libinit$$00000004  c_p.l(libinit2.o)
    0x0800015a   0x0800015a   0x00000000   Code   RO          714    .ARM.Collect$$libinit$$00000006  c_p.l(libinit2.o)
    0x0800015a   0x0800015a   0x00000000   Code   RO          717    .ARM.Collect$$libinit$$0000000C  c_p.l(libinit2.o)
    0x0800015a   0x0800015a   0x00000000   Code   RO          719    .ARM.Collect$$libinit$$0000000E  c_p.l(libinit2.o)
    0x0800015a   0x0800015a   0x00000000   Code   RO          721    .ARM.Collect$$libinit$$00000010  c_p.l(libinit2.o)
    0x0800015a   0x0800015a   0x00000000   Code   RO          724    .ARM.Collect$$libinit$$00000013  c_p.l(libinit2.o)
    0x0800015a   0x0800015a   0x00000000   Code   RO          726    .ARM.Collect$$libinit$$00000015  c_p.l(libinit2.o)
    0x0800015a   0x0800015a   0x00000000   Code   RO          728    .ARM.Collect$$libinit$$00000017  c_p.l(libinit2.o)
    0x0800015a   0x0800015a   0x00000000   Code   RO          730    .ARM.Collect$$libinit$$00000019  c_p.l(libinit2.o)
    0x0800015a   0x0800015a   0x00000000   Code   RO          732    .ARM.Collect$$libinit$$0000001B  c_p.l(libinit2.o)
    0x0800015a   0x0800015a   0x00000000   Code   RO          734    .ARM.Collect$$libinit$$0000001D  c_p.l(libinit2.o)
    0x0800015a   0x0800015a   0x00000000   Code   RO          736    .ARM.Collect$$libinit$$0000001F  c_p.l(libinit2.o)
    0x0800015a   0x0800015a   0x00000000   Code   RO          738    .ARM.Collect$$libinit$$00000021  c_p.l(libinit2.o)
    0x0800015a   0x0800015a   0x00000000   Code   RO          740    .ARM.Collect$$libinit$$00000023  c_p.l(libinit2.o)
    0x0800015a   0x0800015a   0x00000000   Code   RO          742    .ARM.Collect$$libinit$$00000025  c_p.l(libinit2.o)
    0x0800015a   0x0800015a   0x00000000   Code   RO          744    .ARM.Collect$$libinit$$00000027  c_p.l(libinit2.o)
    0x0800015a   0x0800015a   0x00000000   Code   RO          748    .ARM.Collect$$libinit$$0000002E  c_p.l(libinit2.o)
    0x0800015a   0x0800015a   0x00000000   Code   RO          750    .ARM.Collect$$libinit$$00000030  c_p.l(libinit2.o)
    0x0800015a   0x0800015a   0x00000000   Code   RO          752    .ARM.Collect$$libinit$$00000032  c_p.l(libinit2.o)
    0x0800015a   0x0800015a   0x00000000   Code   RO          754    .ARM.Collect$$libinit$$00000034  c_p.l(libinit2.o)
    0x0800015a   0x0800015a   0x00000002   Code   RO          755    .ARM.Collect$$libinit$$00000035  c_p.l(libinit2.o)
    0x0800015c   0x0800015c   0x00000002   Code   RO          790    .ARM.Collect$$libshutdown$$00000000  c_p.l(libshutdown.o)
    0x0800015e   0x0800015e   0x00000000   Code   RO          818    .ARM.Collect$$libshutdown$$00000002  c_p.l(libshutdown2.o)
    0x0800015e   0x0800015e   0x00000000   Code   RO          820    .ARM.Collect$$libshutdown$$00000004  c_p.l(libshutdown2.o)
    0x0800015e   0x0800015e   0x00000000   Code   RO          823    .ARM.Collect$$libshutdown$$00000007  c_p.l(libshutdown2.o)
    0x0800015e   0x0800015e   0x00000000   Code   RO          826    .ARM.Collect$$libshutdown$$0000000A  c_p.l(libshutdown2.o)
    0x0800015e   0x0800015e   0x00000000   Code   RO          828    .ARM.Collect$$libshutdown$$0000000C  c_p.l(libshutdown2.o)
    0x0800015e   0x0800015e   0x00000000   Code   RO          831    .ARM.Collect$$libshutdown$$0000000F  c_p.l(libshutdown2.o)
    0x0800015e   0x0800015e   0x00000002   Code   RO          832    .ARM.Collect$$libshutdown$$00000010  c_p.l(libshutdown2.o)
    0x08000160   0x08000160   0x00000000   Code   RO          658    .ARM.Collect$$rtentry$$00000000  c_p.l(__rtentry.o)
    0x08000160   0x08000160   0x00000000   Code   RO          666    .ARM.Collect$$rtentry$$00000002  c_p.l(__rtentry2.o)
    0x08000160   0x08000160   0x00000006   Code   RO          678    .ARM.Collect$$rtentry$$00000004  c_p.l(__rtentry4.o)
    0x08000166   0x08000166   0x00000000   Code   RO          668    .ARM.Collect$$rtentry$$00000009  c_p.l(__rtentry2.o)
    0x08000166   0x08000166   0x00000004   Code   RO          669    .ARM.Collect$$rtentry$$0000000A  c_p.l(__rtentry2.o)
    0x0800016a   0x0800016a   0x00000000   Code   RO          671    .ARM.Collect$$rtentry$$0000000C  c_p.l(__rtentry2.o)
    0x0800016a   0x0800016a   0x00000008   Code   RO          672    .ARM.Collect$$rtentry$$0000000D  c_p.l(__rtentry2.o)
    0x08000172   0x08000172   0x00000002   Code   RO          701    .ARM.Collect$$rtexit$$00000000  c_p.l(rtexit.o)
    0x08000174   0x08000174   0x00000000   Code   RO          761    .ARM.Collect$$rtexit$$00000002  c_p.l(rtexit2.o)
    0x08000174   0x08000174   0x00000004   Code   RO          762    .ARM.Collect$$rtexit$$00000003  c_p.l(rtexit2.o)
    0x08000178   0x08000178   0x00000006   Code   RO          763    .ARM.Collect$$rtexit$$00000004  c_p.l(rtexit2.o)
    0x0800017e   0x0800017e   0x00000002   PAD
    0x08000180   0x08000180   0x00000034   Code   RO          620  * .text               startup_py32f002ax5.o
    0x080001b4   0x080001b4   0x00000012   Code   RO          648    .text               c_p.l(aeabi_memset.o)
    0x080001c6   0x080001c6   0x00000002   PAD
    0x080001c8   0x080001c8   0x0000016c   Code   RO          650    .text               c_p.l(aeabi_sdiv.o)
    0x08000334   0x08000334   0x00000006   Code   RO          654    .text               c_p.l(heapauxi.o)
    0x0800033a   0x0800033a   0x00000040   Code   RO          663    .text               c_p.l(rt_memclr.o)
    0x0800037a   0x0800037a   0x0000003e   Code   RO          682    .text               c_p.l(sys_stackheap_outer.o)
    0x080003b8   0x080003b8   0x00000010   Code   RO          685    .text               c_p.l(exit.o)
    0x080003c8   0x080003c8   0x00000008   Code   RO          697    .text               c_p.l(libspace.o)
    0x080003d0   0x080003d0   0x0000000c   Code   RO          756    .text               c_p.l(sys_exit.o)
    0x080003dc   0x080003dc   0x00000002   Code   RO          779    .text               c_p.l(use_no_semi.o)
    0x080003de   0x080003de   0x00000000   Code   RO          781    .text               c_p.l(indicate_semi.o)
    0x080003de   0x080003de   0x00000002   PAD
    0x080003e0   0x080003e0   0x00000050   Code   RO          631    .text.$Sub$$main    system_py32f0xx.o
    0x08000430   0x08000430   0x00000054   Code   RO            6    .text.GPIO_voidInit  main.o
    0x08000484   0x08000484   0x00000044   Code   RO          168    .text.HAL_Delay     py32f0xx_hal.o
    0x080004c8   0x080004c8   0x0000029c   Code   RO          312    .text.HAL_GPIO_Init  py32f0xx_hal_gpio.o
    0x08000764   0x08000764   0x00000032   Code   RO          320    .text.HAL_GPIO_TogglePin  py32f0xx_hal_gpio.o
    0x08000796   0x08000796   0x00000002   PAD
    0x08000798   0x08000798   0x0000000c   Code   RO          160    .text.HAL_GetTick   py32f0xx_hal.o
    0x080007a4   0x080007a4   0x00000280   Code   RO          335    .text.HAL_I2C_Init  py32f0xx_hal_i2c.o
    0x08000a24   0x08000a24   0x00000280   Code   RO          385    .text.HAL_I2C_IsDeviceReady  py32f0xx_hal_i2c.o
    0x08000ca4   0x08000ca4   0x00000214   Code   RO          343    .text.HAL_I2C_Master_Transmit  py32f0xx_hal_i2c.o
    0x08000eb8   0x08000eb8   0x0000006c   Code   RO           25    .text.HAL_I2C_MspInit  py32f0xx_hal_msp.o
    0x08000f24   0x08000f24   0x00000014   Code   RO          158    .text.HAL_IncTick   py32f0xx_hal.o
    0x08000f38   0x08000f38   0x00000080   Code   RO          150    .text.HAL_InitTick  py32f0xx_hal.o
    0x08000fb8   0x08000fb8   0x0000001c   Code   RO          261    .text.HAL_NVIC_SetPriority  py32f0xx_hal_cortex.o
    0x08000fd4   0x08000fd4   0x0000000c   Code   RO          514    .text.HAL_RCC_GetHCLKFreq  py32f0xx_hal_rcc.o
    0x08000fe0   0x08000fe0   0x00000028   Code   RO          516    .text.HAL_RCC_GetPCLK1Freq  py32f0xx_hal_rcc.o
    0x08001008   0x08001008   0x00000010   Code   RO          277    .text.HAL_SYSTICK_Config  py32f0xx_hal_cortex.o
    0x08001018   0x08001018   0x00000004   Code   RO           36    .text.HardFault_Handler  py32f0xx_it.o
    0x0800101c   0x0800101c   0x00000064   Code   RO          465    .text.I2C_IsAcknowledgeFailed  py32f0xx_hal_i2c.o
    0x08001080   0x08001080   0x000000c0   Code   RO          347    .text.I2C_MasterRequestWrite  py32f0xx_hal_i2c.o
    0x08001140   0x08001140   0x00000098   Code   RO          351    .text.I2C_WaitOnBTFFlagUntilTimeout  py32f0xx_hal_i2c.o
    0x080011d8   0x080011d8   0x000000ba   Code   RO          345    .text.I2C_WaitOnFlagUntilTimeout  py32f0xx_hal_i2c.o
    0x08001292   0x08001292   0x00000002   PAD
    0x08001294   0x08001294   0x00000114   Code   RO          463    .text.I2C_WaitOnMasterAddressFlagUntilTimeout  py32f0xx_hal_i2c.o
    0x080013a8   0x080013a8   0x00000096   Code   RO          349    .text.I2C_WaitOnTXEFlagUntilTimeout  py32f0xx_hal_i2c.o
    0x0800143e   0x0800143e   0x00000002   PAD
    0x08001440   0x08001440   0x00000024   Code   RO            8    .text.I2C_voidInit  main.o
    0x08001464   0x08001464   0x00000002   Code   RO           34    .text.NMI_Handler   py32f0xx_it.o
    0x08001466   0x08001466   0x00000002   Code   RO           40    .text.PendSV_Handler  py32f0xx_it.o
    0x08001468   0x08001468   0x0000000e   Code   RO          131    .text.SSD1306_Clear  ssd1306.o
    0x08001476   0x08001476   0x00000002   PAD
    0x08001478   0x08001478   0x0000008c   Code   RO           83    .text.SSD1306_DrawPixel  ssd1306.o
    0x08001504   0x08001504   0x0000002c   Code   RO           89    .text.SSD1306_Fill  ssd1306.o
    0x08001530   0x08001530   0x00000018   Code   RO           97    .text.SSD1306_GotoXY  ssd1306.o
    0x08001548   0x08001548   0x00000194   Code   RO           87    .text.SSD1306_Init  ssd1306.o
    0x080016dc   0x080016dc   0x000000f0   Code   RO          101    .text.SSD1306_Putc  ssd1306.o
    0x080017cc   0x080017cc   0x00000054   Code   RO          105    .text.SSD1306_Puts  ssd1306.o
    0x08001820   0x08001820   0x00000064   Code   RO           91    .text.SSD1306_UpdateScreen  ssd1306.o
    0x08001884   0x08001884   0x00000002   Code   RO           38    .text.SVC_Handler   py32f0xx_it.o
    0x08001886   0x08001886   0x0000000a   Code   RO            4    .text.SYSTICK_voidInit  main.o
    0x08001890   0x08001890   0x00000050   Code   RO          279    .text.SysTick_Config  py32f0xx_hal_cortex.o
    0x080018e0   0x080018e0   0x00000008   Code   RO           42    .text.SysTick_Handler  py32f0xx_it.o
    0x080018e8   0x080018e8   0x00000030   Code   RO          629    .text.SystemInit    system_py32f0xx.o
    0x08001918   0x08001918   0x00000084   Code   RO          263    .text.__NVIC_SetPriority  py32f0xx_hal_cortex.o
    0x0800199c   0x0800199c   0x00000050   Code   RO            2    .text.main          main.o
    0x080019ec   0x080019ec   0x00000020   Code   RO          137    .text.ssd1306_I2C_Init  ssd1306.o
    0x08001a0c   0x08001a0c   0x00000030   Code   RO           69    .text.ssd1306_I2C_Write  ssd1306.o
    0x08001a3c   0x08001a3c   0x00000068   Code   RO           93    .text.ssd1306_I2C_WriteMulti  ssd1306.o
    0x08001aa4   0x08001aa4   0x00000020   Data   RO          635    .rodata.APBPrescTable  system_py32f0xx.o
    0x08001ac4   0x08001ac4   0x00000d5c   Data   RO           54    .rodata.Font11x18   fonts.o
    0x08002820   0x08002820   0x00000007   Data   RO           12    .rodata.str1.1      main.o
    0x08002827   0x08002827   0x00000001   PAD
    0x08002828   0x08002828   0x00000020   Data   RO          834    Region$$Table       anon$$obj.o


    Execution Region ER_RW (Exec base: 0x20000000, Load base: 0x08002848, Size: 0x000000d4, Max: 0xffffffff, ABSOLUTE)

    Exec Addr    Load Addr    Size         Type   Attr      Idx    E Section Name        Object

    0x20000000   0x08002848   0x000000c0   Data   RW          637    .ARM.__at_0x20000000  system_py32f0xx.o
    0x200000c0   0x08002908   0x00000008   Data   RW           59    .data.Font_11x18    fonts.o
    0x200000c8   0x08002910   0x00000004   Data   RW          633    .data.SystemCoreClock  system_py32f0xx.o
    0x200000cc   0x08002914   0x00000004   Data   RW          191    .data.uwTickFreq    py32f0xx_hal.o
    0x200000d0   0x08002918   0x00000004   Data   RW          190    .data.uwTickPrio    py32f0xx_hal.o


    Execution Region ER_ZI (Exec base: 0x200000d8, Load base: 0x0800291c, Size: 0x000008b0, Max: 0xffffffff, ABSOLUTE)

    Exec Addr    Load Addr    Size         Type   Attr      Idx    E Section Name        Object

    0x200000d8        -       0x00000060   Zero   RW          698    .bss                c_p.l(libspace.o)
    0x20000138        -       0x00000006   Zero   RW          139    .bss.SSD1306        ssd1306.o
    0x2000013e        -       0x00000400   Zero   RW          140    .bss.SSD1306_Buffer  ssd1306.o
    0x2000053e   0x0800291c   0x00000002   PAD
    0x20000540        -       0x00000040   Zero   RW           14    .bss.screen         main.o
    0x20000580        -       0x00000004   Zero   RW          192    .bss.uwTick         py32f0xx_hal.o
    0x20000584   0x0800291c   0x00000004   PAD
    0x20000588        -       0x00000000   Zero   RW          618    HEAP                startup_py32f002ax5.o
    0x20000588        -       0x00000400   Zero   RW          617    STACK               startup_py32f002ax5.o


==============================================================================

Image component sizes


      Code (inc. data)   RO Data    RW Data    ZI Data      Debug   Object Name

         0          0       3420          8          0       1235   fonts.o
       210         20          7          0         64       4716   main.o
       228         20          0          8          4       4717   py32f0xx_hal.o
       256         20          0          0          0       4953   py32f0xx_hal_cortex.o
       718         24          0          0          0       4153   py32f0xx_hal_gpio.o
      2868         60          0          0          0      27414   py32f0xx_hal_i2c.o
       108         12          0          0          0       3444   py32f0xx_hal_msp.o
        52         12          0          0          0       6957   py32f0xx_hal_rcc.o
        18          0          0          0          0        663   py32f0xx_it.o
      1234         28          0          0       1030      13131   ssd1306.o
        52         22        192          0       1024        652   startup_py32f002ax5.o
       128         24         32        196          0       2391   system_py32f0xx.o

    ----------------------------------------------------------------------
      5880        242       3684        212       2128      74426   Object Totals
         0          0         32          0          0          0   (incl. Generated)
         8          0          1          0          6          0   (incl. Padding)

    ----------------------------------------------------------------------

      Code (inc. data)   RO Data    RW Data    ZI Data      Debug   Library Member Name

         8          0          0          0          0         68   __main.o
         0          0          0          0          0          0   __rtentry.o
        12          0          0          0          0          0   __rtentry2.o
         6          0          0          0          0          0   __rtentry4.o
        86         10          0          0          0          0   __scatter.o
        26          0          0          0          0          0   __scatter_copy.o
        28          0          0          0          0          0   __scatter_zi.o
        18          0          0          0          0         68   aeabi_memset.o
       364          4          0          0          0         92   aeabi_sdiv.o
        16          0          0          0          0         68   exit.o
         6          0          0          0          0        136   heapauxi.o
         0          0          0          0          0          0   indicate_semi.o
         2          0          0          0          0          0   libinit.o
         2          0          0          0          0          0   libinit2.o
         2          0          0          0          0          0   libshutdown.o
         2          0          0          0          0          0   libshutdown2.o
         8          4          0          0         96         68   libspace.o
        64          0          0          0          0        108   rt_memclr.o
         2          0          0          0          0          0   rtexit.o
        10          0          0          0          0          0   rtexit2.o
        12          4          0          0          0         60   sys_exit.o
        62          0          0          0          0         80   sys_stackheap_outer.o
         2          0          0          0          0         68   use_no_semi.o

    ----------------------------------------------------------------------
       748         22          0          0         96        816   Library Totals
        10          0          0          0          0          0   (incl. Padding)

    ----------------------------------------------------------------------

      Code (inc. data)   RO Data    RW Data    ZI Data      Debug   Library Name

       738         22          0          0         96        816   c_p.l

    ----------------------------------------------------------------------
       748         22          0          0         96        816   Library Totals

    ----------------------------------------------------------------------

==============================================================================


      Code (inc. data)   RO Data    RW Data    ZI Data      Debug   

      6628        264       3684        212       2224      74898   Grand Totals
      6628        264       3684        212       2224      74898   ELF Image Totals
      6628        264       3684        212          0          0   ROM Totals

==============================================================================

    Total RO  Size (Code + RO Data)                10312 (  10.07kB)
    Total RW  Size (RW Data + ZI Data)              2436 (   2.38kB)
    Total ROM Size (Code + RO Data + RW Data)      10524 (  10.28kB)

==============================================================================

