Component: Arm Compiler for Embedded 6.22 Tool: armlink [5ee90200]

==============================================================================

Section Cross References

    main.o(.ARM.exidx.text.delay) refers to main.o(.text.delay) for [Anonymous Symbol]
    main.o(.text.main) refers to py32f0xx_hal_gpio.o(.text.HAL_GPIO_Init) for HAL_GPIO_Init
    main.o(.text.main) refers to py32f0xx_hal_i2c.o(.text.HAL_I2C_Init) for HAL_I2C_Init
    main.o(.text.main) refers to main.o(.text.delay) for delay
    main.o(.text.main) refers to ssd1306.o(.text.SSD1306_Init) for SSD1306_Init
    main.o(.text.main) refers to ssd1306.o(.text.SSD1306_Clear) for SSD1306_Clear
    main.o(.text.main) refers to ssd1306.o(.text.SSD1306_GotoXY) for SSD1306_GotoXY
    main.o(.text.main) refers to ssd1306.o(.text.SSD1306_Puts) for SSD1306_Puts
    main.o(.text.main) refers to ssd1306.o(.text.SSD1306_UpdateScreen) for SSD1306_UpdateScreen
    main.o(.text.main) refers to py32f0xx_hal_gpio.o(.text.HAL_GPIO_TogglePin) for HAL_GPIO_TogglePin
    main.o(.text.main) refers to main.o(.bss.test) for test
    main.o(.text.main) refers to main.o(.rodata.str1.1) for [Anonymous Symbol]
    main.o(.text.main) refers to fonts.o(.data.Font_11x18) for Font_11x18
    main.o(.ARM.exidx.text.main) refers to main.o(.text.main) for [Anonymous Symbol]
    py32f0xx_hal_msp.o(.ARM.exidx.text.HAL_MspInit) refers to py32f0xx_hal_msp.o(.text.HAL_MspInit) for [Anonymous Symbol]
    py32f0xx_hal_msp.o(.text.HAL_I2C_MspInit) refers to py32f0xx_hal_gpio.o(.text.HAL_GPIO_Init) for HAL_GPIO_Init
    py32f0xx_hal_msp.o(.ARM.exidx.text.HAL_I2C_MspInit) refers to py32f0xx_hal_msp.o(.text.HAL_I2C_MspInit) for [Anonymous Symbol]
    py32f0xx_it.o(.ARM.exidx.text.NMI_Handler) refers to py32f0xx_it.o(.text.NMI_Handler) for [Anonymous Symbol]
    py32f0xx_it.o(.ARM.exidx.text.HardFault_Handler) refers to py32f0xx_it.o(.text.HardFault_Handler) for [Anonymous Symbol]
    py32f0xx_it.o(.ARM.exidx.text.SVC_Handler) refers to py32f0xx_it.o(.text.SVC_Handler) for [Anonymous Symbol]
    py32f0xx_it.o(.ARM.exidx.text.PendSV_Handler) refers to py32f0xx_it.o(.text.PendSV_Handler) for [Anonymous Symbol]
    py32f0xx_it.o(.text.SysTick_Handler) refers to py32f0xx_hal.o(.text.HAL_IncTick) for HAL_IncTick
    py32f0xx_it.o(.ARM.exidx.text.SysTick_Handler) refers to py32f0xx_it.o(.text.SysTick_Handler) for [Anonymous Symbol]
    fonts.o(.text.FONTS_GetStringSize) refers to strlen.o(.text) for strlen
    fonts.o(.ARM.exidx.text.FONTS_GetStringSize) refers to fonts.o(.text.FONTS_GetStringSize) for [Anonymous Symbol]
    fonts.o(.data.Font_6x8) refers to fonts.o(.rodata.Font6x8) for [Anonymous Symbol]
    fonts.o(.data.Font_7x10) refers to fonts.o(.rodata.Font7x10) for Font7x10
    fonts.o(.data.Font_11x18) refers to fonts.o(.rodata.Font11x18) for Font11x18
    fonts.o(.data.Font_16x26) refers to fonts.o(.rodata.Font16x26) for Font16x26
    ssd1306.o(.text.SSD1306_ScrollRight) refers to ssd1306.o(.text.ssd1306_I2C_Write) for ssd1306_I2C_Write
    ssd1306.o(.ARM.exidx.text.SSD1306_ScrollRight) refers to ssd1306.o(.text.SSD1306_ScrollRight) for [Anonymous Symbol]
    ssd1306.o(.text.ssd1306_I2C_Write) refers to py32f0xx_hal_i2c.o(.text.HAL_I2C_Master_Transmit) for HAL_I2C_Master_Transmit
    ssd1306.o(.text.ssd1306_I2C_Write) refers to main.o(.bss.test) for test
    ssd1306.o(.ARM.exidx.text.ssd1306_I2C_Write) refers to ssd1306.o(.text.ssd1306_I2C_Write) for [Anonymous Symbol]
    ssd1306.o(.text.SSD1306_ScrollLeft) refers to ssd1306.o(.text.ssd1306_I2C_Write) for ssd1306_I2C_Write
    ssd1306.o(.ARM.exidx.text.SSD1306_ScrollLeft) refers to ssd1306.o(.text.SSD1306_ScrollLeft) for [Anonymous Symbol]
    ssd1306.o(.text.SSD1306_Scrolldiagright) refers to ssd1306.o(.text.ssd1306_I2C_Write) for ssd1306_I2C_Write
    ssd1306.o(.ARM.exidx.text.SSD1306_Scrolldiagright) refers to ssd1306.o(.text.SSD1306_Scrolldiagright) for [Anonymous Symbol]
    ssd1306.o(.text.SSD1306_Scrolldiagleft) refers to ssd1306.o(.text.ssd1306_I2C_Write) for ssd1306_I2C_Write
    ssd1306.o(.ARM.exidx.text.SSD1306_Scrolldiagleft) refers to ssd1306.o(.text.SSD1306_Scrolldiagleft) for [Anonymous Symbol]
    ssd1306.o(.text.SSD1306_Stopscroll) refers to ssd1306.o(.text.ssd1306_I2C_Write) for ssd1306_I2C_Write
    ssd1306.o(.ARM.exidx.text.SSD1306_Stopscroll) refers to ssd1306.o(.text.SSD1306_Stopscroll) for [Anonymous Symbol]
    ssd1306.o(.text.SSD1306_InvertDisplay) refers to ssd1306.o(.text.ssd1306_I2C_Write) for ssd1306_I2C_Write
    ssd1306.o(.ARM.exidx.text.SSD1306_InvertDisplay) refers to ssd1306.o(.text.SSD1306_InvertDisplay) for [Anonymous Symbol]
    ssd1306.o(.text.SSD1306_DrawBitmap) refers to ssd1306.o(.text.SSD1306_DrawPixel) for SSD1306_DrawPixel
    ssd1306.o(.ARM.exidx.text.SSD1306_DrawBitmap) refers to ssd1306.o(.text.SSD1306_DrawBitmap) for [Anonymous Symbol]
    ssd1306.o(.text.SSD1306_DrawPixel) refers to ssd1306.o(.bss.SSD1306) for [Anonymous Symbol]
[...]
    Removing py32f0xx_hal_cortex.o(.text.HAL_NVIC_SetPendingIRQ), (22 bytes).
    Removing py32f0xx_hal_cortex.o(.ARM.exidx.text.HAL_NVIC_SetPendingIRQ), (8 bytes).
    Removing py32f0xx_hal_cortex.o(.text.__NVIC_SetPendingIRQ), (44 bytes).
    Removing py32f0xx_hal_cortex.o(.ARM.exidx.text.__NVIC_SetPendingIRQ), (8 bytes).
    Removing py32f0xx_hal_cortex.o(.text.HAL_NVIC_GetPendingIRQ), (22 bytes).
    Removing py32f0xx_hal_cortex.o(.ARM.exidx.text.HAL_NVIC_GetPendingIRQ), (8 bytes).
    Removing py32f0xx_hal_cortex.o(.text.__NVIC_GetPendingIRQ), (56 bytes).
    Removing py32f0xx_hal_cortex.o(.ARM.exidx.text.__NVIC_GetPendingIRQ), (8 bytes).
    Removing py32f0xx_hal_cortex.o(.text.HAL_NVIC_ClearPendingIRQ), (22 bytes).
    Removing py32f0xx_hal_cortex.o(.ARM.exidx.text.HAL_NVIC_ClearPendingIRQ), (8 bytes).
    Removing py32f0xx_hal_cortex.o(.text.__NVIC_ClearPendingIRQ), (44 bytes).
    Removing py32f0xx_hal_cortex.o(.ARM.exidx.text.__NVIC_ClearPendingIRQ), (8 bytes).
    Removing py32f0xx_hal_cortex.o(.text.HAL_SYSTICK_CLKSourceConfig), (44 bytes).
    Removing py32f0xx_hal_cortex.o(.ARM.exidx.text.HAL_SYSTICK_CLKSourceConfig), (8 bytes).
    Removing py32f0xx_hal_cortex.o(.text.HAL_SYSTICK_IRQHandler), (8 bytes).
    Removing py32f0xx_hal_cortex.o(.ARM.exidx.text.HAL_SYSTICK_IRQHandler), (8 bytes).
    Removing py32f0xx_hal_cortex.o(.text.HAL_SYSTICK_Callback), (2 bytes).
    Removing py32f0xx_hal_cortex.o(.ARM.exidx.text.HAL_SYSTICK_Callback), (8 bytes).
    Removing py32f0xx_hal_crc.o(.text), (0 bytes).
    Removing py32f0xx_hal_dma.o(.text), (0 bytes).
    Removing py32f0xx_hal_exti.o(.text), (0 bytes).
    Removing py32f0xx_hal_flash.o(.text), (0 bytes).
    Removing py32f0xx_hal_flash.o(.text.HAL_FLASH_Unlock), (76 bytes).
    Removing py32f0xx_hal_flash.o(.ARM.exidx.text.HAL_FLASH_Unlock), (8 bytes).
    Removing py32f0xx_hal_flash.o(.text.HAL_FLASH_Lock), (48 bytes).
    Removing py32f0xx_hal_flash.o(.ARM.exidx.text.HAL_FLASH_Lock), (8 bytes).
    Removing py32f0xx_hal_flash.o(.text.HAL_FLASH_OB_Unlock), (76 bytes).
    Removing py32f0xx_hal_flash.o(.ARM.exidx.text.HAL_FLASH_OB_Unlock), (8 bytes).
    Removing py32f0xx_hal_flash.o(.text.HAL_FLASH_OB_Lock), (48 bytes).
    Removing py32f0xx_hal_flash.o(.ARM.exidx.text.HAL_FLASH_OB_Lock), (8 bytes).
    Removing py32f0xx_hal_flash.o(.text.HAL_FLASH_OB_Launch), (20 bytes).
    Removing py32f0xx_hal_flash.o(.ARM.exidx.text.HAL_FLASH_OB_Launch), (8 bytes).
    Removing py32f0xx_hal_flash.o(.text.HAL_FLASH_GetError), (12 bytes).
    Removing py32f0xx_hal_flash.o(.ARM.exidx.text.HAL_FLASH_GetError), (8 bytes).
    Removing py32f0xx_hal_flash.o(.text.FLASH_WaitForLastOperation), (88 bytes).
    Removing py32f0xx_hal_flash.o(.ARM.exidx.text.FLASH_WaitForLastOperation), (8 bytes).
    Removing py32f0xx_hal_flash.o(.text.HAL_FLASH_Erase), (792 bytes).
    Removing py32f0xx_hal_flash.o(.ARM.exidx.text.HAL_FLASH_Erase), (8 bytes).
    Removing py32f0xx_hal_flash.o(.text.FLASH_MassErase), (40 bytes).
    Removing py32f0xx_hal_flash.o(.ARM.exidx.text.FLASH_MassErase), (8 bytes).
    Removing py32f0xx_hal_flash.o(.text.FLASH_PageErase), (40 bytes).
    Removing py32f0xx_hal_flash.o(.ARM.exidx.text.FLASH_PageErase), (8 bytes).
    Removing py32f0xx_hal_flash.o(.text.FLASH_SectorErase), (32 bytes).
    Removing py32f0xx_hal_flash.o(.ARM.exidx.text.FLASH_SectorErase), (8 bytes).
    Removing py32f0xx_hal_flash.o(.text.HAL_FLASH_Erase_IT), (624 bytes).
    Removing py32f0xx_hal_flash.o(.ARM.exidx.text.HAL_FLASH_Erase_IT), (8 bytes).
    Removing py32f0xx_hal_flash.o(.text.HAL_FLASH_PageProgram), (22 bytes).
    Removing py32f0xx_hal_flash.o(.ARM.exidx.text.HAL_FLASH_PageProgram), (8 bytes).
    Removing py32f0xx_hal_flash.o(.text.HAL_FLASH_Program), (584 bytes).
    Removing py32f0xx_hal_flash.o(.ARM.exidx.text.HAL_FLASH_Program), (8 bytes).
    Removing py32f0xx_hal_flash.o(.RamFunc), (124 bytes).
    Removing py32f0xx_hal_flash.o(.ARM.exidx.RamFunc), (8 bytes).
    Removing py32f0xx_hal_flash.o(.text.HAL_FLASH_PageProgram_IT), (22 bytes).
    Removing py32f0xx_hal_flash.o(.ARM.exidx.text.HAL_FLASH_PageProgram_IT), (8 bytes).
    Removing py32f0xx_hal_flash.o(.text.HAL_FLASH_Program_IT), (548 bytes).
    Removing py32f0xx_hal_flash.o(.ARM.exidx.text.HAL_FLASH_Program_IT), (8 bytes).
    Removing py32f0xx_hal_flash.o(.text.HAL_FLASH_OB_RDP_LevelConfig), (168 bytes).
    Removing py32f0xx_hal_flash.o(.ARM.exidx.text.HAL_FLASH_OB_RDP_LevelConfig), (8 bytes).
    Removing py32f0xx_hal_flash.o(.text.HAL_FLASH_OBProgram), (692 bytes).
    Removing py32f0xx_hal_flash.o(.ARM.exidx.text.HAL_FLASH_OBProgram), (8 bytes).
    Removing py32f0xx_hal_flash.o(.text.FLASH_OB_OptrConfig), (48 bytes).
    Removing py32f0xx_hal_flash.o(.ARM.exidx.text.FLASH_OB_OptrConfig), (8 bytes).
    Removing py32f0xx_hal_flash.o(.text.FLASH_OB_GetUser), (24 bytes).
    Removing py32f0xx_hal_flash.o(.ARM.exidx.text.FLASH_OB_GetUser), (8 bytes).
    Removing py32f0xx_hal_flash.o(.text.FLASH_OB_GetRDP), (40 bytes).
    Removing py32f0xx_hal_flash.o(.ARM.exidx.text.FLASH_OB_GetRDP), (8 bytes).
    Removing py32f0xx_hal_flash.o(.text.HAL_FLASH_OBGetConfig), (112 bytes).
    Removing py32f0xx_hal_flash.o(.ARM.exidx.text.HAL_FLASH_OBGetConfig), (8 bytes).
    Removing py32f0xx_hal_flash.o(.text.HAL_FLASH_IRQHandler), (320 bytes).
    Removing py32f0xx_hal_flash.o(.ARM.exidx.text.HAL_FLASH_IRQHandler), (8 bytes).
    Removing py32f0xx_hal_flash.o(.text.HAL_FLASH_OperationErrorCallback), (8 bytes).
    Removing py32f0xx_hal_flash.o(.ARM.exidx.text.HAL_FLASH_OperationErrorCallback), (8 bytes).
    Removing py32f0xx_hal_flash.o(.text.HAL_FLASH_EndOfOperationCallback), (8 bytes).
    Removing py32f0xx_hal_flash.o(.ARM.exidx.text.HAL_FLASH_EndOfOperationCallback), (8 bytes).
    Removing py32f0xx_hal_flash.o(.bss.pFlash), (24 bytes).
    Removing py32f0xx_hal_flash.o(.rodata._FlashTimmingParam), (32 bytes).
    Removing py32f0xx_hal_gpio.o(.text), (0 bytes).
    Removing py32f0xx_hal_gpio.o(.ARM.exidx.text.HAL_GPIO_Init), (8 bytes).
    Removing py32f0xx_hal_gpio.o(.text.HAL_GPIO_DeInit), (332 bytes).
    Removing py32f0xx_hal_gpio.o(.ARM.exidx.text.HAL_GPIO_DeInit), (8 bytes).
    Removing py32f0xx_hal_gpio.o(.text.HAL_GPIO_ReadPin), (50 bytes).
    Removing py32f0xx_hal_gpio.o(.ARM.exidx.text.HAL_GPIO_ReadPin), (8 bytes).
    Removing py32f0xx_hal_gpio.o(.text.HAL_GPIO_WritePin), (44 bytes).
    Removing py32f0xx_hal_gpio.o(.ARM.exidx.text.HAL_GPIO_WritePin), (8 bytes).
    Removing py32f0xx_hal_gpio.o(.ARM.exidx.text.HAL_GPIO_TogglePin), (8 bytes).
    Removing py32f0xx_hal_gpio.o(.text.HAL_GPIO_LockPin), (84 bytes).
    Removing py32f0xx_hal_gpio.o(.ARM.exidx.text.HAL_GPIO_LockPin), (8 bytes).
    Removing py32f0xx_hal_gpio.o(.text.HAL_GPIO_EXTI_Callback), (10 bytes).
    Removing py32f0xx_hal_gpio.o(.ARM.exidx.text.HAL_GPIO_EXTI_Callback), (8 bytes).
    Removing py32f0xx_hal_gpio.o(.text.HAL_GPIO_EXTI_IRQHandler), (44 bytes).
    Removing py32f0xx_hal_gpio.o(.ARM.exidx.text.HAL_GPIO_EXTI_IRQHandler), (8 bytes).
    Removing py32f0xx_hal_i2c.o(.text), (0 bytes).
    Removing py32f0xx_hal_i2c.o(.ARM.exidx.text.HAL_I2C_Init), (8 bytes).
    Removing py32f0xx_hal_i2c.o(.text.HAL_I2C_MspInit), (8 bytes).
    Removing py32f0xx_hal_i2c.o(.ARM.exidx.text.HAL_I2C_MspInit), (8 bytes).
    Removing py32f0xx_hal_i2c.o(.text.HAL_I2C_DeInit), (100 bytes).
    Removing py32f0xx_hal_i2c.o(.ARM.exidx.text.HAL_I2C_DeInit), (8 bytes).
    Removing py32f0xx_hal_i2c.o(.text.HAL_I2C_MspDeInit), (8 bytes).
    Removing py32f0xx_hal_i2c.o(.ARM.exidx.text.HAL_I2C_MspDeInit), (8 bytes).
    Removing py32f0xx_hal_i2c.o(.ARM.exidx.text.HAL_I2C_Master_Transmit), (8 bytes).
    Removing py32f0xx_hal_i2c.o(.ARM.exidx.text.I2C_WaitOnFlagUntilTimeout), (8 bytes).
    Removing py32f0xx_hal_i2c.o(.ARM.exidx.text.I2C_MasterRequestWrite), (8 bytes).
    Removing py32f0xx_hal_i2c.o(.ARM.exidx.text.I2C_WaitOnTXEFlagUntilTimeout), (8 bytes).
    Removing py32f0xx_hal_i2c.o(.ARM.exidx.text.I2C_WaitOnBTFFlagUntilTimeout), (8 bytes).
    Removing py32f0xx_hal_i2c.o(.text.HAL_I2C_Master_Receive), (1076 bytes).
    Removing py32f0xx_hal_i2c.o(.ARM.exidx.text.HAL_I2C_Master_Receive), (8 bytes).
    Removing py32f0xx_hal_i2c.o(.text.I2C_MasterRequestRead), (204 bytes).
    Removing py32f0xx_hal_i2c.o(.ARM.exidx.text.I2C_MasterRequestRead), (8 bytes).
    Removing py32f0xx_hal_i2c.o(.text.I2C_WaitOnRXNEFlagUntilTimeout), (194 bytes).
    Removing py32f0xx_hal_i2c.o(.ARM.exidx.text.I2C_WaitOnRXNEFlagUntilTimeout), (8 bytes).
    Removing py32f0xx_hal_i2c.o(.text.HAL_I2C_Slave_Transmit), (512 bytes).
    Removing py32f0xx_hal_i2c.o(.ARM.exidx.text.HAL_I2C_Slave_Transmit), (8 bytes).
    Removing py32f0xx_hal_i2c.o(.text.HAL_I2C_Slave_Receive), (544 bytes).
    Removing py32f0xx_hal_i2c.o(.ARM.exidx.text.HAL_I2C_Slave_Receive), (8 bytes).
    Removing py32f0xx_hal_i2c.o(.text.I2C_WaitOnSTOPFlagUntilTimeout), (140 bytes).
    Removing py32f0xx_hal_i2c.o(.ARM.exidx.text.I2C_WaitOnSTOPFlagUntilTimeout), (8 bytes).
    Removing py32f0xx_hal_i2c.o(.text.HAL_I2C_Master_Transmit_IT), (348 bytes).
    Removing py32f0xx_hal_i2c.o(.ARM.exidx.text.HAL_I2C_Master_Transmit_IT), (8 bytes).
    Removing py32f0xx_hal_i2c.o(.text.HAL_I2C_Master_Receive_IT), (360 bytes).
    Removing py32f0xx_hal_i2c.o(.ARM.exidx.text.HAL_I2C_Master_Receive_IT), (8 bytes).
    Removing py32f0xx_hal_i2c.o(.text.HAL_I2C_Slave_Transmit_IT), (240 bytes).
    Removing py32f0xx_hal_i2c.o(.ARM.exidx.text.HAL_I2C_Slave_Transmit_IT), (8 bytes).
    Removing py32f0xx_hal_i2c.o(.text.HAL_I2C_Slave_Receive_IT), (240 bytes).
    Removing py32f0xx_hal_i2c.o(.ARM.exidx.text.HAL_I2C_Slave_Receive_IT), (8 bytes).
    Removing py32f0xx_hal_i2c.o(.text.HAL_I2C_Mem_Write), (532 bytes).
    Removing py32f0xx_hal_i2c.o(.ARM.exidx.text.HAL_I2C_Mem_Write), (8 bytes).
    Removing py32f0xx_hal_i2c.o(.text.I2C_RequestMemoryWrite), (332 bytes).
    Removing py32f0xx_hal_i2c.o(.ARM.exidx.text.I2C_RequestMemoryWrite), (8 bytes).
    Removing py32f0xx_hal_i2c.o(.text.HAL_I2C_Mem_Read), (1100 bytes).
    Removing py32f0xx_hal_i2c.o(.ARM.exidx.text.HAL_I2C_Mem_Read), (8 bytes).
    Removing py32f0xx_hal_i2c.o(.text.I2C_RequestMemoryRead), (448 bytes).
    Removing py32f0xx_hal_i2c.o(.ARM.exidx.text.I2C_RequestMemoryRead), (8 bytes).
    Removing py32f0xx_hal_i2c.o(.text.HAL_I2C_Mem_Write_IT), (380 bytes).
    Removing py32f0xx_hal_i2c.o(.ARM.exidx.text.HAL_I2C_Mem_Write_IT), (8 bytes).
    Removing py32f0xx_hal_i2c.o(.text.HAL_I2C_Mem_Read_IT), (404 bytes).
    Removing py32f0xx_hal_i2c.o(.ARM.exidx.text.HAL_I2C_Mem_Read_IT), (8 bytes).
    Removing py32f0xx_hal_i2c.o(.ARM.exidx.text.HAL_I2C_IsDeviceReady), (8 bytes).
    Removing py32f0xx_hal_i2c.o(.text.HAL_I2C_Master_Seq_Transmit_IT), (428 bytes).
    Removing py32f0xx_hal_i2c.o(.ARM.exidx.text.HAL_I2C_Master_Seq_Transmit_IT), (8 bytes).
    Removing py32f0xx_hal_i2c.o(.text.HAL_I2C_Master_Seq_Receive_IT), (536 bytes).
    Removing py32f0xx_hal_i2c.o(.ARM.exidx.text.HAL_I2C_Master_Seq_Receive_IT), (8 bytes).
    Removing py32f0xx_hal_i2c.o(.text.HAL_I2C_Slave_Seq_Transmit_IT), (256 bytes).
    Removing py32f0xx_hal_i2c.o(.ARM.exidx.text.HAL_I2C_Slave_Seq_Transmit_IT), (8 bytes).
    Removing py32f0xx_hal_i2c.o(.text.HAL_I2C_Slave_Seq_Receive_IT), (256 bytes).
    Removing py32f0xx_hal_i2c.o(.ARM.exidx.text.HAL_I2C_Slave_Seq_Receive_IT), (8 bytes).
    Removing py32f0xx_hal_i2c.o(.text.HAL_I2C_EnableListen_IT), (106 bytes).
    Removing py32f0xx_hal_i2c.o(.ARM.exidx.text.HAL_I2C_EnableListen_IT), (8 bytes).
    Removing py32f0xx_hal_i2c.o(.text.HAL_I2C_DisableListen_IT), (104 bytes).
    Removing py32f0xx_hal_i2c.o(.ARM.exidx.text.HAL_I2C_DisableListen_IT), (8 bytes).
    Removing py32f0xx_hal_i2c.o(.text.HAL_I2C_Master_Abort_IT), (156 bytes).
    Removing py32f0xx_hal_i2c.o(.ARM.exidx.text.HAL_I2C_Master_Abort_IT), (8 bytes).
    Removing py32f0xx_hal_i2c.o(.text.I2C_ITError), (340 bytes).
    Removing py32f0xx_hal_i2c.o(.ARM.exidx.text.I2C_ITError), (8 bytes).
    Removing py32f0xx_hal_i2c.o(.text.HAL_I2C_EV_IRQHandler), (830 bytes).
    Removing py32f0xx_hal_i2c.o(.ARM.exidx.text.HAL_I2C_EV_IRQHandler), (8 bytes).
    Removing py32f0xx_hal_i2c.o(.text.I2C_ConvertOtherXferOptions), (56 bytes).
    Removing py32f0xx_hal_i2c.o(.ARM.exidx.text.I2C_ConvertOtherXferOptions), (8 bytes).
    Removing py32f0xx_hal_i2c.o(.text.I2C_Master_SB), (114 bytes).
    Removing py32f0xx_hal_i2c.o(.ARM.exidx.text.I2C_Master_SB), (8 bytes).
    Removing py32f0xx_hal_i2c.o(.text.I2C_Master_ADD10), (20 bytes).
    Removing py32f0xx_hal_i2c.o(.ARM.exidx.text.I2C_Master_ADD10), (8 bytes).
    Removing py32f0xx_hal_i2c.o(.text.I2C_Master_ADDR), (616 bytes).
    Removing py32f0xx_hal_i2c.o(.ARM.exidx.text.I2C_Master_ADDR), (8 bytes).
    Removing py32f0xx_hal_i2c.o(.text.I2C_MasterTransmit_TXE), (516 bytes).
    Removing py32f0xx_hal_i2c.o(.ARM.exidx.text.I2C_MasterTransmit_TXE), (8 bytes).
    Removing py32f0xx_hal_i2c.o(.text.I2C_MasterTransmit_BTF), (232 bytes).
    Removing py32f0xx_hal_i2c.o(.ARM.exidx.text.I2C_MasterTransmit_BTF), (8 bytes).
    Removing py32f0xx_hal_i2c.o(.text.I2C_MasterReceive_RXNE), (244 bytes).
    Removing py32f0xx_hal_i2c.o(.ARM.exidx.text.I2C_MasterReceive_RXNE), (8 bytes).
    Removing py32f0xx_hal_i2c.o(.text.I2C_MasterReceive_BTF), (428 bytes).
    Removing py32f0xx_hal_i2c.o(.ARM.exidx.text.I2C_MasterReceive_BTF), (8 bytes).
    Removing py32f0xx_hal_i2c.o(.text.I2C_Slave_ADDR), (128 bytes).
    Removing py32f0xx_hal_i2c.o(.ARM.exidx.text.I2C_Slave_ADDR), (8 bytes).
    Removing py32f0xx_hal_i2c.o(.text.I2C_Slave_STOPF), (360 bytes).
    Removing py32f0xx_hal_i2c.o(.ARM.exidx.text.I2C_Slave_STOPF), (8 bytes).
    Removing py32f0xx_hal_i2c.o(.text.I2C_SlaveTransmit_TXE), (114 bytes).
    Removing py32f0xx_hal_i2c.o(.ARM.exidx.text.I2C_SlaveTransmit_TXE), (8 bytes).
    Removing py32f0xx_hal_i2c.o(.text.I2C_SlaveTransmit_BTF), (46 bytes).
    Removing py32f0xx_hal_i2c.o(.ARM.exidx.text.I2C_SlaveTransmit_BTF), (8 bytes).
    Removing py32f0xx_hal_i2c.o(.text.I2C_SlaveReceive_RXNE), (116 bytes).
    Removing py32f0xx_hal_i2c.o(.ARM.exidx.text.I2C_SlaveReceive_RXNE), (8 bytes).
    Removing py32f0xx_hal_i2c.o(.text.I2C_SlaveReceive_BTF), (48 bytes).
    Removing py32f0xx_hal_i2c.o(.ARM.exidx.text.I2C_SlaveReceive_BTF), (8 bytes).
    Removing py32f0xx_hal_i2c.o(.text.HAL_I2C_ER_IRQHandler), (388 bytes).
    Removing py32f0xx_hal_i2c.o(.ARM.exidx.text.HAL_I2C_ER_IRQHandler), (8 bytes).
    Removing py32f0xx_hal_i2c.o(.text.I2C_Slave_AF), (216 bytes).
    Removing py32f0xx_hal_i2c.o(.ARM.exidx.text.I2C_Slave_AF), (8 bytes).
    Removing py32f0xx_hal_i2c.o(.text.HAL_I2C_MasterTxCpltCallback), (8 bytes).
    Removing py32f0xx_hal_i2c.o(.ARM.exidx.text.HAL_I2C_MasterTxCpltCallback), (8 bytes).
    Removing py32f0xx_hal_i2c.o(.text.HAL_I2C_MasterRxCpltCallback), (8 bytes).
    Removing py32f0xx_hal_i2c.o(.ARM.exidx.text.HAL_I2C_MasterRxCpltCallback), (8 bytes).
    Removing py32f0xx_hal_i2c.o(.text.HAL_I2C_SlaveTxCpltCallback), (8 bytes).
    Removing py32f0xx_hal_i2c.o(.ARM.exidx.text.HAL_I2C_SlaveTxCpltCallback), (8 bytes).
    Removing py32f0xx_hal_i2c.o(.text.HAL_I2C_SlaveRxCpltCallback), (8 bytes).
    Removing py32f0xx_hal_i2c.o(.ARM.exidx.text.HAL_I2C_SlaveRxCpltCallback), (8 bytes).
    Removing py32f0xx_hal_i2c.o(.text.HAL_I2C_AddrCallback), (16 bytes).
    Removing py32f0xx_hal_i2c.o(.ARM.exidx.text.HAL_I2C_AddrCallback), (8 bytes).
    Removing py32f0xx_hal_i2c.o(.text.HAL_I2C_ListenCpltCallback), (8 bytes).
    Removing py32f0xx_hal_i2c.o(.ARM.exidx.text.HAL_I2C_ListenCpltCallback), (8 bytes).
    Removing py32f0xx_hal_i2c.o(.text.HAL_I2C_MemTxCpltCallback), (8 bytes).
    Removing py32f0xx_hal_i2c.o(.ARM.exidx.text.HAL_I2C_MemTxCpltCallback), (8 bytes).
    Removing py32f0xx_hal_i2c.o(.text.HAL_I2C_MemRxCpltCallback), (8 bytes).
    Removing py32f0xx_hal_i2c.o(.ARM.exidx.text.HAL_I2C_MemRxCpltCallback), (8 bytes).
    Removing py32f0xx_hal_i2c.o(.text.HAL_I2C_ErrorCallback), (8 bytes).
    Removing py32f0xx_hal_i2c.o(.ARM.exidx.text.HAL_I2C_ErrorCallback), (8 bytes).
    Removing py32f0xx_hal_i2c.o(.text.HAL_I2C_AbortCpltCallback), (8 bytes).
    Removing py32f0xx_hal_i2c.o(.ARM.exidx.text.HAL_I2C_AbortCpltCallback), (8 bytes).
    Removing py32f0xx_hal_i2c.o(.text.HAL_I2C_GetState), (14 bytes).
    Removing py32f0xx_hal_i2c.o(.ARM.exidx.text.HAL_I2C_GetState), (8 bytes).
    Removing py32f0xx_hal_i2c.o(.text.HAL_I2C_GetMode), (14 bytes).
    Removing py32f0xx_hal_i2c.o(.ARM.exidx.text.HAL_I2C_GetMode), (8 bytes).
    Removing py32f0xx_hal_i2c.o(.text.HAL_I2C_GetError), (12 bytes).
    Removing py32f0xx_hal_i2c.o(.ARM.exidx.text.HAL_I2C_GetError), (8 bytes).
    Removing py32f0xx_hal_i2c.o(.ARM.exidx.text.I2C_WaitOnMasterAddressFlagUntilTimeout), (8 bytes).
    Removing py32f0xx_hal_i2c.o(.ARM.exidx.text.I2C_IsAcknowledgeFailed), (8 bytes).
    Removing py32f0xx_hal_irda.o(.text), (0 bytes).
    Removing py32f0xx_hal_iwdg.o(.text), (0 bytes).
    Removing py32f0xx_hal_led.o(.text), (0 bytes).
    Removing py32f0xx_hal_lptim.o(.text), (0 bytes).
    Removing py32f0xx_hal_pwr.o(.text), (0 bytes).
    Removing py32f0xx_hal_pwr.o(.text.HAL_PWR_DeInit), (24 bytes).
    Removing py32f0xx_hal_pwr.o(.ARM.exidx.text.HAL_PWR_DeInit), (8 bytes).
    Removing py32f0xx_hal_pwr.o(.text.HAL_PWR_EnableBkUpAccess), (20 bytes).
    Removing py32f0xx_hal_pwr.o(.ARM.exidx.text.HAL_PWR_EnableBkUpAccess), (8 bytes).
    Removing py32f0xx_hal_pwr.o(.text.HAL_PWR_DisableBkUpAccess), (20 bytes).
    Removing py32f0xx_hal_pwr.o(.ARM.exidx.text.HAL_PWR_DisableBkUpAccess), (8 bytes).
    Removing py32f0xx_hal_pwr.o(.text.HAL_PWR_ConfigStopMode), (48 bytes).
    Removing py32f0xx_hal_pwr.o(.ARM.exidx.text.HAL_PWR_ConfigStopMode), (8 bytes).
    Removing py32f0xx_hal_pwr.o(.text.HAL_PWR_ConfigBIAS), (68 bytes).
    Removing py32f0xx_hal_pwr.o(.ARM.exidx.text.HAL_PWR_ConfigBIAS), (8 bytes).
    Removing py32f0xx_hal_pwr.o(.text.HAL_PWR_EnterSLEEPMode), (48 bytes).
    Removing py32f0xx_hal_pwr.o(.ARM.exidx.text.HAL_PWR_EnterSLEEPMode), (8 bytes).
    Removing py32f0xx_hal_pwr.o(.text.HAL_PWR_EnterSTOPMode), (100 bytes).
    Removing py32f0xx_hal_pwr.o(.ARM.exidx.text.HAL_PWR_EnterSTOPMode), (8 bytes).
    Removing py32f0xx_hal_pwr.o(.text.HAL_PWR_EnableSleepOnExit), (16 bytes).
    Removing py32f0xx_hal_pwr.o(.ARM.exidx.text.HAL_PWR_EnableSleepOnExit), (8 bytes).
    Removing py32f0xx_hal_pwr.o(.text.HAL_PWR_DisableSleepOnExit), (16 bytes).
    Removing py32f0xx_hal_pwr.o(.ARM.exidx.text.HAL_PWR_DisableSleepOnExit), (8 bytes).
    Removing py32f0xx_hal_pwr.o(.text.HAL_PWR_EnableSEVOnPend), (16 bytes).
    Removing py32f0xx_hal_pwr.o(.ARM.exidx.text.HAL_PWR_EnableSEVOnPend), (8 bytes).
    Removing py32f0xx_hal_pwr.o(.text.HAL_PWR_DisableSEVOnPend), (16 bytes).
    Removing py32f0xx_hal_pwr.o(.ARM.exidx.text.HAL_PWR_DisableSEVOnPend), (8 bytes).
    Removing py32f0xx_hal_rcc.o(.text), (0 bytes).
    Removing py32f0xx_hal_rcc.o(.text.HAL_RCC_DeInit), (228 bytes).
    Removing py32f0xx_hal_rcc.o(.ARM.exidx.text.HAL_RCC_DeInit), (8 bytes).
    Removing py32f0xx_hal_rcc.o(.text.HAL_RCC_OscConfig), (932 bytes).
    Removing py32f0xx_hal_rcc.o(.ARM.exidx.text.HAL_RCC_OscConfig), (8 bytes).
    Removing py32f0xx_hal_rcc.o(.text.HAL_RCC_GetSysClockFreq), (168 bytes).
    Removing py32f0xx_hal_rcc.o(.ARM.exidx.text.HAL_RCC_GetSysClockFreq), (8 bytes).
    Removing py32f0xx_hal_rcc.o(.text.HAL_RCC_ClockConfig), (536 bytes).
    Removing py32f0xx_hal_rcc.o(.ARM.exidx.text.HAL_RCC_ClockConfig), (8 bytes).
    Removing py32f0xx_hal_rcc.o(.text.HAL_RCC_MCOConfig), (408 bytes).
    Removing py32f0xx_hal_rcc.o(.ARM.exidx.text.HAL_RCC_MCOConfig), (8 bytes).
    Removing py32f0xx_hal_rcc.o(.ARM.exidx.text.HAL_RCC_GetHCLKFreq), (8 bytes).
    Removing py32f0xx_hal_rcc.o(.ARM.exidx.text.HAL_RCC_GetPCLK1Freq), (8 bytes).
    Removing py32f0xx_hal_rcc.o(.text.HAL_RCC_GetOscConfig), (180 bytes).
    Removing py32f0xx_hal_rcc.o(.ARM.exidx.text.HAL_RCC_GetOscConfig), (8 bytes).
    Removing py32f0xx_hal_rcc.o(.text.HAL_RCC_GetClockConfig), (68 bytes).
    Removing py32f0xx_hal_rcc.o(.ARM.exidx.text.HAL_RCC_GetClockConfig), (8 bytes).
    Removing py32f0xx_hal_rcc.o(.text.HAL_RCC_EnableCSS), (20 bytes).
    Removing py32f0xx_hal_rcc.o(.ARM.exidx.text.HAL_RCC_EnableCSS), (8 bytes).
    Removing py32f0xx_hal_rcc.o(.text.HAL_RCC_NMI_IRQHandler), (52 bytes).
    Removing py32f0xx_hal_rcc.o(.ARM.exidx.text.HAL_RCC_NMI_IRQHandler), (8 bytes).
    Removing py32f0xx_hal_rcc.o(.text.HAL_RCC_CSSCallback), (2 bytes).
    Removing py32f0xx_hal_rcc.o(.ARM.exidx.text.HAL_RCC_CSSCallback), (8 bytes).
    Removing py32f0xx_hal_rcc.o(.rodata..L__const.HAL_RCC_GetSysClockFreq.hsiValue), (20 bytes).
    Removing py32f0xx_hal_rcc_ex.o(.text), (0 bytes).
    Removing py32f0xx_hal_rcc_ex.o(.text.HAL_RCCEx_PeriphCLKConfig), (112 bytes).
    Removing py32f0xx_hal_rcc_ex.o(.ARM.exidx.text.HAL_RCCEx_PeriphCLKConfig), (8 bytes).
    Removing py32f0xx_hal_rcc_ex.o(.text.HAL_RCCEx_GetPeriphCLKConfig), (52 bytes).
    Removing py32f0xx_hal_rcc_ex.o(.ARM.exidx.text.HAL_RCCEx_GetPeriphCLKConfig), (8 bytes).
    Removing py32f0xx_hal_rcc_ex.o(.text.HAL_RCCEx_GetPeriphCLKFreq), (200 bytes).
    Removing py32f0xx_hal_rcc_ex.o(.ARM.exidx.text.HAL_RCCEx_GetPeriphCLKFreq), (8 bytes).
    Removing py32f0xx_hal_rcc_ex.o(.text.HAL_RCCEx_EnableLSCO), (152 bytes).
    Removing py32f0xx_hal_rcc_ex.o(.ARM.exidx.text.HAL_RCCEx_EnableLSCO), (8 bytes).
    Removing py32f0xx_hal_rcc_ex.o(.text.HAL_RCCEx_DisableLSCO), (152 bytes).
    Removing py32f0xx_hal_rcc_ex.o(.ARM.exidx.text.HAL_RCCEx_DisableLSCO), (8 bytes).
    Removing py32f0xx_hal_rtc.o(.text), (0 bytes).
    Removing py32f0xx_hal_rtc_ex.o(.text), (0 bytes).
    Removing py32f0xx_hal_spi.o(.text), (0 bytes).
    Removing py32f0xx_hal_tim.o(.text), (0 bytes).
    Removing py32f0xx_hal_tim_ex.o(.text), (0 bytes).
    Removing py32f0xx_hal_uart.o(.text), (0 bytes).
    Removing py32f0xx_hal_usart.o(.text), (0 bytes).
    Removing py32f0xx_hal_usart.o(.text.HAL_USART_Init), (106 bytes).
    Removing py32f0xx_hal_usart.o(.ARM.exidx.text.HAL_USART_Init), (8 bytes).
    Removing py32f0xx_hal_usart.o(.text.HAL_USART_MspInit), (8 bytes).
    Removing py32f0xx_hal_usart.o(.ARM.exidx.text.HAL_USART_MspInit), (8 bytes).
    Removing py32f0xx_hal_usart.o(.text.USART_SetConfig), (224 bytes).
    Removing py32f0xx_hal_usart.o(.ARM.exidx.text.USART_SetConfig), (8 bytes).
    Removing py32f0xx_hal_usart.o(.text.HAL_USART_DeInit), (92 bytes).
    Removing py32f0xx_hal_usart.o(.ARM.exidx.text.HAL_USART_DeInit), (8 bytes).
    Removing py32f0xx_hal_usart.o(.text.HAL_USART_MspDeInit), (8 bytes).
    Removing py32f0xx_hal_usart.o(.ARM.exidx.text.HAL_USART_MspDeInit), (8 bytes).
    Removing py32f0xx_hal_usart.o(.text.HAL_USART_Transmit), (360 bytes).
    Removing py32f0xx_hal_usart.o(.ARM.exidx.text.HAL_USART_Transmit), (8 bytes).
    Removing py32f0xx_hal_usart.o(.text.USART_WaitOnFlagUntilTimeout), (172 bytes).
    Removing py32f0xx_hal_usart.o(.ARM.exidx.text.USART_WaitOnFlagUntilTimeout), (8 bytes).
    Removing py32f0xx_hal_usart.o(.text.HAL_USART_Receive), (448 bytes).
    Removing py32f0xx_hal_usart.o(.ARM.exidx.text.HAL_USART_Receive), (8 bytes).
    Removing py32f0xx_hal_usart.o(.text.HAL_USART_TransmitReceive), (520 bytes).
    Removing py32f0xx_hal_usart.o(.ARM.exidx.text.HAL_USART_TransmitReceive), (8 bytes).
    Removing py32f0xx_hal_usart.o(.text.HAL_USART_Transmit_IT), (162 bytes).
    Removing py32f0xx_hal_usart.o(.ARM.exidx.text.HAL_USART_Transmit_IT), (8 bytes).
    Removing py32f0xx_hal_usart.o(.text.HAL_USART_Receive_IT), (188 bytes).
    Removing py32f0xx_hal_usart.o(.ARM.exidx.text.HAL_USART_Receive_IT), (8 bytes).
    Removing py32f0xx_hal_usart.o(.text.HAL_USART_TransmitReceive_IT), (228 bytes).
    Removing py32f0xx_hal_usart.o(.ARM.exidx.text.HAL_USART_TransmitReceive_IT), (8 bytes).
    Removing py32f0xx_hal_usart.o(.text.HAL_USART_Abort), (54 bytes).
    Removing py32f0xx_hal_usart.o(.ARM.exidx.text.HAL_USART_Abort), (8 bytes).
    Removing py32f0xx_hal_usart.o(.text.HAL_USART_Abort_IT), (78 bytes).
    Removing py32f0xx_hal_usart.o(.ARM.exidx.text.HAL_USART_Abort_IT), (8 bytes).
    Removing py32f0xx_hal_usart.o(.text.HAL_USART_AbortCpltCallback), (8 bytes).
    Removing py32f0xx_hal_usart.o(.ARM.exidx.text.HAL_USART_AbortCpltCallback), (8 bytes).
    Removing py32f0xx_hal_usart.o(.text.HAL_USART_IRQHandler), (482 bytes).
    Removing py32f0xx_hal_usart.o(.ARM.exidx.text.HAL_USART_IRQHandler), (8 bytes).
    Removing py32f0xx_hal_usart.o(.text.USART_Receive_IT), (296 bytes).
    Removing py32f0xx_hal_usart.o(.ARM.exidx.text.USART_Receive_IT), (8 bytes).
    Removing py32f0xx_hal_usart.o(.text.USART_TransmitReceive_IT), (428 bytes).
    Removing py32f0xx_hal_usart.o(.ARM.exidx.text.USART_TransmitReceive_IT), (8 bytes).
    Removing py32f0xx_hal_usart.o(.text.USART_EndRxTransfer), (40 bytes).
    Removing py32f0xx_hal_usart.o(.ARM.exidx.text.USART_EndRxTransfer), (8 bytes).
    Removing py32f0xx_hal_usart.o(.text.HAL_USART_ErrorCallback), (8 bytes).
    Removing py32f0xx_hal_usart.o(.ARM.exidx.text.HAL_USART_ErrorCallback), (8 bytes).
    Removing py32f0xx_hal_usart.o(.text.USART_Transmit_IT), (172 bytes).
    Removing py32f0xx_hal_usart.o(.ARM.exidx.text.USART_Transmit_IT), (8 bytes).
    Removing py32f0xx_hal_usart.o(.text.USART_EndTransmit_IT), (48 bytes).
    Removing py32f0xx_hal_usart.o(.ARM.exidx.text.USART_EndTransmit_IT), (8 bytes).
    Removing py32f0xx_hal_usart.o(.text.HAL_USART_TxCpltCallback), (8 bytes).
    Removing py32f0xx_hal_usart.o(.ARM.exidx.text.HAL_USART_TxCpltCallback), (8 bytes).
    Removing py32f0xx_hal_usart.o(.text.HAL_USART_TxHalfCpltCallback), (8 bytes).
    Removing py32f0xx_hal_usart.o(.ARM.exidx.text.HAL_USART_TxHalfCpltCallback), (8 bytes).
    Removing py32f0xx_hal_usart.o(.text.HAL_USART_RxCpltCallback), (8 bytes).
    Removing py32f0xx_hal_usart.o(.ARM.exidx.text.HAL_USART_RxCpltCallback), (8 bytes).
    Removing py32f0xx_hal_usart.o(.text.HAL_USART_RxHalfCpltCallback), (8 bytes).
    Removing py32f0xx_hal_usart.o(.ARM.exidx.text.HAL_USART_RxHalfCpltCallback), (8 bytes).
    Removing py32f0xx_hal_usart.o(.text.HAL_USART_TxRxCpltCallback), (8 bytes).
    Removing py32f0xx_hal_usart.o(.ARM.exidx.text.HAL_USART_TxRxCpltCallback), (8 bytes).
    Removing py32f0xx_hal_usart.o(.text.HAL_USART_GetState), (14 bytes).
    Removing py32f0xx_hal_usart.o(.ARM.exidx.text.HAL_USART_GetState), (8 bytes).
    Removing py32f0xx_hal_usart.o(.text.HAL_USART_GetError), (12 bytes).
    Removing py32f0xx_hal_usart.o(.ARM.exidx.text.HAL_USART_GetError), (8 bytes).
    Removing py32f0xx_hal_wwdg.o(.text), (0 bytes).
    Removing py32f0xx_ll_adc.o(.text), (0 bytes).
    Removing py32f0xx_ll_comp.o(.text), (0 bytes).
    Removing py32f0xx_ll_crc.o(.text), (0 bytes).
    Removing py32f0xx_ll_dma.o(.text), (0 bytes).
    Removing py32f0xx_ll_exti.o(.text), (0 bytes).
    Removing py32f0xx_ll_gpio.o(.text), (0 bytes).
    Removing py32f0xx_ll_i2c.o(.text), (0 bytes).
    Removing py32f0xx_ll_led.o(.text), (0 bytes).
    Removing py32f0xx_ll_lptim.o(.text), (0 bytes).
    Removing py32f0xx_ll_pwr.o(.text), (0 bytes).
    Removing py32f0xx_ll_rcc.o(.text), (0 bytes).
    Removing py32f0xx_ll_rtc.o(.text), (0 bytes).
    Removing py32f0xx_ll_spi.o(.text), (0 bytes).
    Removing py32f0xx_ll_tim.o(.text), (0 bytes).
    Removing py32f0xx_ll_usart.o(.text), (0 bytes).
    Removing py32f0xx_ll_utils.o(.text), (0 bytes).
    Removing py32f0xx_ll_utils.o(.text.LL_Init1msTick), (20 bytes).
    Removing py32f0xx_ll_utils.o(.ARM.exidx.text.LL_Init1msTick), (8 bytes).
    Removing py32f0xx_ll_utils.o(.text.LL_InitTick), (52 bytes).
    Removing py32f0xx_ll_utils.o(.ARM.exidx.text.LL_InitTick), (8 bytes).
    Removing py32f0xx_ll_utils.o(.text.LL_mDelay), (76 bytes).
    Removing py32f0xx_ll_utils.o(.ARM.exidx.text.LL_mDelay), (8 bytes).
    Removing py32f0xx_ll_utils.o(.text.LL_SetSystemCoreClock), (20 bytes).
    Removing py32f0xx_ll_utils.o(.ARM.exidx.text.LL_SetSystemCoreClock), (8 bytes).
    Removing py32f0xx_ll_utils.o(.text.LL_SetFlashLatency), (160 bytes).
    Removing py32f0xx_ll_utils.o(.ARM.exidx.text.LL_SetFlashLatency), (8 bytes).
    Removing py32f0xx_ll_utils.o(.text.LL_FLASH_SetLatency), (28 bytes).
    Removing py32f0xx_ll_utils.o(.ARM.exidx.text.LL_FLASH_SetLatency), (8 bytes).
    Removing py32f0xx_ll_utils.o(.text.LL_FLASH_GetLatency), (16 bytes).
    Removing py32f0xx_ll_utils.o(.ARM.exidx.text.LL_FLASH_GetLatency), (8 bytes).
    Removing system_py32f0xx.o(.text), (0 bytes).
    Removing system_py32f0xx.o(.text.SystemCoreClockUpdate), (164 bytes).
    Removing system_py32f0xx.o(.ARM.exidx.text.SystemCoreClockUpdate), (8 bytes).
    Removing system_py32f0xx.o(.ARM.exidx.text.SystemInit), (8 bytes).
    Removing system_py32f0xx.o(.ARM.exidx.text.$Sub$$main), (8 bytes).
    Removing system_py32f0xx.o(.rodata.AHBPrescTable), (64 bytes).
    Removing system_py32f0xx.o(.rodata.HSIFreqTable), (32 bytes).

537 unused section(s) (total 45460 bytes) removed from the image.

==============================================================================

Image Symbol Table

    Local Symbols

    Symbol Name                              Value     Ov Type        Size  Object(Section)

    ../clib/angel/boardlib.s                 0x00000000   Number         0  boardinit1.o ABSOLUTE
    ../clib/angel/boardlib.s                 0x00000000   Number         0  boardinit2.o ABSOLUTE
    ../clib/angel/boardlib.s                 0x00000000   Number         0  boardinit3.o ABSOLUTE
    ../clib/angel/boardlib.s                 0x00000000   Number         0  boardshut.o ABSOLUTE
    ../clib/angel/handlers.s                 0x00000000   Number         0  __scatter_copy.o ABSOLUTE
    ../clib/angel/handlers.s                 0x00000000   Number         0  __scatter_zi.o ABSOLUTE
    ../clib/angel/kernel.s                   0x00000000   Number         0  __rtentry.o ABSOLUTE
    ../clib/angel/kernel.s                   0x00000000   Number         0  __rtentry2.o ABSOLUTE
    ../clib/angel/kernel.s                   0x00000000   Number         0  __rtentry4.o ABSOLUTE
    ../clib/angel/kernel.s                   0x00000000   Number         0  rtexit.o ABSOLUTE
    ../clib/angel/kernel.s                   0x00000000   Number         0  rtexit2.o ABSOLUTE
    ../clib/angel/rt.s                       0x00000000   Number         0  aeabi_idiv0.o ABSOLUTE
    ../clib/angel/rt.s                       0x00000000   Number         0  aeabi_idiv0_sigfpe.o ABSOLUTE
    ../clib/angel/rt.s                       0x00000000   Number         0  rt_div0.o ABSOLUTE
    ../clib/angel/rt.s                       0x00000000   Number         0  rt_raise.o ABSOLUTE
    ../clib/angel/scatterp.s                 0x00000000   Number         0  __scatter.o ABSOLUTE
    ../clib/angel/startup.s                  0x00000000   Number         0  __main.o ABSOLUTE
    ../clib/angel/sys.s                      0x00000000   Number         0  sys_stackheap_outer.o ABSOLUTE
    ../clib/angel/sys.s                      0x00000000   Number         0  libspace.o ABSOLUTE
    ../clib/angel/sys.s                      0x00000000   Number         0  tempstk.o ABSOLUTE
    ../clib/angel/sys.s                      0x00000000   Number         0  use_no_semi.o ABSOLUTE
    ../clib/angel/sys.s                      0x00000000   Number         0  indicate_semi.o ABSOLUTE
    ../clib/angel/sysapp.c                   0x00000000   Number         0  sys_exit.o ABSOLUTE
    ../clib/angel/sysapp.c                   0x00000000   Number         0  sys_exit_hlt.o ABSOLUTE
    ../clib/angel/sysapp.c                   0x00000000   Number         0  sys_wrch.o ABSOLUTE
    ../clib/angel/sysapp.c                   0x00000000   Number         0  sys_wrch_hlt.o ABSOLUTE
    ../clib/angel/sysapp.c                   0x00000000   Number         0  sys_command.o ABSOLUTE
    ../clib/angel/sysapp.c                   0x00000000   Number         0  sys_command_hlt.o ABSOLUTE
    ../clib/armsys.c                         0x00000000   Number         0  argv_veneer.o ABSOLUTE
    ../clib/armsys.c                         0x00000000   Number         0  _get_argv_nomalloc.o ABSOLUTE
    ../clib/armsys.c                         0x00000000   Number         0  no_argv.o ABSOLUTE
    ../clib/division.s                       0x00000000   Number         0  aeabi_sdiv.o ABSOLUTE
    ../clib/division.s                       0x00000000   Number         0  aeabi_sdiv_div0.o ABSOLUTE
    ../clib/heapalloc.c                      0x00000000   Number         0  hrguard.o ABSOLUTE
    ../clib/heapaux.c                        0x00000000   Number         0  heapauxi.o ABSOLUTE
    ../clib/libinit.s                        0x00000000   Number         0  libinit.o ABSOLUTE
    ../clib/libinit.s                        0x00000000   Number         0  libinit2.o ABSOLUTE
    ../clib/libinit.s                        0x00000000   Number         0  libshutdown.o ABSOLUTE
    ../clib/libinit.s                        0x00000000   Number         0  libshutdown2.o ABSOLUTE
    ../clib/memcpset.c                       0x00000000   Number         0  aeabi_memset.o ABSOLUTE
    ../clib/memcpset.c                       0x00000000   Number         0  rt_memclr.o ABSOLUTE
    ../clib/signal.c                         0x00000000   Number         0  defsig_fpe_outer.o ABSOLUTE
    ../clib/signal.c                         0x00000000   Number         0  defsig_fpe_formal.o ABSOLUTE
    ../clib/signal.c                         0x00000000   Number         0  defsig_exit.o ABSOLUTE
    ../clib/signal.c                         0x00000000   Number         0  defsig_fpe_inner.o ABSOLUTE
    ../clib/signal.c                         0x00000000   Number         0  __raise.o ABSOLUTE
    ../clib/signal.c                         0x00000000   Number         0  defsig_general.o ABSOLUTE
    ../clib/signal.c                         0x00000000   Number         0  defsig_abrt_inner.o ABSOLUTE
    ../clib/signal.c                         0x00000000   Number         0  defsig_rtred_inner.o ABSOLUTE
    ../clib/signal.c                         0x00000000   Number         0  defsig_rtmem_inner.o ABSOLUTE
    ../clib/signal.c                         0x00000000   Number         0  defsig_rtmem_outer.o ABSOLUTE
    ../clib/signal.c                         0x00000000   Number         0  defsig_rtmem_formal.o ABSOLUTE
    ../clib/signal.c                         0x00000000   Number         0  defsig_stak_inner.o ABSOLUTE
    ../clib/signal.c                         0x00000000   Number         0  defsig_pvfn_inner.o ABSOLUTE
    ../clib/signal.c                         0x00000000   Number         0  defsig_cppl_inner.o ABSOLUTE
    ../clib/signal.c                         0x00000000   Number         0  defsig_segv_inner.o ABSOLUTE
    ../clib/signal.c                         0x00000000   Number         0  defsig_other.o ABSOLUTE
    ../clib/signal.s                         0x00000000   Number         0  defsig.o ABSOLUTE
    ../clib/stdlib.c                         0x00000000   Number         0  exit.o ABSOLUTE
    ../clib/string.c                         0x00000000   Number         0  strlen.o ABSOLUTE
    ../fplib/cfplib/fpinit.c                 0x00000000   Number         0  fpinit.o ABSOLUTE
    RTE/Device/PY32F002Ax5/startup_py32f002ax5.s 0x00000000   Number         0  startup_py32f002ax5.o ABSOLUTE
    dc.s                                     0x00000000   Number         0  dc.o ABSOLUTE
    fonts.c                                  0x00000000   Number         0  fonts.o ABSOLUTE
    main.c                                   0x00000000   Number         0  main.o ABSOLUTE
    py32f0xx_hal.c                           0x00000000   Number         0  py32f0xx_hal.o ABSOLUTE
    py32f0xx_hal_adc.c                       0x00000000   Number         0  py32f0xx_hal_adc.o ABSOLUTE
    py32f0xx_hal_adc_ex.c                    0x00000000   Number         0  py32f0xx_hal_adc_ex.o ABSOLUTE
    py32f0xx_hal_comp.c                      0x00000000   Number         0  py32f0xx_hal_comp.o ABSOLUTE
    py32f0xx_hal_cortex.c                    0x00000000   Number         0  py32f0xx_hal_cortex.o ABSOLUTE
    py32f0xx_hal_crc.c                       0x00000000   Number         0  py32f0xx_hal_crc.o ABSOLUTE
    py32f0xx_hal_dma.c                       0x00000000   Number         0  py32f0xx_hal_dma.o ABSOLUTE
    py32f0xx_hal_exti.c                      0x00000000   Number         0  py32f0xx_hal_exti.o ABSOLUTE
    py32f0xx_hal_flash.c                     0x00000000   Number         0  py32f0xx_hal_flash.o ABSOLUTE
    py32f0xx_hal_gpio.c                      0x00000000   Number         0  py32f0xx_hal_gpio.o ABSOLUTE
    py32f0xx_hal_i2c.c                       0x00000000   Number         0  py32f0xx_hal_i2c.o ABSOLUTE
    py32f0xx_hal_irda.c                      0x00000000   Number         0  py32f0xx_hal_irda.o ABSOLUTE
    py32f0xx_hal_iwdg.c                      0x00000000   Number         0  py32f0xx_hal_iwdg.o ABSOLUTE
    py32f0xx_hal_led.c                       0x00000000   Number         0  py32f0xx_hal_led.o ABSOLUTE
    py32f0xx_hal_lptim.c                     0x00000000   Number         0  py32f0xx_hal_lptim.o ABSOLUTE
    py32f0xx_hal_msp.c                       0x00000000   Number         0  py32f0xx_hal_msp.o ABSOLUTE
    py32f0xx_hal_pwr.c                       0x00000000   Number         0  py32f0xx_hal_pwr.o ABSOLUTE
    py32f0xx_hal_rcc.c                       0x00000000   Number         0  py32f0xx_hal_rcc.o ABSOLUTE
    py32f0xx_hal_rcc_ex.c                    0x00000000   Number         0  py32f0xx_hal_rcc_ex.o ABSOLUTE
    py32f0xx_hal_rtc.c                       0x00000000   Number         0  py32f0xx_hal_rtc.o ABSOLUTE
    py32f0xx_hal_rtc_ex.c                    0x00000000   Number         0  py32f0xx_hal_rtc_ex.o ABSOLUTE
    py32f0xx_hal_spi.c                       0x00000000   Number         0  py32f0xx_hal_spi.o ABSOLUTE
    py32f0xx_hal_tim.c                       0x00000000   Number         0  py32f0xx_hal_tim.o ABSOLUTE
    py32f0xx_hal_tim_ex.c                    0x00000000   Number         0  py32f0xx_hal_tim_ex.o ABSOLUTE
    py32f0xx_hal_uart.c                      0x00000000   Number         0  py32f0xx_hal_uart.o ABSOLUTE
    py32f0xx_hal_usart.c                     0x00000000   Number         0  py32f0xx_hal_usart.o ABSOLUTE
    py32f0xx_hal_wwdg.c                      0x00000000   Number         0  py32f0xx_hal_wwdg.o ABSOLUTE
    py32f0xx_it.c                            0x00000000   Number         0  py32f0xx_it.o ABSOLUTE
    py32f0xx_ll_adc.c                        0x00000000   Number         0  py32f0xx_ll_adc.o ABSOLUTE
    py32f0xx_ll_comp.c                       0x00000000   Number         0  py32f0xx_ll_comp.o ABSOLUTE
    py32f0xx_ll_crc.c                        0x00000000   Number         0  py32f0xx_ll_crc.o ABSOLUTE
    py32f0xx_ll_dma.c                        0x00000000   Number         0  py32f0xx_ll_dma.o ABSOLUTE
    py32f0xx_ll_exti.c                       0x00000000   Number         0  py32f0xx_ll_exti.o ABSOLUTE
    py32f0xx_ll_gpio.c                       0x00000000   Number         0  py32f0xx_ll_gpio.o ABSOLUTE
    py32f0xx_ll_i2c.c                        0x00000000   Number         0  py32f0xx_ll_i2c.o ABSOLUTE
    py32f0xx_ll_led.c                        0x00000000   Number         0  py32f0xx_ll_led.o ABSOLUTE
    py32f0xx_ll_lptim.c                      0x00000000   Number         0  py32f0xx_ll_lptim.o ABSOLUTE
    py32f0xx_ll_pwr.c                        0x00000000   Number         0  py32f0xx_ll_pwr.o ABSOLUTE
    py32f0xx_ll_rcc.c                        0x00000000   Number         0  py32f0xx_ll_rcc.o ABSOLUTE
    py32f0xx_ll_rtc.c                        0x00000000   Number         0  py32f0xx_ll_rtc.o ABSOLUTE
    py32f0xx_ll_spi.c                        0x00000000   Number         0  py32f0xx_ll_spi.o ABSOLUTE
    py32f0xx_ll_tim.c                        0x00000000   Number         0  py32f0xx_ll_tim.o ABSOLUTE
    py32f0xx_ll_usart.c                      0x00000000   Number         0  py32f0xx_ll_usart.o ABSOLUTE
    py32f0xx_ll_utils.c                      0x00000000   Number         0  py32f0xx_ll_utils.o ABSOLUTE
    ssd1306.c                                0x00000000   Number         0  ssd1306.o ABSOLUTE
    system_py32f0xx.c                        0x00000000   Number         0  system_py32f0xx.o ABSOLUTE
    RESET                                    0x08000000   Section      192  startup_py32f002ax5.o(RESET)
    !!!main                                  0x080000c0   Section        8  __main.o(!!!main)
    !!!scatter                               0x080000c8   Section       84  __scatter.o(!!!scatter)
    !!handler_copy                           0x0800011c   Section       26  __scatter_copy.o(!!handler_copy)
    !!handler_null                           0x08000138   Section        2  __scatter.o(!!handler_null)
    !!handler_zi                             0x0800013c   Section       28  __scatter_zi.o(!!handler_zi)
    .ARM.Collect$$libinit$$00000000          0x08000158   Section        2  libinit.o(.ARM.Collect$$libinit$$00000000)
    .ARM.Collect$$libinit$$00000002          0x0800015a   Section        0  libinit2.o(.ARM.Collect$$libinit$$00000002)
    .ARM.Collect$$libinit$$00000004          0x0800015a   Section        0  libinit2.o(.ARM.Collect$$libinit$$00000004)
    .ARM.Collect$$libinit$$00000006          0x0800015a   Section        0  libinit2.o(.ARM.Collect$$libinit$$00000006)
    .ARM.Collect$$libinit$$0000000C          0x0800015a   Section        0  libinit2.o(.ARM.Collect$$libinit$$0000000C)
    .ARM.Collect$$libinit$$0000000E          0x0800015a   Section        0  libinit2.o(.ARM.Collect$$libinit$$0000000E)
    .ARM.Collect$$libinit$$00000010          0x0800015a   Section        0  libinit2.o(.ARM.Collect$$libinit$$00000010)
    .ARM.Collect$$libinit$$00000013          0x0800015a   Section        0  libinit2.o(.ARM.Collect$$libinit$$00000013)
    .ARM.Collect$$libinit$$00000015          0x0800015a   Section        0  libinit2.o(.ARM.Collect$$libinit$$00000015)
    .ARM.Collect$$libinit$$00000017          0x0800015a   Section        0  libinit2.o(.ARM.Collect$$libinit$$00000017)
    .ARM.Collect$$libinit$$00000019          0x0800015a   Section        0  libinit2.o(.ARM.Collect$$libinit$$00000019)
    .ARM.Collect$$libinit$$0000001B          0x0800015a   Section        0  libinit2.o(.ARM.Collect$$libinit$$0000001B)
    .ARM.Collect$$libinit$$0000001D          0x0800015a   Section        0  libinit2.o(.ARM.Collect$$libinit$$0000001D)
    .ARM.Collect$$libinit$$0000001F          0x0800015a   Section        0  libinit2.o(.ARM.Collect$$libinit$$0000001F)
    .ARM.Collect$$libinit$$00000021          0x0800015a   Section        0  libinit2.o(.ARM.Collect$$libinit$$00000021)
    .ARM.Collect$$libinit$$00000023          0x0800015a   Section        0  libinit2.o(.ARM.Collect$$libinit$$00000023)
    .ARM.Collect$$libinit$$00000025          0x0800015a   Section        0  libinit2.o(.ARM.Collect$$libinit$$00000025)
    .ARM.Collect$$libinit$$00000027          0x0800015a   Section        0  libinit2.o(.ARM.Collect$$libinit$$00000027)
    .ARM.Collect$$libinit$$0000002E          0x0800015a   Section        0  libinit2.o(.ARM.Collect$$libinit$$0000002E)
    .ARM.Collect$$libinit$$00000030          0x0800015a   Section        0  libinit2.o(.ARM.Collect$$libinit$$00000030)
    .ARM.Collect$$libinit$$00000032          0x0800015a   Section        0  libinit2.o(.ARM.Collect$$libinit$$00000032)
    .ARM.Collect$$libinit$$00000034          0x0800015a   Section        0  libinit2.o(.ARM.Collect$$libinit$$00000034)
    .ARM.Collect$$libinit$$00000035          0x0800015a   Section        2  libinit2.o(.ARM.Collect$$libinit$$00000035)
    .ARM.Collect$$libshutdown$$00000000      0x0800015c   Section        2  libshutdown.o(.ARM.Collect$$libshutdown$$00000000)
    .ARM.Collect$$libshutdown$$00000002      0x0800015e   Section        0  libshutdown2.o(.ARM.Collect$$libshutdown$$00000002)
    .ARM.Collect$$libshutdown$$00000004      0x0800015e   Section        0  libshutdown2.o(.ARM.Collect$$libshutdown$$00000004)
    .ARM.Collect$$libshutdown$$00000007      0x0800015e   Section        0  libshutdown2.o(.ARM.Collect$$libshutdown$$00000007)
    .ARM.Collect$$libshutdown$$0000000A      0x0800015e   Section        0  libshutdown2.o(.ARM.Collect$$libshutdown$$0000000A)
    .ARM.Collect$$libshutdown$$0000000C      0x0800015e   Section        0  libshutdown2.o(.ARM.Collect$$libshutdown$$0000000C)
    .ARM.Collect$$libshutdown$$0000000F      0x0800015e   Section        0  libshutdown2.o(.ARM.Collect$$libshutdown$$0000000F)
    .ARM.Collect$$libshutdown$$00000010      0x0800015e   Section        2  libshutdown2.o(.ARM.Collect$$libshutdown$$00000010)
    .ARM.Collect$$rtentry$$00000000          0x08000160   Section        0  __rtentry.o(.ARM.Collect$$rtentry$$00000000)
    .ARM.Collect$$rtentry$$00000002          0x08000160   Section        0  __rtentry2.o(.ARM.Collect$$rtentry$$00000002)
    .ARM.Collect$$rtentry$$00000004          0x08000160   Section        6  __rtentry4.o(.ARM.Collect$$rtentry$$00000004)
    .ARM.Collect$$rtentry$$00000009          0x08000166   Section        0  __rtentry2.o(.ARM.Collect$$rtentry$$00000009)
    .ARM.Collect$$rtentry$$0000000A          0x08000166   Section        4  __rtentry2.o(.ARM.Collect$$rtentry$$0000000A)
    .ARM.Collect$$rtentry$$0000000C          0x0800016a   Section        0  __rtentry2.o(.ARM.Collect$$rtentry$$0000000C)
    .ARM.Collect$$rtentry$$0000000D          0x0800016a   Section        8  __rtentry2.o(.ARM.Collect$$rtentry$$0000000D)
    .ARM.Collect$$rtexit$$00000000           0x08000172   Section        2  rtexit.o(.ARM.Collect$$rtexit$$00000000)
    .ARM.Collect$$rtexit$$00000002           0x08000174   Section        0  rtexit2.o(.ARM.Collect$$rtexit$$00000002)
    .ARM.Collect$$rtexit$$00000003           0x08000174   Section        4  rtexit2.o(.ARM.Collect$$rtexit$$00000003)
    .ARM.Collect$$rtexit$$00000004           0x08000178   Section        6  rtexit2.o(.ARM.Collect$$rtexit$$00000004)
    .text                                    0x08000180   Section       52  startup_py32f002ax5.o(.text)
    .text                                    0x080001b4   Section        0  aeabi_memset.o(.text)
    .text                                    0x080001c8   Section      364  aeabi_sdiv.o(.text)
    .text                                    0x08000334   Section        0  heapauxi.o(.text)
    .text                                    0x0800033a   Section        0  rt_memclr.o(.text)
    .text                                    0x0800037a   Section       62  sys_stackheap_outer.o(.text)
    .text                                    0x080003b8   Section        0  exit.o(.text)
    .text                                    0x080003c8   Section        8  libspace.o(.text)
    .text                                    0x080003d0   Section        0  sys_exit.o(.text)
    .text                                    0x080003dc   Section        2  use_no_semi.o(.text)
    .text                                    0x080003de   Section        0  indicate_semi.o(.text)
    [Anonymous Symbol]                       0x080003e0   Section        0  system_py32f0xx.o(.text.$Sub$$main)
    __arm_cp.2_0                             0x08000428   Number         4  system_py32f0xx.o(.text.$Sub$$main)
    __arm_cp.2_1                             0x0800042c   Number         4  system_py32f0xx.o(.text.$Sub$$main)
    [Anonymous Symbol]                       0x08000430   Section        0  py32f0xx_hal_gpio.o(.text.HAL_GPIO_Init)
    __arm_cp.0_0                             0x080006b4   Number         4  py32f0xx_hal_gpio.o(.text.HAL_GPIO_Init)
    __arm_cp.0_1                             0x080006b8   Number         4  py32f0xx_hal_gpio.o(.text.HAL_GPIO_Init)
    __arm_cp.0_2                             0x080006bc   Number         4  py32f0xx_hal_gpio.o(.text.HAL_GPIO_Init)
    __arm_cp.0_3                             0x080006c0   Number         4  py32f0xx_hal_gpio.o(.text.HAL_GPIO_Init)
    __arm_cp.0_4                             0x080006c4   Number         4  py32f0xx_hal_gpio.o(.text.HAL_GPIO_Init)
    __arm_cp.0_5                             0x080006c8   Number         4  py32f0xx_hal_gpio.o(.text.HAL_GPIO_Init)
    [Anonymous Symbol]                       0x080006cc   Section        0  py32f0xx_hal_gpio.o(.text.HAL_GPIO_TogglePin)
    [Anonymous Symbol]                       0x08000700   Section        0  py32f0xx_hal.o(.text.HAL_GetTick)
    __arm_cp.6_0                             0x08000708   Number         4  py32f0xx_hal.o(.text.HAL_GetTick)
    [Anonymous Symbol]                       0x0800070c   Section        0  py32f0xx_hal_i2c.o(.text.HAL_I2C_Init)
    __arm_cp.0_0                             0x08000974   Number         4  py32f0xx_hal_i2c.o(.text.HAL_I2C_Init)
    __arm_cp.0_1                             0x08000978   Number         4  py32f0xx_hal_i2c.o(.text.HAL_I2C_Init)
    __arm_cp.0_2                             0x0800097c   Number         4  py32f0xx_hal_i2c.o(.text.HAL_I2C_Init)
    __arm_cp.0_3                             0x08000980   Number         4  py32f0xx_hal_i2c.o(.text.HAL_I2C_Init)
    __arm_cp.0_4                             0x08000984   Number         4  py32f0xx_hal_i2c.o(.text.HAL_I2C_Init)
    __arm_cp.0_5                             0x08000988   Number         4  py32f0xx_hal_i2c.o(.text.HAL_I2C_Init)
    [Anonymous Symbol]                       0x0800098c   Section        0  py32f0xx_hal_i2c.o(.text.HAL_I2C_IsDeviceReady)
    __arm_cp.25_0                            0x08000c00   Number         4  py32f0xx_hal_i2c.o(.text.HAL_I2C_IsDeviceReady)
    __arm_cp.25_2                            0x08000c04   Number         4  py32f0xx_hal_i2c.o(.text.HAL_I2C_IsDeviceReady)
    [Anonymous Symbol]                       0x08000c08   Section        0  py32f0xx_hal_i2c.o(.text.HAL_I2C_Master_Transmit)
    __arm_cp.4_0                             0x08000e14   Number         4  py32f0xx_hal_i2c.o(.text.HAL_I2C_Master_Transmit)
    __arm_cp.4_1                             0x08000e18   Number         4  py32f0xx_hal_i2c.o(.text.HAL_I2C_Master_Transmit)
    [Anonymous Symbol]                       0x08000e1c   Section        0  py32f0xx_hal_msp.o(.text.HAL_I2C_MspInit)
    __arm_cp.1_0                             0x08000e7c   Number         4  py32f0xx_hal_msp.o(.text.HAL_I2C_MspInit)
    __arm_cp.1_1                             0x08000e80   Number         4  py32f0xx_hal_msp.o(.text.HAL_I2C_MspInit)
    __arm_cp.1_2                             0x08000e84   Number         4  py32f0xx_hal_msp.o(.text.HAL_I2C_MspInit)
    [Anonymous Symbol]                       0x08000e88   Section        0  py32f0xx_hal.o(.text.HAL_IncTick)
    __arm_cp.5_0                             0x08000e98   Number         4  py32f0xx_hal.o(.text.HAL_IncTick)
    __arm_cp.5_1                             0x08000e9c   Number         4  py32f0xx_hal.o(.text.HAL_IncTick)
    [Anonymous Symbol]                       0x08000ea0   Section        0  py32f0xx_hal_rcc.o(.text.HAL_RCC_GetHCLKFreq)
    __arm_cp.5_0                             0x08000ea8   Number         4  py32f0xx_hal_rcc.o(.text.HAL_RCC_GetHCLKFreq)
    [Anonymous Symbol]                       0x08000eac   Section        0  py32f0xx_hal_rcc.o(.text.HAL_RCC_GetPCLK1Freq)
    __arm_cp.6_0                             0x08000ecc   Number         4  py32f0xx_hal_rcc.o(.text.HAL_RCC_GetPCLK1Freq)
    __arm_cp.6_1                             0x08000ed0   Number         4  py32f0xx_hal_rcc.o(.text.HAL_RCC_GetPCLK1Freq)
    [Anonymous Symbol]                       0x08000ed4   Section        0  py32f0xx_it.o(.text.HardFault_Handler)
    I2C_IsAcknowledgeFailed                  0x08000ed9   Thumb Code   100  py32f0xx_hal_i2c.o(.text.I2C_IsAcknowledgeFailed)
    [Anonymous Symbol]                       0x08000ed8   Section        0  py32f0xx_hal_i2c.o(.text.I2C_IsAcknowledgeFailed)
    __arm_cp.65_0                            0x08000f3c   Number         4  py32f0xx_hal_i2c.o(.text.I2C_IsAcknowledgeFailed)
    I2C_MasterRequestWrite                   0x08000f41   Thumb Code   180  py32f0xx_hal_i2c.o(.text.I2C_MasterRequestWrite)
    [Anonymous Symbol]                       0x08000f40   Section        0  py32f0xx_hal_i2c.o(.text.I2C_MasterRequestWrite)
    __arm_cp.6_0                             0x08000ff4   Number         4  py32f0xx_hal_i2c.o(.text.I2C_MasterRequestWrite)
    __arm_cp.6_1                             0x08000ff8   Number         4  py32f0xx_hal_i2c.o(.text.I2C_MasterRequestWrite)
    __arm_cp.6_2                             0x08000ffc   Number         4  py32f0xx_hal_i2c.o(.text.I2C_MasterRequestWrite)
    I2C_WaitOnBTFFlagUntilTimeout            0x08001001   Thumb Code   152  py32f0xx_hal_i2c.o(.text.I2C_WaitOnBTFFlagUntilTimeout)
    [Anonymous Symbol]                       0x08001000   Section        0  py32f0xx_hal_i2c.o(.text.I2C_WaitOnBTFFlagUntilTimeout)
    I2C_WaitOnFlagUntilTimeout               0x08001099   Thumb Code   186  py32f0xx_hal_i2c.o(.text.I2C_WaitOnFlagUntilTimeout)
    [Anonymous Symbol]                       0x08001098   Section        0  py32f0xx_hal_i2c.o(.text.I2C_WaitOnFlagUntilTimeout)
    I2C_WaitOnMasterAddressFlagUntilTimeout  0x08001155   Thumb Code   272  py32f0xx_hal_i2c.o(.text.I2C_WaitOnMasterAddressFlagUntilTimeout)
    [Anonymous Symbol]                       0x08001154   Section        0  py32f0xx_hal_i2c.o(.text.I2C_WaitOnMasterAddressFlagUntilTimeout)
    __arm_cp.64_0                            0x08001264   Number         4  py32f0xx_hal_i2c.o(.text.I2C_WaitOnMasterAddressFlagUntilTimeout)
    I2C_WaitOnTXEFlagUntilTimeout            0x08001269   Thumb Code   150  py32f0xx_hal_i2c.o(.text.I2C_WaitOnTXEFlagUntilTimeout)
    [Anonymous Symbol]                       0x08001268   Section        0  py32f0xx_hal_i2c.o(.text.I2C_WaitOnTXEFlagUntilTimeout)
    [Anonymous Symbol]                       0x080012fe   Section        0  py32f0xx_it.o(.text.NMI_Handler)
    [Anonymous Symbol]                       0x08001300   Section        0  py32f0xx_it.o(.text.PendSV_Handler)
    [Anonymous Symbol]                       0x08001302   Section        0  ssd1306.o(.text.SSD1306_Clear)
    [Anonymous Symbol]                       0x08001310   Section        0  ssd1306.o(.text.SSD1306_DrawPixel)
    [Anonymous Symbol]                       0x0800139c   Section        0  ssd1306.o(.text.SSD1306_Fill)
    [Anonymous Symbol]                       0x080013c8   Section        0  ssd1306.o(.text.SSD1306_GotoXY)
    [Anonymous Symbol]                       0x080013e0   Section        0  ssd1306.o(.text.SSD1306_Init)
    __arm_cp.10_0                            0x08001568   Number         4  ssd1306.o(.text.SSD1306_Init)
    __arm_cp.10_1                            0x0800156c   Number         4  ssd1306.o(.text.SSD1306_Init)
    __arm_cp.10_2                            0x08001570   Number         4  ssd1306.o(.text.SSD1306_Init)
    [Anonymous Symbol]                       0x08001574   Section        0  ssd1306.o(.text.SSD1306_Putc)
    __arm_cp.17_0                            0x08001660   Number         4  ssd1306.o(.text.SSD1306_Putc)
    [Anonymous Symbol]                       0x08001664   Section        0  ssd1306.o(.text.SSD1306_Puts)
    [Anonymous Symbol]                       0x080016b8   Section        0  ssd1306.o(.text.SSD1306_UpdateScreen)
    __arm_cp.12_0                            0x08001718   Number         4  ssd1306.o(.text.SSD1306_UpdateScreen)
    [Anonymous Symbol]                       0x0800171c   Section        0  py32f0xx_it.o(.text.SVC_Handler)
    [Anonymous Symbol]                       0x0800171e   Section        0  py32f0xx_it.o(.text.SysTick_Handler)
    [Anonymous Symbol]                       0x08001728   Section        0  system_py32f0xx.o(.text.SystemInit)
    __arm_cp.1_0                             0x08001748   Number         4  system_py32f0xx.o(.text.SystemInit)
    __arm_cp.1_1                             0x0800174c   Number         4  system_py32f0xx.o(.text.SystemInit)
    __arm_cp.1_2                             0x08001750   Number         4  system_py32f0xx.o(.text.SystemInit)
    __arm_cp.1_3                             0x08001754   Number         4  system_py32f0xx.o(.text.SystemInit)
    [Anonymous Symbol]                       0x08001758   Section        0  main.o(.text.delay)
    [Anonymous Symbol]                       0x08001770   Section        0  main.o(.text.main)
    __arm_cp.1_0                             0x08001814   Number         4  main.o(.text.main)
    __arm_cp.1_2                             0x08001818   Number         4  main.o(.text.main)
    __arm_cp.1_3                             0x0800181c   Number         4  main.o(.text.main)
    __arm_cp.1_4                             0x08001820   Number         4  main.o(.text.main)
    __arm_cp.1_5                             0x08001824   Number         4  main.o(.text.main)
    __arm_cp.1_6                             0x08001828   Number         4  main.o(.text.main)
    [Anonymous Symbol]                       0x0800182c   Section        0  ssd1306.o(.text.ssd1306_I2C_Init)
    __arm_cp.36_0                            0x08001848   Number         4  ssd1306.o(.text.ssd1306_I2C_Init)
    [Anonymous Symbol]                       0x0800184c   Section        0  ssd1306.o(.text.ssd1306_I2C_Write)
    [Anonymous Symbol]                       0x0800187c   Section        0  ssd1306.o(.text.ssd1306_I2C_WriteMulti)
    __arm_cp.13_0                            0x080018e0   Number         4  ssd1306.o(.text.ssd1306_I2C_WriteMulti)
    [Anonymous Symbol]                       0x08002660   Section        0  main.o(.rodata.str1.1)
    .bss                                     0x200000d0   Section       96  libspace.o(.bss)
    SSD1306                                  0x20000130   Data           6  ssd1306.o(.bss.SSD1306)
    [Anonymous Symbol]                       0x20000130   Section        0  ssd1306.o(.bss.SSD1306)
    SSD1306_Buffer                           0x20000136   Data        1024  ssd1306.o(.bss.SSD1306_Buffer)
    [Anonymous Symbol]                       0x20000136   Section        0  ssd1306.o(.bss.SSD1306_Buffer)
    Heap_Mem                                 0x20000580   Data           0  startup_py32f002ax5.o(HEAP)
    Stack_Mem                                0x20000580   Data        1024  startup_py32f002ax5.o(STACK)
    HEAP                                     0x20000580   Section        0  startup_py32f002ax5.o(HEAP)
    STACK                                    0x20000580   Section     1024  startup_py32f002ax5.o(STACK)
    __initial_sp                             0x20000980   Data           0  startup_py32f002ax5.o(STACK)

    Global Symbols

    Symbol Name                              Value     Ov Type        Size  Object(Section)

    BuildAttributes$$THM_ISAv3M$S$PE$A:L22$X:L11$S22$IEEE1$IW$~IW$USESV6$~STKCKD$USESV7$~SHL$OSPACE$ROPI$EBA8$UX$STANDARDLIB$REQ8$PRES8$EABIv2 0x00000000   Number         0  anon$$obj.o ABSOLUTE
    __ARM_exceptions_init                     - Undefined Weak Reference
    __alloca_initialize                       - Undefined Weak Reference
    __arm_preinit_                            - Undefined Weak Reference
    __arm_relocate_pie_                       - Undefined Weak Reference
    __cpp_initialize__aeabi_                  - Undefined Weak Reference
    __cxa_finalize                            - Undefined Weak Reference
    __rt_locale                               - Undefined Weak Reference
    __sigvec_lookup                           - Undefined Weak Reference
    _atexit_init                              - Undefined Weak Reference
    _call_atexit_fns                          - Undefined Weak Reference
    _clock_init                               - Undefined Weak Reference
    _fp_trap_init                             - Undefined Weak Reference
    _fp_trap_shutdown                         - Undefined Weak Reference
    _get_lc_collate                           - Undefined Weak Reference
    _get_lc_ctype                             - Undefined Weak Reference
    _get_lc_monetary                          - Undefined Weak Reference
    _get_lc_numeric                           - Undefined Weak Reference
    _get_lc_time                              - Undefined Weak Reference
    _getenv_init                              - Undefined Weak Reference
    _handle_redirection                       - Undefined Weak Reference
    _init_alloc                               - Undefined Weak Reference
    _init_user_alloc                          - Undefined Weak Reference
    _initio                                   - Undefined Weak Reference
    _rand_init                                - Undefined Weak Reference
    _signal_finish                            - Undefined Weak Reference
    _signal_init                              - Undefined Weak Reference
    _terminate_alloc                          - Undefined Weak Reference
    _terminate_user_alloc                     - Undefined Weak Reference
    _terminateio                              - Undefined Weak Reference
    __Vectors_Size                           0x000000c0   Number         0  startup_py32f002ax5.o ABSOLUTE
    __Vectors                                0x08000000   Data           4  startup_py32f002ax5.o(RESET)
    __Vectors_End                            0x080000c0   Data           0  startup_py32f002ax5.o(RESET)
    __main                                   0x080000c1   Thumb Code     8  __main.o(!!!main)
    __scatterload                            0x080000c9   Thumb Code     0  __scatter.o(!!!scatter)
    __scatterload_rt2                        0x080000c9   Thumb Code    74  __scatter.o(!!!scatter)
    __scatterload_rt2_thumb_only             0x080000c9   Thumb Code     0  __scatter.o(!!!scatter)
    __scatterload_loop                       0x080000d3   Thumb Code     0  __scatter.o(!!!scatter)
    __scatterload_copy                       0x0800011d   Thumb Code    26  __scatter_copy.o(!!handler_copy)
    __scatterload_null                       0x08000139   Thumb Code     2  __scatter.o(!!handler_null)
    __scatterload_zeroinit                   0x0800013d   Thumb Code    28  __scatter_zi.o(!!handler_zi)
    __rt_lib_init                            0x08000159   Thumb Code     0  libinit.o(.ARM.Collect$$libinit$$00000000)
    __rt_lib_init_alloca_1                   0x0800015b   Thumb Code     0  libinit2.o(.ARM.Collect$$libinit$$00000030)
    __rt_lib_init_argv_1                     0x0800015b   Thumb Code     0  libinit2.o(.ARM.Collect$$libinit$$0000002E)
    __rt_lib_init_atexit_1                   0x0800015b   Thumb Code     0  libinit2.o(.ARM.Collect$$libinit$$0000001D)
    __rt_lib_init_clock_1                    0x0800015b   Thumb Code     0  libinit2.o(.ARM.Collect$$libinit$$00000023)
    __rt_lib_init_cpp_1                      0x0800015b   Thumb Code     0  libinit2.o(.ARM.Collect$$libinit$$00000034)
    __rt_lib_init_exceptions_1               0x0800015b   Thumb Code     0  libinit2.o(.ARM.Collect$$libinit$$00000032)
    __rt_lib_init_fp_1                       0x0800015b   Thumb Code     0  libinit2.o(.ARM.Collect$$libinit$$00000002)
    __rt_lib_init_fp_trap_1                  0x0800015b   Thumb Code     0  libinit2.o(.ARM.Collect$$libinit$$00000021)
    __rt_lib_init_getenv_1                   0x0800015b   Thumb Code     0  libinit2.o(.ARM.Collect$$libinit$$00000025)
    __rt_lib_init_heap_1                     0x0800015b   Thumb Code     0  libinit2.o(.ARM.Collect$$libinit$$0000000C)
    __rt_lib_init_lc_collate_1               0x0800015b   Thumb Code     0  libinit2.o(.ARM.Collect$$libinit$$00000013)
    __rt_lib_init_lc_ctype_1                 0x0800015b   Thumb Code     0  libinit2.o(.ARM.Collect$$libinit$$00000015)
    __rt_lib_init_lc_monetary_1              0x0800015b   Thumb Code     0  libinit2.o(.ARM.Collect$$libinit$$00000017)
    __rt_lib_init_lc_numeric_1               0x0800015b   Thumb Code     0  libinit2.o(.ARM.Collect$$libinit$$00000019)
    __rt_lib_init_lc_time_1                  0x0800015b   Thumb Code     0  libinit2.o(.ARM.Collect$$libinit$$0000001B)
    __rt_lib_init_preinit_1                  0x0800015b   Thumb Code     0  libinit2.o(.ARM.Collect$$libinit$$00000006)
    __rt_lib_init_rand_1                     0x0800015b   Thumb Code     0  libinit2.o(.ARM.Collect$$libinit$$00000010)
    __rt_lib_init_relocate_pie_1             0x0800015b   Thumb Code     0  libinit2.o(.ARM.Collect$$libinit$$00000004)
    __rt_lib_init_return                     0x0800015b   Thumb Code     0  libinit2.o(.ARM.Collect$$libinit$$00000035)
    __rt_lib_init_signal_1                   0x0800015b   Thumb Code     0  libinit2.o(.ARM.Collect$$libinit$$0000001F)
    __rt_lib_init_stdio_1                    0x0800015b   Thumb Code     0  libinit2.o(.ARM.Collect$$libinit$$00000027)
    __rt_lib_init_user_alloc_1               0x0800015b   Thumb Code     0  libinit2.o(.ARM.Collect$$libinit$$0000000E)
    __rt_lib_shutdown                        0x0800015d   Thumb Code     0  libshutdown.o(.ARM.Collect$$libshutdown$$00000000)
    __rt_lib_shutdown_cpp_1                  0x0800015f   Thumb Code     0  libshutdown2.o(.ARM.Collect$$libshutdown$$00000002)
    __rt_lib_shutdown_fp_trap_1              0x0800015f   Thumb Code     0  libshutdown2.o(.ARM.Collect$$libshutdown$$00000007)
    __rt_lib_shutdown_heap_1                 0x0800015f   Thumb Code     0  libshutdown2.o(.ARM.Collect$$libshutdown$$0000000F)
    __rt_lib_shutdown_return                 0x0800015f   Thumb Code     0  libshutdown2.o(.ARM.Collect$$libshutdown$$00000010)
    __rt_lib_shutdown_signal_1               0x0800015f   Thumb Code     0  libshutdown2.o(.ARM.Collect$$libshutdown$$0000000A)
    __rt_lib_shutdown_stdio_1                0x0800015f   Thumb Code     0  libshutdown2.o(.ARM.Collect$$libshutdown$$00000004)
    __rt_lib_shutdown_user_alloc_1           0x0800015f   Thumb Code     0  libshutdown2.o(.ARM.Collect$$libshutdown$$0000000C)
    __rt_entry                               0x08000161   Thumb Code     0  __rtentry.o(.ARM.Collect$$rtentry$$00000000)
    __rt_entry_presh_1                       0x08000161   Thumb Code     0  __rtentry2.o(.ARM.Collect$$rtentry$$00000002)
    __rt_entry_sh                            0x08000161   Thumb Code     0  __rtentry4.o(.ARM.Collect$$rtentry$$00000004)
    __rt_entry_li                            0x08000167   Thumb Code     0  __rtentry2.o(.ARM.Collect$$rtentry$$0000000A)
    __rt_entry_postsh_1                      0x08000167   Thumb Code     0  __rtentry2.o(.ARM.Collect$$rtentry$$00000009)
    __rt_entry_main                          0x0800016b   Thumb Code     0  __rtentry2.o(.ARM.Collect$$rtentry$$0000000D)
    __rt_entry_postli_1                      0x0800016b   Thumb Code     0  __rtentry2.o(.ARM.Collect$$rtentry$$0000000C)
    __rt_exit                                0x08000173   Thumb Code     0  rtexit.o(.ARM.Collect$$rtexit$$00000000)
    __rt_exit_ls                             0x08000175   Thumb Code     0  rtexit2.o(.ARM.Collect$$rtexit$$00000003)
    __rt_exit_prels_1                        0x08000175   Thumb Code     0  rtexit2.o(.ARM.Collect$$rtexit$$00000002)
    __rt_exit_exit                           0x08000179   Thumb Code     0  rtexit2.o(.ARM.Collect$$rtexit$$00000004)
    Reset_Handler                            0x08000181   Thumb Code     8  startup_py32f002ax5.o(.text)
    ADC_COMP_IRQHandler                      0x08000193   Thumb Code     0  startup_py32f002ax5.o(.text)
    EXTI0_1_IRQHandler                       0x08000193   Thumb Code     0  startup_py32f002ax5.o(.text)
    EXTI2_3_IRQHandler                       0x08000193   Thumb Code     0  startup_py32f002ax5.o(.text)
    EXTI4_15_IRQHandler                      0x08000193   Thumb Code     0  startup_py32f002ax5.o(.text)
    FLASH_IRQHandler                         0x08000193   Thumb Code     0  startup_py32f002ax5.o(.text)
    I2C1_IRQHandler                          0x08000193   Thumb Code     0  startup_py32f002ax5.o(.text)
    LPTIM1_IRQHandler                        0x08000193   Thumb Code     0  startup_py32f002ax5.o(.text)
    RCC_IRQHandler                           0x08000193   Thumb Code     0  startup_py32f002ax5.o(.text)
    SPI1_IRQHandler                          0x08000193   Thumb Code     0  startup_py32f002ax5.o(.text)
    TIM16_IRQHandler                         0x08000193   Thumb Code     0  startup_py32f002ax5.o(.text)
    TIM1_BRK_UP_TRG_COM_IRQHandler           0x08000193   Thumb Code     0  startup_py32f002ax5.o(.text)
    TIM1_CC_IRQHandler                       0x08000193   Thumb Code     0  startup_py32f002ax5.o(.text)
    USART1_IRQHandler                        0x08000193   Thumb Code     0  startup_py32f002ax5.o(.text)
    __user_initial_stackheap                 0x08000195   Thumb Code     0  startup_py32f002ax5.o(.text)
    __aeabi_memset                           0x080001b5   Thumb Code    18  aeabi_memset.o(.text)
    __aeabi_uidiv                            0x080001c9   Thumb Code     0  aeabi_sdiv.o(.text)
    __aeabi_uidivmod                         0x080001c9   Thumb Code    20  aeabi_sdiv.o(.text)
    __aeabi_idiv                             0x080001dd   Thumb Code     0  aeabi_sdiv.o(.text)
    __aeabi_idivmod                          0x080001dd   Thumb Code   338  aeabi_sdiv.o(.text)
    __use_two_region_memory                  0x08000335   Thumb Code     2  heapauxi.o(.text)
    __rt_heap_escrow$2region                 0x08000337   Thumb Code     2  heapauxi.o(.text)
    __rt_heap_expand$2region                 0x08000339   Thumb Code     2  heapauxi.o(.text)
    _memset_w                                0x0800033b   Thumb Code    26  rt_memclr.o(.text)
    _memset                                  0x08000355   Thumb Code    30  rt_memclr.o(.text)
    __aeabi_memclr                           0x08000373   Thumb Code     4  rt_memclr.o(.text)
    __rt_memclr                              0x08000373   Thumb Code     0  rt_memclr.o(.text)
    __aeabi_memclr4                          0x08000377   Thumb Code     0  rt_memclr.o(.text)
    __aeabi_memclr8                          0x08000377   Thumb Code     0  rt_memclr.o(.text)
    __rt_memclr_w                            0x08000377   Thumb Code     4  rt_memclr.o(.text)
    __user_setup_stackheap                   0x0800037b   Thumb Code    62  sys_stackheap_outer.o(.text)
    exit                                     0x080003b9   Thumb Code    16  exit.o(.text)
    __user_libspace                          0x080003c9   Thumb Code     8  libspace.o(.text)
    __user_perproc_libspace                  0x080003c9   Thumb Code     0  libspace.o(.text)
    __user_perthread_libspace                0x080003c9   Thumb Code     0  libspace.o(.text)
    _sys_exit                                0x080003d1   Thumb Code     8  sys_exit.o(.text)
    __I$use$semihosting                      0x080003dd   Thumb Code     0  use_no_semi.o(.text)
    __use_no_semihosting_swi                 0x080003dd   Thumb Code     2  use_no_semi.o(.text)
    __semihosting_library_function           0x080003df   Thumb Code     0  indicate_semi.o(.text)
    main                                     0x080003e1   Thumb Code    72  system_py32f0xx.o(.text.$Sub$$main)
    HAL_GPIO_Init                            0x08000431   Thumb Code   644  py32f0xx_hal_gpio.o(.text.HAL_GPIO_Init)
    HAL_GPIO_TogglePin                       0x080006cd   Thumb Code    50  py32f0xx_hal_gpio.o(.text.HAL_GPIO_TogglePin)
    HAL_GetTick                              0x08000701   Thumb Code     8  py32f0xx_hal.o(.text.HAL_GetTick)
    HAL_I2C_Init                             0x0800070d   Thumb Code   616  py32f0xx_hal_i2c.o(.text.HAL_I2C_Init)
    HAL_I2C_IsDeviceReady                    0x0800098d   Thumb Code   628  py32f0xx_hal_i2c.o(.text.HAL_I2C_IsDeviceReady)
    HAL_I2C_Master_Transmit                  0x08000c09   Thumb Code   524  py32f0xx_hal_i2c.o(.text.HAL_I2C_Master_Transmit)
    HAL_I2C_MspInit                          0x08000e1d   Thumb Code    96  py32f0xx_hal_msp.o(.text.HAL_I2C_MspInit)
    HAL_IncTick                              0x08000e89   Thumb Code    16  py32f0xx_hal.o(.text.HAL_IncTick)
    HAL_RCC_GetHCLKFreq                      0x08000ea1   Thumb Code     8  py32f0xx_hal_rcc.o(.text.HAL_RCC_GetHCLKFreq)
    HAL_RCC_GetPCLK1Freq                     0x08000ead   Thumb Code    32  py32f0xx_hal_rcc.o(.text.HAL_RCC_GetPCLK1Freq)
    HardFault_Handler                        0x08000ed5   Thumb Code     4  py32f0xx_it.o(.text.HardFault_Handler)
    NMI_Handler                              0x080012ff   Thumb Code     2  py32f0xx_it.o(.text.NMI_Handler)
    PendSV_Handler                           0x08001301   Thumb Code     2  py32f0xx_it.o(.text.PendSV_Handler)
    SSD1306_Clear                            0x08001303   Thumb Code    14  ssd1306.o(.text.SSD1306_Clear)
    SSD1306_DrawPixel                        0x08001311   Thumb Code   140  ssd1306.o(.text.SSD1306_DrawPixel)
    SSD1306_Fill                             0x0800139d   Thumb Code    44  ssd1306.o(.text.SSD1306_Fill)
    SSD1306_GotoXY                           0x080013c9   Thumb Code    24  ssd1306.o(.text.SSD1306_GotoXY)
    SSD1306_Init                             0x080013e1   Thumb Code   392  ssd1306.o(.text.SSD1306_Init)
    SSD1306_Putc                             0x08001575   Thumb Code   236  ssd1306.o(.text.SSD1306_Putc)
    SSD1306_Puts                             0x08001665   Thumb Code    84  ssd1306.o(.text.SSD1306_Puts)
    SSD1306_UpdateScreen                     0x080016b9   Thumb Code    96  ssd1306.o(.text.SSD1306_UpdateScreen)
    SVC_Handler                              0x0800171d   Thumb Code     2  py32f0xx_it.o(.text.SVC_Handler)
    SysTick_Handler                          0x0800171f   Thumb Code     8  py32f0xx_it.o(.text.SysTick_Handler)
    SystemInit                               0x08001729   Thumb Code    32  system_py32f0xx.o(.text.SystemInit)
    delay                                    0x08001759   Thumb Code    24  main.o(.text.delay)
    $Super$$main                             0x08001771   Thumb Code   164  main.o(.text.main)
    ssd1306_I2C_Init                         0x0800182d   Thumb Code    28  ssd1306.o(.text.ssd1306_I2C_Init)
    ssd1306_I2C_Write                        0x0800184d   Thumb Code    48  ssd1306.o(.text.ssd1306_I2C_Write)
    ssd1306_I2C_WriteMulti                   0x0800187d   Thumb Code   100  ssd1306.o(.text.ssd1306_I2C_WriteMulti)
    APBPrescTable                            0x080018e4   Data          32  system_py32f0xx.o(.rodata.APBPrescTable)
    Font11x18                                0x08001904   Data        3420  fonts.o(.rodata.Font11x18)
    Region$$Table$$Base                      0x08002668   Number         0  anon$$obj.o(Region$$Table)
    Region$$Table$$Limit                     0x08002688   Number         0  anon$$obj.o(Region$$Table)
    VECT_SRAM_TAB                            0x20000000   Data         192  system_py32f0xx.o(.ARM.__at_0x20000000)
    Font_11x18                               0x200000c0   Data           8  fonts.o(.data.Font_11x18)
    SystemCoreClock                          0x200000c8   Data           4  system_py32f0xx.o(.data.SystemCoreClock)
    uwTickFreq                               0x200000cc   Data           4  py32f0xx_hal.o(.data.uwTickFreq)
    __libspace_start                         0x200000d0   Data          96  libspace.o(.bss)
    __temporary_stack_top$libspace           0x20000130   Data           0  libspace.o(.bss)
    test                                     0x20000538   Data          64  main.o(.bss.test)
    uwTick                                   0x20000578   Data           4  py32f0xx_hal.o(.bss.uwTick)



==============================================================================

Memory Map of the image

  Image Entry point : 0x08000181

  Load Region LR_1 (Base: 0x08000000, Size: 0x00002758, Max: 0xffffffff, ABSOLUTE)

    Execution Region ER_RO (Exec base: 0x08000000, Load base: 0x08000000, Size: 0x00002688, Max: 0xffffffff, ABSOLUTE)

    Exec Addr    Load Addr    Size         Type   Attr      Idx    E Section Name        Object

    0x08000000   0x08000000   0x000000c0   Data   RO          664    RESET               startup_py32f002ax5.o
    0x080000c0   0x080000c0   0x00000008   Code   RO          701  * !!!main             c_p.l(__main.o)
    0x080000c8   0x080000c8   0x00000054   Code   RO          880    !!!scatter          c_p.l(__scatter.o)
    0x0800011c   0x0800011c   0x0000001a   Code   RO          884    !!handler_copy      c_p.l(__scatter_copy.o)
    0x08000136   0x08000136   0x00000002   PAD
    0x08000138   0x08000138   0x00000002   Code   RO          881    !!handler_null      c_p.l(__scatter.o)
    0x0800013a   0x0800013a   0x00000002   PAD
    0x0800013c   0x0800013c   0x0000001c   Code   RO          886    !!handler_zi        c_p.l(__scatter_zi.o)
    0x08000158   0x08000158   0x00000002   Code   RO          741    .ARM.Collect$$libinit$$00000000  c_p.l(libinit.o)
    0x0800015a   0x0800015a   0x00000000   Code   RO          755    .ARM.Collect$$libinit$$00000002  c_p.l(libinit2.o)
    0x0800015a   0x0800015a   0x00000000   Code   RO          757    .ARM.Collect$$libinit$$00000004  c_p.l(libinit2.o)
    0x0800015a   0x0800015a   0x00000000   Code   RO          759    .ARM.Collect$$libinit$$00000006  c_p.l(libinit2.o)
    0x0800015a   0x0800015a   0x00000000   Code   RO          762    .ARM.Collect$$libinit$$0000000C  c_p.l(libinit2.o)
    0x0800015a   0x0800015a   0x00000000   Code   RO          764    .ARM.Collect$$libinit$$0000000E  c_p.l(libinit2.o)
    0x0800015a   0x0800015a   0x00000000   Code   RO          766    .ARM.Collect$$libinit$$00000010  c_p.l(libinit2.o)
    0x0800015a   0x0800015a   0x00000000   Code   RO          769    .ARM.Collect$$libinit$$00000013  c_p.l(libinit2.o)
    0x0800015a   0x0800015a   0x00000000   Code   RO          771    .ARM.Collect$$libinit$$00000015  c_p.l(libinit2.o)
    0x0800015a   0x0800015a   0x00000000   Code   RO          773    .ARM.Collect$$libinit$$00000017  c_p.l(libinit2.o)
    0x0800015a   0x0800015a   0x00000000   Code   RO          775    .ARM.Collect$$libinit$$00000019  c_p.l(libinit2.o)
    0x0800015a   0x0800015a   0x00000000   Code   RO          777    .ARM.Collect$$libinit$$0000001B  c_p.l(libinit2.o)
    0x0800015a   0x0800015a   0x00000000   Code   RO          779    .ARM.Collect$$libinit$$0000001D  c_p.l(libinit2.o)
    0x0800015a   0x0800015a   0x00000000   Code   RO          781    .ARM.Collect$$libinit$$0000001F  c_p.l(libinit2.o)
    0x0800015a   0x0800015a   0x00000000   Code   RO          783    .ARM.Collect$$libinit$$00000021  c_p.l(libinit2.o)
    0x0800015a   0x0800015a   0x00000000   Code   RO          785    .ARM.Collect$$libinit$$00000023  c_p.l(libinit2.o)
    0x0800015a   0x0800015a   0x00000000   Code   RO          787    .ARM.Collect$$libinit$$00000025  c_p.l(libinit2.o)
    0x0800015a   0x0800015a   0x00000000   Code   RO          789    .ARM.Collect$$libinit$$00000027  c_p.l(libinit2.o)
    0x0800015a   0x0800015a   0x00000000   Code   RO          793    .ARM.Collect$$libinit$$0000002E  c_p.l(libinit2.o)
    0x0800015a   0x0800015a   0x00000000   Code   RO          795    .ARM.Collect$$libinit$$00000030  c_p.l(libinit2.o)
    0x0800015a   0x0800015a   0x00000000   Code   RO          797    .ARM.Collect$$libinit$$00000032  c_p.l(libinit2.o)
    0x0800015a   0x0800015a   0x00000000   Code   RO          799    .ARM.Collect$$libinit$$00000034  c_p.l(libinit2.o)
    0x0800015a   0x0800015a   0x00000002   Code   RO          800    .ARM.Collect$$libinit$$00000035  c_p.l(libinit2.o)
    0x0800015c   0x0800015c   0x00000002   Code   RO          835    .ARM.Collect$$libshutdown$$00000000  c_p.l(libshutdown.o)
    0x0800015e   0x0800015e   0x00000000   Code   RO          863    .ARM.Collect$$libshutdown$$00000002  c_p.l(libshutdown2.o)
    0x0800015e   0x0800015e   0x00000000   Code   RO          865    .ARM.Collect$$libshutdown$$00000004  c_p.l(libshutdown2.o)
    0x0800015e   0x0800015e   0x00000000   Code   RO          868    .ARM.Collect$$libshutdown$$00000007  c_p.l(libshutdown2.o)
    0x0800015e   0x0800015e   0x00000000   Code   RO          871    .ARM.Collect$$libshutdown$$0000000A  c_p.l(libshutdown2.o)
    0x0800015e   0x0800015e   0x00000000   Code   RO          873    .ARM.Collect$$libshutdown$$0000000C  c_p.l(libshutdown2.o)
    0x0800015e   0x0800015e   0x00000000   Code   RO          876    .ARM.Collect$$libshutdown$$0000000F  c_p.l(libshutdown2.o)
    0x0800015e   0x0800015e   0x00000002   Code   RO          877    .ARM.Collect$$libshutdown$$00000010  c_p.l(libshutdown2.o)
    0x08000160   0x08000160   0x00000000   Code   RO          703    .ARM.Collect$$rtentry$$00000000  c_p.l(__rtentry.o)
    0x08000160   0x08000160   0x00000000   Code   RO          711    .ARM.Collect$$rtentry$$00000002  c_p.l(__rtentry2.o)
    0x08000160   0x08000160   0x00000006   Code   RO          723    .ARM.Collect$$rtentry$$00000004  c_p.l(__rtentry4.o)
    0x08000166   0x08000166   0x00000000   Code   RO          713    .ARM.Collect$$rtentry$$00000009  c_p.l(__rtentry2.o)
    0x08000166   0x08000166   0x00000004   Code   RO          714    .ARM.Collect$$rtentry$$0000000A  c_p.l(__rtentry2.o)
    0x0800016a   0x0800016a   0x00000000   Code   RO          716    .ARM.Collect$$rtentry$$0000000C  c_p.l(__rtentry2.o)
    0x0800016a   0x0800016a   0x00000008   Code   RO          717    .ARM.Collect$$rtentry$$0000000D  c_p.l(__rtentry2.o)
    0x08000172   0x08000172   0x00000002   Code   RO          746    .ARM.Collect$$rtexit$$00000000  c_p.l(rtexit.o)
    0x08000174   0x08000174   0x00000000   Code   RO          806    .ARM.Collect$$rtexit$$00000002  c_p.l(rtexit2.o)
    0x08000174   0x08000174   0x00000004   Code   RO          807    .ARM.Collect$$rtexit$$00000003  c_p.l(rtexit2.o)
    0x08000178   0x08000178   0x00000006   Code   RO          808    .ARM.Collect$$rtexit$$00000004  c_p.l(rtexit2.o)
    0x0800017e   0x0800017e   0x00000002   PAD
    0x08000180   0x08000180   0x00000034   Code   RO          665  * .text               startup_py32f002ax5.o
    0x080001b4   0x080001b4   0x00000012   Code   RO          693    .text               c_p.l(aeabi_memset.o)
    0x080001c6   0x080001c6   0x00000002   PAD
    0x080001c8   0x080001c8   0x0000016c   Code   RO          695    .text               c_p.l(aeabi_sdiv.o)
    0x08000334   0x08000334   0x00000006   Code   RO          699    .text               c_p.l(heapauxi.o)
    0x0800033a   0x0800033a   0x00000040   Code   RO          708    .text               c_p.l(rt_memclr.o)
    0x0800037a   0x0800037a   0x0000003e   Code   RO          727    .text               c_p.l(sys_stackheap_outer.o)
    0x080003b8   0x080003b8   0x00000010   Code   RO          730    .text               c_p.l(exit.o)
    0x080003c8   0x080003c8   0x00000008   Code   RO          742    .text               c_p.l(libspace.o)
    0x080003d0   0x080003d0   0x0000000c   Code   RO          801    .text               c_p.l(sys_exit.o)
    0x080003dc   0x080003dc   0x00000002   Code   RO          824    .text               c_p.l(use_no_semi.o)
    0x080003de   0x080003de   0x00000000   Code   RO          826    .text               c_p.l(indicate_semi.o)
    0x080003de   0x080003de   0x00000002   PAD
    0x080003e0   0x080003e0   0x00000050   Code   RO          676    .text.$Sub$$main    system_py32f0xx.o
    0x08000430   0x08000430   0x0000029c   Code   RO          311    .text.HAL_GPIO_Init  py32f0xx_hal_gpio.o
    0x080006cc   0x080006cc   0x00000032   Code   RO          319    .text.HAL_GPIO_TogglePin  py32f0xx_hal_gpio.o
    0x080006fe   0x080006fe   0x00000002   PAD
    0x08000700   0x08000700   0x0000000c   Code   RO          155    .text.HAL_GetTick   py32f0xx_hal.o
    0x0800070c   0x0800070c   0x00000280   Code   RO          334    .text.HAL_I2C_Init  py32f0xx_hal_i2c.o
    0x0800098c   0x0800098c   0x0000027c   Code   RO          384    .text.HAL_I2C_IsDeviceReady  py32f0xx_hal_i2c.o
    0x08000c08   0x08000c08   0x00000214   Code   RO          342    .text.HAL_I2C_Master_Transmit  py32f0xx_hal_i2c.o
    0x08000e1c   0x08000e1c   0x0000006c   Code   RO           18    .text.HAL_I2C_MspInit  py32f0xx_hal_msp.o
    0x08000e88   0x08000e88   0x00000018   Code   RO          153    .text.HAL_IncTick   py32f0xx_hal.o
    0x08000ea0   0x08000ea0   0x0000000c   Code   RO          516    .text.HAL_RCC_GetHCLKFreq  py32f0xx_hal_rcc.o
    0x08000eac   0x08000eac   0x00000028   Code   RO          518    .text.HAL_RCC_GetPCLK1Freq  py32f0xx_hal_rcc.o
    0x08000ed4   0x08000ed4   0x00000004   Code   RO           29    .text.HardFault_Handler  py32f0xx_it.o
    0x08000ed8   0x08000ed8   0x00000068   Code   RO          464    .text.I2C_IsAcknowledgeFailed  py32f0xx_hal_i2c.o
    0x08000f40   0x08000f40   0x000000c0   Code   RO          346    .text.I2C_MasterRequestWrite  py32f0xx_hal_i2c.o
    0x08001000   0x08001000   0x00000098   Code   RO          350    .text.I2C_WaitOnBTFFlagUntilTimeout  py32f0xx_hal_i2c.o
    0x08001098   0x08001098   0x000000ba   Code   RO          344    .text.I2C_WaitOnFlagUntilTimeout  py32f0xx_hal_i2c.o
    0x08001152   0x08001152   0x00000002   PAD
    0x08001154   0x08001154   0x00000114   Code   RO          462    .text.I2C_WaitOnMasterAddressFlagUntilTimeout  py32f0xx_hal_i2c.o
    0x08001268   0x08001268   0x00000096   Code   RO          348    .text.I2C_WaitOnTXEFlagUntilTimeout  py32f0xx_hal_i2c.o
    0x080012fe   0x080012fe   0x00000002   Code   RO           27    .text.NMI_Handler   py32f0xx_it.o
    0x08001300   0x08001300   0x00000002   Code   RO           33    .text.PendSV_Handler  py32f0xx_it.o
    0x08001302   0x08001302   0x0000000e   Code   RO          126    .text.SSD1306_Clear  ssd1306.o
    0x08001310   0x08001310   0x0000008c   Code   RO           76    .text.SSD1306_DrawPixel  ssd1306.o
    0x0800139c   0x0800139c   0x0000002c   Code   RO           82    .text.SSD1306_Fill  ssd1306.o
    0x080013c8   0x080013c8   0x00000018   Code   RO           90    .text.SSD1306_GotoXY  ssd1306.o
    0x080013e0   0x080013e0   0x00000194   Code   RO           80    .text.SSD1306_Init  ssd1306.o
    0x08001574   0x08001574   0x000000f0   Code   RO           94    .text.SSD1306_Putc  ssd1306.o
    0x08001664   0x08001664   0x00000054   Code   RO           98    .text.SSD1306_Puts  ssd1306.o
    0x080016b8   0x080016b8   0x00000064   Code   RO           84    .text.SSD1306_UpdateScreen  ssd1306.o
    0x0800171c   0x0800171c   0x00000002   Code   RO           31    .text.SVC_Handler   py32f0xx_it.o
    0x0800171e   0x0800171e   0x00000008   Code   RO           35    .text.SysTick_Handler  py32f0xx_it.o
    0x08001726   0x08001726   0x00000002   PAD
    0x08001728   0x08001728   0x00000030   Code   RO          674    .text.SystemInit    system_py32f0xx.o
    0x08001758   0x08001758   0x00000018   Code   RO            2    .text.delay         main.o
    0x08001770   0x08001770   0x000000bc   Code   RO            4    .text.main          main.o
    0x0800182c   0x0800182c   0x00000020   Code   RO          132    .text.ssd1306_I2C_Init  ssd1306.o
    0x0800184c   0x0800184c   0x00000030   Code   RO           62    .text.ssd1306_I2C_Write  ssd1306.o
    0x0800187c   0x0800187c   0x00000068   Code   RO           86    .text.ssd1306_I2C_WriteMulti  ssd1306.o
    0x080018e4   0x080018e4   0x00000020   Data   RO          680    .rodata.APBPrescTable  system_py32f0xx.o
    0x08001904   0x08001904   0x00000d5c   Data   RO           47    .rodata.Font11x18   fonts.o
    0x08002660   0x08002660   0x00000007   Data   RO            7    .rodata.str1.1      main.o
    0x08002667   0x08002667   0x00000001   PAD
    0x08002668   0x08002668   0x00000020   Data   RO          879    Region$$Table       anon$$obj.o


    Execution Region ER_RW (Exec base: 0x20000000, Load base: 0x08002688, Size: 0x000000d0, Max: 0xffffffff, ABSOLUTE)

    Exec Addr    Load Addr    Size         Type   Attr      Idx    E Section Name        Object

    0x20000000   0x08002688   0x000000c0   Data   RW          682    .ARM.__at_0x20000000  system_py32f0xx.o
    0x200000c0   0x08002748   0x00000008   Data   RW           52    .data.Font_11x18    fonts.o
    0x200000c8   0x08002750   0x00000004   Data   RW          678    .data.SystemCoreClock  system_py32f0xx.o
    0x200000cc   0x08002754   0x00000004   Data   RW          186    .data.uwTickFreq    py32f0xx_hal.o


    Execution Region ER_ZI (Exec base: 0x200000d0, Load base: 0x08002758, Size: 0x000008b0, Max: 0xffffffff, ABSOLUTE)

    Exec Addr    Load Addr    Size         Type   Attr      Idx    E Section Name        Object

    0x200000d0        -       0x00000060   Zero   RW          743    .bss                c_p.l(libspace.o)
    0x20000130        -       0x00000006   Zero   RW          134    .bss.SSD1306        ssd1306.o
    0x20000136        -       0x00000400   Zero   RW          135    .bss.SSD1306_Buffer  ssd1306.o
    0x20000536   0x08002758   0x00000002   PAD
    0x20000538        -       0x00000040   Zero   RW            6    .bss.test           main.o
    0x20000578        -       0x00000004   Zero   RW          187    .bss.uwTick         py32f0xx_hal.o
    0x2000057c   0x08002758   0x00000004   PAD
    0x20000580        -       0x00000000   Zero   RW          663    HEAP                startup_py32f002ax5.o
    0x20000580        -       0x00000400   Zero   RW          662    STACK               startup_py32f002ax5.o


==============================================================================

Image component sizes


      Code (inc. data)   RO Data    RW Data    ZI Data      Debug   Object Name

         0          0       3420          8          0       1235   fonts.o
       212         24          7          0         64       3600   main.o
        36         12          0          4          4       4717   py32f0xx_hal.o
       718         24          0          0          0       4153   py32f0xx_hal_gpio.o
      2868         60          0          0          0      27414   py32f0xx_hal_i2c.o
       108         12          0          0          0       3444   py32f0xx_hal_msp.o
        52         12          0          0          0       6957   py32f0xx_hal_rcc.o
        18          0          0          0          0        663   py32f0xx_it.o
      1234         28          0          0       1030      13342   ssd1306.o
        52         22        192          0       1024        652   startup_py32f002ax5.o
       128         24         32        196          0       2391   system_py32f0xx.o

    ----------------------------------------------------------------------
      5432        218       3684        208       2128      68568   Object Totals
         0          0         32          0          0          0   (incl. Generated)
         6          0          1          0          6          0   (incl. Padding)

    ----------------------------------------------------------------------

      Code (inc. data)   RO Data    RW Data    ZI Data      Debug   Library Member Name

         8          0          0          0          0         68   __main.o
         0          0          0          0          0          0   __rtentry.o
        12          0          0          0          0          0   __rtentry2.o
         6          0          0          0          0          0   __rtentry4.o
        86         10          0          0          0          0   __scatter.o
        26          0          0          0          0          0   __scatter_copy.o
        28          0          0          0          0          0   __scatter_zi.o
        18          0          0          0          0         68   aeabi_memset.o
       364          4          0          0          0         92   aeabi_sdiv.o
        16          0          0          0          0         68   exit.o
         6          0          0          0          0        136   heapauxi.o
         0          0          0          0          0          0   indicate_semi.o
         2          0          0          0          0          0   libinit.o
         2          0          0          0          0          0   libinit2.o
         2          0          0          0          0          0   libshutdown.o
         2          0          0          0          0          0   libshutdown2.o
         8          4          0          0         96         68   libspace.o
        64          0          0          0          0        108   rt_memclr.o
         2          0          0          0          0          0   rtexit.o
        10          0          0          0          0          0   rtexit2.o
        12          4          0          0          0         60   sys_exit.o
        62          0          0          0          0         80   sys_stackheap_outer.o
         2          0          0          0          0         68   use_no_semi.o

    ----------------------------------------------------------------------
       748         22          0          0         96        816   Library Totals
        10          0          0          0          0          0   (incl. Padding)

    ----------------------------------------------------------------------

      Code (inc. data)   RO Data    RW Data    ZI Data      Debug   Library Name

       738         22          0          0         96        816   c_p.l

    ----------------------------------------------------------------------
       748         22          0          0         96        816   Library Totals

    ----------------------------------------------------------------------

==============================================================================


      Code (inc. data)   RO Data    RW Data    ZI Data      Debug   

      6180        240       3684        208       2224      69060   Grand Totals
      6180        240       3684        208       2224      69060   ELF Image Totals
      6180        240       3684        208          0          0   ROM Totals

==============================================================================

    Total RO  Size (Code + RO Data)                 9864 (   9.63kB)
    Total RW  Size (RW Data + ZI Data)              2432 (   2.38kB)
    Total ROM Size (Code + RO Data + RW Data)      10072 (   9.84kB)

==============================================================================

