<html>
<body>
<pre>
<h1>µVision Build Log</h1>
<h2>Tool Versions:</h2>
IDE-Version: µVision V5.40.0.0
Copyright (C) 2024 ARM Ltd and ARM Germany GmbH. All rights reserved.
License Information: Mahmoud Ahmed, Upwork, LIC=----
 
Tool Versions:
Toolchain:       MDK-Lite  Version: 5.40.0.3
Toolchain Path:  C:\Users\ADMIN\AppData\Local\Keil_v5\ARM\ARMCLANG\Bin
C Compiler:      ArmClang.exe V6.22
Assembler:       Armasm.exe V6.22
Linker/Locator:  ArmLink.exe V6.22
Library Manager: ArmAr.exe V6.22
Hex Converter:   FromElf.exe V6.22
CPU DLL:         SARMCM3.DLL V5.40.0.3
Dialog DLL:      DARMCM1.DLL V1.19.6.0
Target DLL:      STLink\ST-LINKIII-KEIL_SWO.dll V3.3.0.0
Dialog DLL:      TARMCM1.DLL V1.14.6.0
 
<h2>Project:</h2>
D:\E\UpWork\JOB 13\Breath_Analyzer_PY32F003x8\Breath_Analyzer_PY32F003x8.uvprojx
Project File Date:  09/30/2024

<h2>Output:</h2>
*** Using Compiler 'V6.22', folder: 'C:\Users\ADMIN\AppData\Local\Keil_v5\ARM\ARMCLANG\Bin'
Rebuild target 'Target 1'
compiling py32f0xx_hal_adc_ex.c...
compiling py32f0xx_hal_crc.c...
compiling py32f0xx_hal_adc.c...
compiling py32f0xx_hal_msp.c...
compiling py32f0xx_hal_comp.c...
compiling py32f0xx_hal.c...
compiling py32f0xx_it.c...
Drivers/PY32F0xx_HAL_Driver/Src/py32f0xx_hal_cortex.c(135): warning: unused parameter 'SubPriority' [-Wunused-parameter]
  135 | void HAL_NVIC_SetPriority(IRQn_Type IRQn, uint32_t PreemptPriority, uint32_t SubPriority)
      |                                                                              ^
1 warning generated.
compiling py32f0xx_hal_cortex.c...
compiling fonts.c...
compiling main.c...
compiling ssd1306.c...
compiling py32f0xx_hal_exti.c...
compiling py32f0xx_ll_adc.c...
compiling py32f0xx_hal_led.c...
compiling py32f0xx_ll_comp.c...
compiling py32f0xx_hal_tim.c...
compiling py32f0xx_hal_uart.c...
compiling py32f0xx_hal_gpio.c...
compiling py32f0xx_ll_crc.c...
compiling py32f0xx_hal_pwr.c...
compiling py32f0xx_ll_dma.c...
compiling py32f0xx_hal_rcc.c...
compiling py32f0xx_ll_exti.c...
compiling py32f0xx_ll_i2c.c...
compiling py32f0xx_ll_led.c...
compiling py32f0xx_ll_gpio.c...
compiling py32f0xx_ll_pwr.c...
compiling py32f0xx_ll_rcc.c...
compiling py32f0xx_ll_rtc.c...
compiling py32f0xx_ll_lptim.c...
compiling py32f0xx_ll_tim.c...
compiling py32f0xx_ll_spi.c...
compiling py32f0xx_hal_i2c.c...
compiling py32f0xx_hal_dma.c...
assembling startup_py32f003x8.s...
compiling system_py32f0xx.c...
linking...
Program Size: Code=8424 RO-data=2168 RW-data=212 ZI-data=2280  
".\Objects\Breath_Analyzer_PY32F003x8.axf" - 0 Error(s), 1 Warning(s).

<h2>Software Packages used:</h2>

Package Vendor: ARM
                https://www.keil.com/pack/ARM.CMSIS.6.1.0.pack
                ARM::CMSIS@6.1.0
                CMSIS (Common Microcontroller Software Interface Standard)
   * Component: CORE Version: 6.1.0

Package Vendor: Puya
                https://www.puyasemi.com/uploadfiles/Puya.PY32F0xx_DFP.1.2.1.pack
                Puya::PY32F0xx_DFP@1.2.1
                Puya PY32F0 Series Device Support
   * Component: Startup Version: 1.0.0

<h2>Collection of Component include folders:</h2>
  ./RTE/_Target_1
  C:/Users/ADMIN/AppData/Local/Arm/Packs/ARM/CMSIS/6.1.0/CMSIS/Core/Include
  C:/Users/ADMIN/AppData/Local/Arm/Packs/Puya/PY32F0xx_DFP/1.2.1/Drivers/CMSIS/Device/PY32F0xx/Include

<h2>Collection of Component Files used:</h2>

   * Component: ARM::CMSIS:CORE@6.1.0

   * Component: Puya::Device:Startup@1.0.0
      Source file:   Drivers/CMSIS/Device/PY32F0xx/Source/arm/startup_py32f003x8.s
      Include file:  Drivers/CMSIS/Device/PY32F0xx/Include/py32f0xx.h
      Source file:   Drivers/CMSIS/Device/PY32F0xx/Source/system_py32f0xx.c
Build Time Elapsed:  00:00:01
</pre>
</body>
</html>
